
*** Running vivado
    with args -log Top.vdi -applog -m64 -product Vivado -messageDb vivado.pb -mode batch -source Top.tcl -notrace


****** Vivado v2024.1 (64-bit)
  **** SW Build 5076996 on Wed May 22 18:36:09 MDT 2024
  **** IP Build 5075265 on Wed May 22 21:45:21 MDT 2024
  **** SharedData Build 5076995 on Wed May 22 18:29:18 MDT 2024
  **** Start of session at: Wed Nov 26 14:48:21 2025
    ** Copyright 1986-2022 Xilinx, Inc. All Rights Reserved.
    ** Copyright 2022-2024 Advanced Micro Devices, Inc. All Rights Reserved.

source Top.tcl -notrace
create_project: Time (s): cpu = 00:00:06 ; elapsed = 00:00:06 . Memory (MB): peak = 1416.898 ; gain = 0.027 ; free physical = 6881 ; free virtual = 16494
INFO: [IP_Flow 19-234] Refreshing IP repositories
WARNING: [IP_Flow 19-2248] Failed to load user IP repository '/home/work/Xilinx/Vivado/2024.2/data/ip'; Can't find the specified path.
If this directory should no longer be in your list of user repositories, go to the IP Settings dialog and remove it.
WARNING: [IP_Flow 19-2248] Failed to load user IP repository '/home/primary/vivado-library/ip'; Can't find the specified path.
If this directory should no longer be in your list of user repositories, go to the IP Settings dialog and remove it.
INFO: [IP_Flow 19-2313] Loaded Vivado IP repository '/home/jsp/Storage/Vivado/2024.1/data/ip'.
Command: link_design -top Top -part xc7z020clg400-1 -reconfig_partitions cfu_system/Cfu/cfu_inst
Design is defaulting to srcset: sources_1
Design is defaulting to constrset: constrs_1
INFO: [Device 21-403] Loading part xc7z020clg400-1
INFO: [Device 21-9227] Part: xc7z020clg400-1 does not have CEAM library.
INFO: [Project 1-454] Reading design checkpoint '/home/jsp/Storage/CFU_PYNQ_FIles/CFU_SRC/pynq_z2/pynq_z2/arunQAFDHGDZXVNBDXG_gae.runs/Shift_Mul_synth_1/cfu_compute.dcp' for cell 'cfu_system/Cfu/cfu_inst'
Netlist sorting complete. Time (s): cpu = 00:00:00.07 ; elapsed = 00:00:00.07 . Memory (MB): peak = 1804.750 ; gain = 0.000 ; free physical = 6464 ; free virtual = 16090
INFO: [Netlist 29-17] Analyzing 299 Unisim elements for replacement
INFO: [Netlist 29-28] Unisim Transformation completed in 0 CPU seconds
INFO: [Project 1-479] Netlist was created with Vivado 2024.1
INFO: [Project 1-570] Preparing netlist for logic optimization
Parsing XDC File [/home/jsp/Storage/CFU_PYNQ_FIles/CFU_SRC/pynq_z2/pynq_z2/arunQAFDHGDZXVNBDXG_gae.runs/impl_1/Top_routed_bb/Top_board.xdc]
Finished Parsing XDC File [/home/jsp/Storage/CFU_PYNQ_FIles/CFU_SRC/pynq_z2/pynq_z2/arunQAFDHGDZXVNBDXG_gae.runs/impl_1/Top_routed_bb/Top_board.xdc]
Parsing XDC File [/home/jsp/Storage/CFU_PYNQ_FIles/CFU_SRC/pynq_z2/pynq_z2/arunQAFDHGDZXVNBDXG_gae.runs/impl_1/Top_routed_bb/Top_early.xdc]
Finished Parsing XDC File [/home/jsp/Storage/CFU_PYNQ_FIles/CFU_SRC/pynq_z2/pynq_z2/arunQAFDHGDZXVNBDXG_gae.runs/impl_1/Top_routed_bb/Top_early.xdc]
Parsing XDC File [/home/jsp/Storage/CFU_PYNQ_FIles/CFU_SRC/pynq_z2/pynq_z2/arunQAFDHGDZXVNBDXG_gae.runs/impl_1/Top_routed_bb/Top.xdc]
INFO: [Timing 38-35] Done setting XDC timing constraints. [/home/jsp/Storage/CFU_PYNQ_FIles/CFU_SRC/pynq_z2/pynq_z2/arunQAFDHGDZXVNBDXG_gae.runs/impl_1/.Xil/Vivado-346230-jsp-H370M-D3H/dbg_hub_CV.0/out/xsdbm_cc_late_late.xdc:7]
INFO: [Timing 38-2] Deriving generated clocks [/home/jsp/Storage/CFU_PYNQ_FIles/CFU_SRC/pynq_z2/pynq_z2/arunQAFDHGDZXVNBDXG_gae.runs/impl_1/.Xil/Vivado-346230-jsp-H370M-D3H/dbg_hub_CV.0/out/xsdbm_cc_late_late.xdc:7]
all_fanout: Time (s): cpu = 00:00:06 ; elapsed = 00:00:06 . Memory (MB): peak = 2505.137 ; gain = 488.672 ; free physical = 5956 ; free virtual = 15582
Finished Parsing XDC File [/home/jsp/Storage/CFU_PYNQ_FIles/CFU_SRC/pynq_z2/pynq_z2/arunQAFDHGDZXVNBDXG_gae.runs/impl_1/Top_routed_bb/Top.xdc]
Parsing XDC File [/home/jsp/Storage/CFU_PYNQ_FIles/CFU_SRC/pynq_z2/pynq_z2/arunQAFDHGDZXVNBDXG_gae.runs/impl_1/Top_routed_bb/Top_late.xdc]
Finished Parsing XDC File [/home/jsp/Storage/CFU_PYNQ_FIles/CFU_SRC/pynq_z2/pynq_z2/arunQAFDHGDZXVNBDXG_gae.runs/impl_1/Top_routed_bb/Top_late.xdc]
INFO: [Designutils 20-5722] Start Reading Physical Databases.
Reading placement.
Read Netlist Cache: Time (s): cpu = 00:00:00.01 ; elapsed = 00:00:00.01 . Memory (MB): peak = 2505.137 ; gain = 0.000 ; free physical = 5948 ; free virtual = 15574
Reading placer database...
Read Device Cache: Time (s): cpu = 00:00:00.01 ; elapsed = 00:00:00.01 . Memory (MB): peak = 2505.137 ; gain = 0.000 ; free physical = 5946 ; free virtual = 15572
Read PlaceDB: Time (s): cpu = 00:00:00.32 ; elapsed = 00:00:00.33 . Memory (MB): peak = 2505.137 ; gain = 0.000 ; free physical = 5930 ; free virtual = 15556
Read PulsedLatchDB: Time (s): cpu = 00:00:00 ; elapsed = 00:00:00 . Memory (MB): peak = 2505.137 ; gain = 0.000 ; free physical = 5930 ; free virtual = 15556
Reading routing.
Read RouteStorage: Time (s): cpu = 00:00:00.11 ; elapsed = 00:00:00.11 . Memory (MB): peak = 2509.137 ; gain = 4.000 ; free physical = 5930 ; free virtual = 15556
Read Physdb Files: Time (s): cpu = 00:00:00.45 ; elapsed = 00:00:00.46 . Memory (MB): peak = 2509.137 ; gain = 4.000 ; free physical = 5930 ; free virtual = 15556
Restored from archive | CPU: 0.460000 secs | Memory: 11.434967 MB |
Finished XDEF File Restore: Time (s): cpu = 00:00:00.45 ; elapsed = 00:00:00.46 . Memory (MB): peak = 2509.137 ; gain = 4.000 ; free physical = 5930 ; free virtual = 15556
WARNING: [XPM_CDC_SINGLE: TCL-1000] The source and destination clocks are the same. 
     Instance: cfu_system/Cfu/cfu_decoupler_inst/U0/b_cfu_output.i_cdc 
  This will add unnecessary latency to the design. Please check the design for the following: 
 1) Manually instantiated XPM_CDC modules: AMD recommends that you remove these modules. 
 2) AMD IP that contains XPM_CDC modules: Verify the connections to the IP to determine whether you can safely ignore this message.
 [/home/jsp/Storage/Vivado/2024.1/data/ip/xpm/xpm_cdc/tcl/xpm_cdc_single.tcl:5]
WARNING: [XPM_CDC_SINGLE: TCL-1000] The source and destination clocks are the same. 
     Instance: cfu_system/Cfu/cfu_decoupler_inst/U0/b_cfu_inputs.i_cdc 
  This will add unnecessary latency to the design. Please check the design for the following: 
 1) Manually instantiated XPM_CDC modules: AMD recommends that you remove these modules. 
 2) AMD IP that contains XPM_CDC modules: Verify the connections to the IP to determine whether you can safely ignore this message.
 [/home/jsp/Storage/Vivado/2024.1/data/ip/xpm/xpm_cdc/tcl/xpm_cdc_single.tcl:5]
INFO: [Project 1-1714] 2 XPM XDC files have been applied to the design.
INFO: [Opt 31-138] Pushed 0 inverter(s) to 0 load pin(s).
Netlist sorting complete. Time (s): cpu = 00:00:00 ; elapsed = 00:00:00 . Memory (MB): peak = 2509.137 ; gain = 0.000 ; free physical = 5932 ; free virtual = 15558
INFO: [Project 1-111] Unisim Transformation Summary:
  A total of 44 instances were transformed.
  CFGLUT5 => CFGLUT5 (SRL16E, SRLC32E): 32 instances
  RAM32M => RAM32M (RAMD32(x6), RAMS32(x2)): 8 instances
  RAM32X1D => RAM32X1D (RAMD32(x2)): 4 instances

15 Infos, 4 Warnings, 0 Critical Warnings and 0 Errors encountered.
link_design completed successfully
link_design: Time (s): cpu = 00:00:15 ; elapsed = 00:00:14 . Memory (MB): peak = 2509.137 ; gain = 1092.238 ; free physical = 5932 ; free virtual = 15558
Command: opt_design
Attempting to get a license for feature 'Implementation' and/or device 'xc7z020'
INFO: [Common 17-349] Got license for feature 'Implementation' and/or device 'xc7z020'
Running DRC as a precondition to command opt_design

Starting DRC Task
INFO: [DRC 23-27] Running DRC with 8 threads
INFO: [Project 1-461] DRC finished with 0 Errors
INFO: [Project 1-462] Please refer to the DRC report (report_drc) for more information.

Time (s): cpu = 00:00:01 ; elapsed = 00:00:00.62 . Memory (MB): peak = 2573.168 ; gain = 64.031 ; free physical = 5907 ; free virtual = 15533

Starting Cache Timing Information Task
INFO: [Timing 38-35] Done setting XDC timing constraints.
Ending Cache Timing Information Task | Checksum: 29fb33939

Time (s): cpu = 00:00:00.48 ; elapsed = 00:00:00.2 . Memory (MB): peak = 2573.168 ; gain = 0.000 ; free physical = 5907 ; free virtual = 15533

Starting Logic Optimization Task

Phase 1 Initialization

Phase 1.1 Core Generation And Design Setup
Phase 1.1 Core Generation And Design Setup | Checksum: 2872fa103

Time (s): cpu = 00:00:01 ; elapsed = 00:00:00.37 . Memory (MB): peak = 2882.906 ; gain = 24.012 ; free physical = 5594 ; free virtual = 15220

Phase 1.2 Setup Constraints And Sort Netlist
Phase 1.2 Setup Constraints And Sort Netlist | Checksum: 2963090fc

Time (s): cpu = 00:00:01 ; elapsed = 00:00:00.41 . Memory (MB): peak = 2882.906 ; gain = 24.012 ; free physical = 5594 ; free virtual = 15220
Phase 1 Initialization | Checksum: 2963090fc

Time (s): cpu = 00:00:01 ; elapsed = 00:00:00.44 . Memory (MB): peak = 2882.906 ; gain = 24.012 ; free physical = 5594 ; free virtual = 15220

Phase 2 Timer Update And Timing Data Collection

Phase 2.1 Timer Update
Phase 2.1 Timer Update | Checksum: 2963090fc

Time (s): cpu = 00:00:01 ; elapsed = 00:00:00.55 . Memory (MB): peak = 2882.906 ; gain = 24.012 ; free physical = 5586 ; free virtual = 15212

Phase 2.2 Timing Data Collection
Phase 2.2 Timing Data Collection | Checksum: 2963090fc

Time (s): cpu = 00:00:02 ; elapsed = 00:00:00.59 . Memory (MB): peak = 2882.906 ; gain = 24.012 ; free physical = 5586 ; free virtual = 15212
Phase 2 Timer Update And Timing Data Collection | Checksum: 2963090fc

Time (s): cpu = 00:00:02 ; elapsed = 00:00:00.63 . Memory (MB): peak = 2882.906 ; gain = 24.012 ; free physical = 5586 ; free virtual = 15212

Phase 3 Retarget
INFO: [Opt 31-1834] Total Chains To Be Transformed Were: 0 AND Number of Transformed insts Created are: 0
INFO: [Opt 31-138] Pushed 0 inverter(s) to 0 load pin(s).
INFO: [Opt 31-49] Retargeted 0 cell(s).
Phase 3 Retarget | Checksum: 1d27f1d6b

Time (s): cpu = 00:00:02 ; elapsed = 00:00:00.86 . Memory (MB): peak = 2882.906 ; gain = 24.012 ; free physical = 5586 ; free virtual = 15212
Retarget | Checksum: 1d27f1d6b
INFO: [Opt 31-389] Phase Retarget created 30 cells and removed 32 cells
INFO: [Opt 31-1021] In phase Retarget, 713 netlist objects are constrained preventing optimization. Please run opt_design with -debug_log to get more detail. 

Phase 4 Constant propagation
INFO: [Opt 31-138] Pushed 0 inverter(s) to 0 load pin(s).
Phase 4 Constant propagation | Checksum: 1b244d82e

Time (s): cpu = 00:00:02 ; elapsed = 00:00:00.99 . Memory (MB): peak = 2882.906 ; gain = 24.012 ; free physical = 5586 ; free virtual = 15212
Constant propagation | Checksum: 1b244d82e
INFO: [Opt 31-389] Phase Constant propagation created 0 cells and removed 127 cells
INFO: [Opt 31-1021] In phase Constant propagation, 7 netlist objects are constrained preventing optimization. Please run opt_design with -debug_log to get more detail. 

Phase 5 Sweep
Phase 5 Sweep | Checksum: 20786ff00

Time (s): cpu = 00:00:02 ; elapsed = 00:00:01 . Memory (MB): peak = 2882.906 ; gain = 24.012 ; free physical = 5588 ; free virtual = 15214
Sweep | Checksum: 20786ff00
INFO: [Opt 31-389] Phase Sweep created 0 cells and removed 1 cells
INFO: [Opt 31-1021] In phase Sweep, 42038 netlist objects are constrained preventing optimization. Please run opt_design with -debug_log to get more detail. 

Phase 6 BUFG optimization
Phase 6 BUFG optimization | Checksum: 20786ff00

Time (s): cpu = 00:00:02 ; elapsed = 00:00:01 . Memory (MB): peak = 2882.906 ; gain = 24.012 ; free physical = 5587 ; free virtual = 15214
BUFG optimization | Checksum: 20786ff00
INFO: [Opt 31-662] Phase BUFG optimization created 0 cells of which 0 are BUFGs and removed 0 cells.
INFO: [Opt 31-1021] In phase BUFG optimization, 7 netlist objects are constrained preventing optimization. Please run opt_design with -debug_log to get more detail. 

Phase 7 Shift Register Optimization
INFO: [Opt 31-1064] SRL Remap converted 0 SRLs to 0 registers and converted 0 registers of register chains to 0 SRLs
Phase 7 Shift Register Optimization | Checksum: 20786ff00

Time (s): cpu = 00:00:02 ; elapsed = 00:00:01 . Memory (MB): peak = 2882.906 ; gain = 24.012 ; free physical = 5587 ; free virtual = 15214
Shift Register Optimization | Checksum: 20786ff00
INFO: [Opt 31-389] Phase Shift Register Optimization created 0 cells and removed 0 cells

Phase 8 Post Processing Netlist
Phase 8 Post Processing Netlist | Checksum: 20786ff00

Time (s): cpu = 00:00:03 ; elapsed = 00:00:02 . Memory (MB): peak = 2882.906 ; gain = 24.012 ; free physical = 5587 ; free virtual = 15214
Post Processing Netlist | Checksum: 20786ff00
INFO: [Opt 31-389] Phase Post Processing Netlist created 0 cells and removed 0 cells
INFO: [Opt 31-1021] In phase Post Processing Netlist, 13 netlist objects are constrained preventing optimization. Please run opt_design with -debug_log to get more detail. 

Phase 9 Finalization

Phase 9.1 Finalizing Design Cores and Updating Shapes
Phase 9.1 Finalizing Design Cores and Updating Shapes | Checksum: 1ded034fe

Time (s): cpu = 00:00:03 ; elapsed = 00:00:02 . Memory (MB): peak = 2882.906 ; gain = 24.012 ; free physical = 5587 ; free virtual = 15214

Phase 9.2 Verifying Netlist Connectivity

Starting Connectivity Check Task

Time (s): cpu = 00:00:00.01 ; elapsed = 00:00:00.01 . Memory (MB): peak = 2882.906 ; gain = 0.000 ; free physical = 5587 ; free virtual = 15214
Phase 9.2 Verifying Netlist Connectivity | Checksum: 1ded034fe

Time (s): cpu = 00:00:03 ; elapsed = 00:00:02 . Memory (MB): peak = 2882.906 ; gain = 24.012 ; free physical = 5587 ; free virtual = 15214
Phase 9 Finalization | Checksum: 1ded034fe

Time (s): cpu = 00:00:03 ; elapsed = 00:00:02 . Memory (MB): peak = 2882.906 ; gain = 24.012 ; free physical = 5587 ; free virtual = 15214
Opt_design Change Summary
=========================


-------------------------------------------------------------------------------------------------------------------------
|  Phase                        |  #Cells created  |  #Cells Removed  |  #Constrained objects preventing optimizations  |
-------------------------------------------------------------------------------------------------------------------------
|  Retarget                     |              30  |              32  |                                            713  |
|  Constant propagation         |               0  |             127  |                                              7  |
|  Sweep                        |               0  |               1  |                                          42038  |
|  BUFG optimization            |               0  |               0  |                                              7  |
|  Shift Register Optimization  |               0  |               0  |                                              0  |
|  Post Processing Netlist      |               0  |               0  |                                             13  |
-------------------------------------------------------------------------------------------------------------------------


Ending Logic Optimization Task | Checksum: 1ded034fe

Time (s): cpu = 00:00:03 ; elapsed = 00:00:02 . Memory (MB): peak = 2882.906 ; gain = 24.012 ; free physical = 5587 ; free virtual = 15214

Starting Power Optimization Task
INFO: [Pwropt 34-132] Skipping clock gating for clocks with a period < 2.00 ns.
INFO: [Pwropt 34-232] Skipping BRAM gating because all BRAMs are in high frequency (i.e. period < 3.12 ns) clock domains.
INFO: [Pwropt 34-162] WRITE_MODE attribute of 0 BRAM(s) out of a total of 20 has been updated to save power. Run report_power_opt to get a complete listing of the BRAMs updated.
Ending Power Optimization Task | Checksum: 1ded034fe

Time (s): cpu = 00:00:00.2 ; elapsed = 00:00:00.19 . Memory (MB): peak = 2922.895 ; gain = 39.988 ; free physical = 5564 ; free virtual = 15190

Starting Final Cleanup Task
Ending Final Cleanup Task | Checksum: 1ded034fe

Time (s): cpu = 00:00:00.04 ; elapsed = 00:00:00.03 . Memory (MB): peak = 2922.895 ; gain = 0.000 ; free physical = 5564 ; free virtual = 15190

Starting Netlist Obfuscation Task
Netlist sorting complete. Time (s): cpu = 00:00:00.01 ; elapsed = 00:00:00.01 . Memory (MB): peak = 2922.895 ; gain = 0.000 ; free physical = 5564 ; free virtual = 15190
Ending Netlist Obfuscation Task | Checksum: 1ded034fe

Time (s): cpu = 00:00:00.05 ; elapsed = 00:00:00.04 . Memory (MB): peak = 2922.895 ; gain = 0.000 ; free physical = 5564 ; free virtual = 15190
INFO: [Common 17-83] Releasing license: Implementation
40 Infos, 4 Warnings, 0 Critical Warnings and 0 Errors encountered.
opt_design completed successfully
INFO: [Vivado 12-24828] Executing command : report_drc -file Top_drc_opted.rpt -pb Top_drc_opted.pb -rpx Top_drc_opted.rpx
Command: report_drc -file Top_drc_opted.rpt -pb Top_drc_opted.pb -rpx Top_drc_opted.rpx
INFO: [IP_Flow 19-1839] IP Catalog is up to date.
INFO: [DRC 23-27] Running DRC with 8 threads
INFO: [Vivado_Tcl 2-168] The results of DRC are in file /home/jsp/Storage/CFU_PYNQ_FIles/CFU_SRC/pynq_z2/pynq_z2/arunQAFDHGDZXVNBDXG_gae.runs/child_0_impl_1/Top_drc_opted.rpt.
report_drc completed successfully
INFO: [Timing 38-35] Done setting XDC timing constraints.
INFO: [Timing 38-480] Writing timing data to binary archive.
Write ShapeDB Complete: Time (s): cpu = 00:00:00.04 ; elapsed = 00:00:00.01 . Memory (MB): peak = 3010.938 ; gain = 0.000 ; free physical = 5550 ; free virtual = 15177
Wrote PlaceDB: Time (s): cpu = 00:00:01 ; elapsed = 00:00:00.37 . Memory (MB): peak = 3010.938 ; gain = 0.000 ; free physical = 5519 ; free virtual = 15158
Wrote PulsedLatchDB: Time (s): cpu = 00:00:00 ; elapsed = 00:00:00 . Memory (MB): peak = 3010.938 ; gain = 0.000 ; free physical = 5519 ; free virtual = 15158
Writing XDEF routing.
Writing XDEF routing logical nets.
Writing XDEF routing special nets.
Wrote RouteStorage: Time (s): cpu = 00:00:00.27 ; elapsed = 00:00:00.11 . Memory (MB): peak = 3010.938 ; gain = 0.000 ; free physical = 5511 ; free virtual = 15152
Wrote Netlist Cache: Time (s): cpu = 00:00:00.01 ; elapsed = 00:00:00.01 . Memory (MB): peak = 3010.938 ; gain = 0.000 ; free physical = 5511 ; free virtual = 15153
Wrote Device Cache: Time (s): cpu = 00:00:00 ; elapsed = 00:00:00.01 . Memory (MB): peak = 3010.938 ; gain = 0.000 ; free physical = 5511 ; free virtual = 15154
Write Physdb Complete: Time (s): cpu = 00:00:01 ; elapsed = 00:00:00.51 . Memory (MB): peak = 3010.938 ; gain = 0.000 ; free physical = 5511 ; free virtual = 15154
INFO: [Common 17-1381] The checkpoint '/home/jsp/Storage/CFU_PYNQ_FIles/CFU_SRC/pynq_z2/pynq_z2/arunQAFDHGDZXVNBDXG_gae.runs/child_0_impl_1/Top_opt.dcp' has been generated.
INFO: [Chipscope 16-240] Debug cores have already been implemented
Command: place_design
Attempting to get a license for feature 'Implementation' and/or device 'xc7z020'
INFO: [Common 17-349] Got license for feature 'Implementation' and/or device 'xc7z020'
INFO: [Common 17-83] Releasing license: Implementation
INFO: [DRC 23-27] Running DRC with 8 threads
INFO: [Vivado_Tcl 4-198] DRC finished with 0 Errors
INFO: [Vivado_Tcl 4-199] Please refer to the DRC report (report_drc) for more information.
Running DRC as a precondition to command place_design
INFO: [DRC 23-27] Running DRC with 8 threads
INFO: [Vivado_Tcl 4-198] DRC finished with 0 Errors
INFO: [Vivado_Tcl 4-199] Please refer to the DRC report (report_drc) for more information.
INFO: [Place 30-611] Multithreading enabled for place_design using a maximum of 8 CPUs

Starting Placer Task

Phase 1 Placer Initialization

Phase 1.1 Placer Initialization Netlist Sorting
Netlist sorting complete. Time (s): cpu = 00:00:00 ; elapsed = 00:00:00 . Memory (MB): peak = 3010.938 ; gain = 0.000 ; free physical = 5506 ; free virtual = 15137
Phase 1.1 Placer Initialization Netlist Sorting | Checksum: 18826beb6

Time (s): cpu = 00:00:00.07 ; elapsed = 00:00:00.07 . Memory (MB): peak = 3010.938 ; gain = 0.000 ; free physical = 5506 ; free virtual = 15137
Netlist sorting complete. Time (s): cpu = 00:00:00 ; elapsed = 00:00:00 . Memory (MB): peak = 3010.938 ; gain = 0.000 ; free physical = 5506 ; free virtual = 15137

Phase 1.2 IO Placement/ Clock Placement/ Build Placer Device
WARNING: [Constraints 18-8777] Unable to split tiles. All required files are not available.
Phase 1.2 IO Placement/ Clock Placement/ Build Placer Device | Checksum: 166033283

Time (s): cpu = 00:00:01 ; elapsed = 00:00:01 . Memory (MB): peak = 3010.938 ; gain = 0.000 ; free physical = 5504 ; free virtual = 15136

Phase 1.3 Build Placer Netlist Model
Phase 1.3 Build Placer Netlist Model | Checksum: 28eee23ea

Time (s): cpu = 00:00:05 ; elapsed = 00:00:02 . Memory (MB): peak = 3010.938 ; gain = 0.000 ; free physical = 5504 ; free virtual = 15136

Phase 1.4 Constrain Clocks/Macros
Phase 1.4 Constrain Clocks/Macros | Checksum: 28eee23ea

Time (s): cpu = 00:00:05 ; elapsed = 00:00:02 . Memory (MB): peak = 3010.938 ; gain = 0.000 ; free physical = 5504 ; free virtual = 15136
Phase 1 Placer Initialization | Checksum: 28eee23ea

Time (s): cpu = 00:00:05 ; elapsed = 00:00:02 . Memory (MB): peak = 3010.938 ; gain = 0.000 ; free physical = 5504 ; free virtual = 15136

Phase 2 Global Placement

Phase 2.1 Floorplanning
Phase 2.1 Floorplanning | Checksum: 2cad79ce2

Time (s): cpu = 00:00:06 ; elapsed = 00:00:03 . Memory (MB): peak = 3010.938 ; gain = 0.000 ; free physical = 5509 ; free virtual = 15141

Phase 2.2 Update Timing before SLR Path Opt
Phase 2.2 Update Timing before SLR Path Opt | Checksum: 1d2440f24

Time (s): cpu = 00:00:07 ; elapsed = 00:00:03 . Memory (MB): peak = 3010.938 ; gain = 0.000 ; free physical = 5509 ; free virtual = 15141

Phase 2.3 Post-Processing in Floorplanning
Phase 2.3 Post-Processing in Floorplanning | Checksum: 1d2440f24

Time (s): cpu = 00:00:08 ; elapsed = 00:00:03 . Memory (MB): peak = 3010.938 ; gain = 0.000 ; free physical = 5509 ; free virtual = 15141

Phase 2.4 Global Placement Core

Phase 2.4.1 UpdateTiming Before Physical Synthesis
Phase 2.4.1 UpdateTiming Before Physical Synthesis | Checksum: 1ecd5ccf7

Time (s): cpu = 00:00:10 ; elapsed = 00:00:04 . Memory (MB): peak = 3010.938 ; gain = 0.000 ; free physical = 5506 ; free virtual = 15138

Phase 2.4.2 Physical Synthesis In Placer
INFO: [Physopt 32-1044] Break lutnm for timing: one critical 0, two critical 0, total 0, new lutff created 0
INFO: [Physopt 32-1138] End 1 Pass. Optimized 0 net or LUT. Breaked 0 LUT, combined 0 existing LUT and moved 0 existing LUT
INFO: [Physopt 32-65] No nets found for high-fanout optimization.
INFO: [Physopt 32-232] Optimized 0 net. Created 0 new instance.
INFO: [Physopt 32-775] End 1 Pass. Optimized 0 net or cell. Created 0 new cell, deleted 0 existing cell and moved 0 existing cell
INFO: [Physopt 32-896] DSP cfu_system/VexRiscv/execute_to_memory_MUL_HL_reg is not considered for optimization due to don't touch constraint
INFO: [Physopt 32-896] DSP cfu_system/VexRiscv/execute_to_memory_MUL_LH_reg is not considered for optimization due to don't touch constraint
INFO: [Physopt 32-896] DSP cfu_system/VexRiscv/execute_to_memory_MUL_LL_reg is not considered for optimization due to don't touch constraint
INFO: [Physopt 32-896] DSP cfu_system/VexRiscv/memory_to_writeBack_MUL_HH_reg is not considered for optimization due to don't touch constraint
INFO: [Physopt 32-456] No candidate cells for DSP register optimization found in the design.
INFO: [Physopt 32-775] End 2 Pass. Optimized 0 net or cell. Created 0 new cell, deleted 0 existing cell and moved 0 existing cell
INFO: [Physopt 32-1123] No candidate cells found for Shift Register to Pipeline optimization
INFO: [Physopt 32-775] End 2 Pass. Optimized 0 net or cell. Created 0 new cell, deleted 0 existing cell and moved 0 existing cell
INFO: [Physopt 32-1401] No candidate cells found for Shift Register optimization.
INFO: [Physopt 32-677] No candidate cells for Shift Register optimization found in the design
INFO: [Physopt 32-775] End 1 Pass. Optimized 0 net or cell. Created 0 new cell, deleted 0 existing cell and moved 0 existing cell
INFO: [Physopt 32-526] No candidate cells for BRAM register optimization found in the design
INFO: [Physopt 32-775] End 1 Pass. Optimized 0 net or cell. Created 0 new cell, deleted 0 existing cell and moved 0 existing cell
INFO: [Physopt 32-846] No candidate cells for URAM register optimization found in the design
INFO: [Physopt 32-775] End 1 Pass. Optimized 0 net or cell. Created 0 new cell, deleted 0 existing cell and moved 0 existing cell
INFO: [Physopt 32-846] No candidate cells for URAM register optimization found in the design
INFO: [Physopt 32-775] End 1 Pass. Optimized 0 net or cell. Created 0 new cell, deleted 0 existing cell and moved 0 existing cell
INFO: [Physopt 32-949] No candidate nets found for dynamic/static region interface net replication
INFO: [Physopt 32-775] End 1 Pass. Optimized 0 net or cell. Created 0 new cell, deleted 0 existing cell and moved 0 existing cell
Netlist sorting complete. Time (s): cpu = 00:00:00 ; elapsed = 00:00:00 . Memory (MB): peak = 3010.938 ; gain = 0.000 ; free physical = 5507 ; free virtual = 15139

Summary of Physical Synthesis Optimizations
============================================


-----------------------------------------------------------------------------------------------------------------------------------------------------------
|  Optimization                                     |  Added Cells  |  Removed Cells  |  Optimized Cells/Nets  |  Dont Touch  |  Iterations  |  Elapsed   |
-----------------------------------------------------------------------------------------------------------------------------------------------------------
|  LUT Combining                                    |            0  |              0  |                     0  |           0  |           1  |  00:00:00  |
|  Retime                                           |            0  |              0  |                     0  |           0  |           1  |  00:00:00  |
|  Very High Fanout                                 |            0  |              0  |                     0  |           0  |           1  |  00:00:00  |
|  DSP Register                                     |            0  |              0  |                     0  |           4  |           1  |  00:00:00  |
|  Shift Register to Pipeline                       |            0  |              0  |                     0  |           0  |           1  |  00:00:00  |
|  Shift Register                                   |            0  |              0  |                     0  |           0  |           1  |  00:00:00  |
|  BRAM Register                                    |            0  |              0  |                     0  |          20  |           1  |  00:00:00  |
|  URAM Register                                    |            0  |              0  |                     0  |           0  |           1  |  00:00:00  |
|  Dynamic/Static Region Interface Net Replication  |            0  |              0  |                     0  |           0  |           1  |  00:00:00  |
|  Total                                            |            0  |              0  |                     0  |          24  |           9  |  00:00:00  |
-----------------------------------------------------------------------------------------------------------------------------------------------------------


Phase 2.4.2 Physical Synthesis In Placer | Checksum: 1ecd5ccf7

Time (s): cpu = 00:00:11 ; elapsed = 00:00:04 . Memory (MB): peak = 3010.938 ; gain = 0.000 ; free physical = 5507 ; free virtual = 15139
Phase 2.4 Global Placement Core | Checksum: 2b61dc3e9

Time (s): cpu = 00:00:12 ; elapsed = 00:00:04 . Memory (MB): peak = 3010.938 ; gain = 0.000 ; free physical = 5506 ; free virtual = 15138
Phase 2 Global Placement | Checksum: 2b61dc3e9

Time (s): cpu = 00:00:12 ; elapsed = 00:00:04 . Memory (MB): peak = 3010.938 ; gain = 0.000 ; free physical = 5506 ; free virtual = 15138

Phase 3 Detail Placement

Phase 3.1 Commit Multi Column Macros
Phase 3.1 Commit Multi Column Macros | Checksum: 29a8c9106

Time (s): cpu = 00:00:12 ; elapsed = 00:00:05 . Memory (MB): peak = 3010.938 ; gain = 0.000 ; free physical = 5506 ; free virtual = 15138

Phase 3.2 Commit Most Macros & LUTRAMs
Phase 3.2 Commit Most Macros & LUTRAMs | Checksum: 28e069949

Time (s): cpu = 00:00:12 ; elapsed = 00:00:05 . Memory (MB): peak = 3010.938 ; gain = 0.000 ; free physical = 5507 ; free virtual = 15139

Phase 3.3 Area Swap Optimization
Phase 3.3 Area Swap Optimization | Checksum: 2ace81a48

Time (s): cpu = 00:00:13 ; elapsed = 00:00:05 . Memory (MB): peak = 3010.938 ; gain = 0.000 ; free physical = 5507 ; free virtual = 15139

Phase 3.4 Pipeline Register Optimization
Phase 3.4 Pipeline Register Optimization | Checksum: 2ace81a48

Time (s): cpu = 00:00:13 ; elapsed = 00:00:05 . Memory (MB): peak = 3010.938 ; gain = 0.000 ; free physical = 5507 ; free virtual = 15139

Phase 3.5 Fast Optimization
Phase 3.5 Fast Optimization | Checksum: 2166b8784

Time (s): cpu = 00:00:15 ; elapsed = 00:00:05 . Memory (MB): peak = 3010.938 ; gain = 0.000 ; free physical = 5507 ; free virtual = 15139

Phase 3.6 Small Shape Detail Placement
Phase 3.6 Small Shape Detail Placement | Checksum: 25a16c4f0

Time (s): cpu = 00:00:15 ; elapsed = 00:00:06 . Memory (MB): peak = 3010.938 ; gain = 0.000 ; free physical = 5506 ; free virtual = 15138

Phase 3.7 Re-assign LUT pins
Phase 3.7 Re-assign LUT pins | Checksum: 25a16c4f0

Time (s): cpu = 00:00:15 ; elapsed = 00:00:06 . Memory (MB): peak = 3010.938 ; gain = 0.000 ; free physical = 5506 ; free virtual = 15138

Phase 3.8 Pipeline Register Optimization
Phase 3.8 Pipeline Register Optimization | Checksum: 25a16c4f0

Time (s): cpu = 00:00:15 ; elapsed = 00:00:06 . Memory (MB): peak = 3010.938 ; gain = 0.000 ; free physical = 5506 ; free virtual = 15138

Phase 3.9 Fast Optimization
Phase 3.9 Fast Optimization | Checksum: 1e55ef662

Time (s): cpu = 00:00:18 ; elapsed = 00:00:06 . Memory (MB): peak = 3010.938 ; gain = 0.000 ; free physical = 5508 ; free virtual = 15140
Phase 3 Detail Placement | Checksum: 1e55ef662

Time (s): cpu = 00:00:18 ; elapsed = 00:00:06 . Memory (MB): peak = 3010.938 ; gain = 0.000 ; free physical = 5508 ; free virtual = 15140

Phase 4 Post Placement Optimization and Clean-Up

Phase 4.1 Post Commit Optimization
INFO: [Timing 38-35] Done setting XDC timing constraints.

Phase 4.1.1 Post Placement Optimization
Post Placement Optimization Initialization | Checksum: 28d42598c

Phase 4.1.1.1 BUFG Insertion

Starting Physical Synthesis Task

Phase 1 Physical Synthesis Initialization
INFO: [Physopt 32-721] Multithreading enabled for phys_opt_design using a maximum of 8 CPUs
INFO: [Physopt 32-619] Estimated Timing Summary | WNS=-3.082 | TNS=-3.082 |
Phase 1 Physical Synthesis Initialization | Checksum: 1b0c4b83d

Time (s): cpu = 00:00:00.53 ; elapsed = 00:00:00.2 . Memory (MB): peak = 3010.938 ; gain = 0.000 ; free physical = 5508 ; free virtual = 15140
INFO: [Place 46-56] BUFG insertion identified 0 candidate nets. Inserted BUFG: 0, Replicated BUFG Driver: 0, Skipped due to Placement/Routing Conflicts: 0, Skipped due to Timing Degradation: 0, Skipped due to netlist editing failed: 0.
Ending Physical Synthesis Task | Checksum: 239a34941

Time (s): cpu = 00:00:00.59 ; elapsed = 00:00:00.25 . Memory (MB): peak = 3010.938 ; gain = 0.000 ; free physical = 5508 ; free virtual = 15140
Phase 4.1.1.1 BUFG Insertion | Checksum: 28d42598c

Time (s): cpu = 00:00:21 ; elapsed = 00:00:07 . Memory (MB): peak = 3010.938 ; gain = 0.000 ; free physical = 5508 ; free virtual = 15140

Phase 4.1.1.2 Post Placement Timing Optimization
INFO: [Place 30-746] Post Placement Timing Summary WNS=-3.082. For the most accurate timing information please run report_timing.
Phase 4.1.1.2 Post Placement Timing Optimization | Checksum: 284ba85fb

Time (s): cpu = 00:00:24 ; elapsed = 00:00:08 . Memory (MB): peak = 3010.938 ; gain = 0.000 ; free physical = 5507 ; free virtual = 15139

Time (s): cpu = 00:00:24 ; elapsed = 00:00:08 . Memory (MB): peak = 3010.938 ; gain = 0.000 ; free physical = 5507 ; free virtual = 15139
Phase 4.1 Post Commit Optimization | Checksum: 284ba85fb

Time (s): cpu = 00:00:24 ; elapsed = 00:00:08 . Memory (MB): peak = 3010.938 ; gain = 0.000 ; free physical = 5507 ; free virtual = 15139

Phase 4.2 Post Placement Cleanup
Phase 4.2 Post Placement Cleanup | Checksum: 284ba85fb

Time (s): cpu = 00:00:24 ; elapsed = 00:00:08 . Memory (MB): peak = 3010.938 ; gain = 0.000 ; free physical = 5507 ; free virtual = 15139

Phase 4.3 Placer Reporting

Phase 4.3.1 Print Estimated Congestion
INFO: [Place 30-612] Post-Placement Estimated Congestion 
 ____________________________________________________
|           | Global Congestion | Short Congestion  |
| Direction | Region Size       | Region Size       |
|___________|___________________|___________________|
|      North|                1x1|                2x2|
|___________|___________________|___________________|
|      South|                1x1|                1x1|
|___________|___________________|___________________|
|       East|                1x1|                2x2|
|___________|___________________|___________________|
|       West|                1x1|                1x1|
|___________|___________________|___________________|

Phase 4.3.1 Print Estimated Congestion | Checksum: 284ba85fb

Time (s): cpu = 00:00:24 ; elapsed = 00:00:08 . Memory (MB): peak = 3010.938 ; gain = 0.000 ; free physical = 5507 ; free virtual = 15139
Phase 4.3 Placer Reporting | Checksum: 284ba85fb

Time (s): cpu = 00:00:24 ; elapsed = 00:00:08 . Memory (MB): peak = 3010.938 ; gain = 0.000 ; free physical = 5507 ; free virtual = 15139

Phase 4.4 Final Placement Cleanup
Netlist sorting complete. Time (s): cpu = 00:00:00 ; elapsed = 00:00:00 . Memory (MB): peak = 3010.938 ; gain = 0.000 ; free physical = 5507 ; free virtual = 15139

Time (s): cpu = 00:00:24 ; elapsed = 00:00:08 . Memory (MB): peak = 3010.938 ; gain = 0.000 ; free physical = 5507 ; free virtual = 15139
Phase 4 Post Placement Optimization and Clean-Up | Checksum: 23ab21214

Time (s): cpu = 00:00:24 ; elapsed = 00:00:08 . Memory (MB): peak = 3010.938 ; gain = 0.000 ; free physical = 5507 ; free virtual = 15139
Ending Placer Task | Checksum: 198f15f12

Time (s): cpu = 00:00:24 ; elapsed = 00:00:08 . Memory (MB): peak = 3010.938 ; gain = 0.000 ; free physical = 5507 ; free virtual = 15139
87 Infos, 5 Warnings, 0 Critical Warnings and 0 Errors encountered.
place_design completed successfully
place_design: Time (s): cpu = 00:00:28 ; elapsed = 00:00:10 . Memory (MB): peak = 3010.938 ; gain = 0.000 ; free physical = 5507 ; free virtual = 15139
INFO: [Vivado 12-24838] Running report commands "report_control_sets, report_io, report_utilization" in parallel.
Running report generation with 3 threads.
INFO: [Vivado 12-24828] Executing command : report_control_sets -verbose -file Top_control_sets_placed.rpt
report_control_sets: Time (s): cpu = 00:00:00.2 ; elapsed = 00:00:00.15 . Memory (MB): peak = 3010.938 ; gain = 0.000 ; free physical = 5482 ; free virtual = 15114
INFO: [Vivado 12-24828] Executing command : report_io -file Top_io_placed.rpt
report_io: Time (s): cpu = 00:00:00.28 ; elapsed = 00:00:00.21 . Memory (MB): peak = 3010.938 ; gain = 0.000 ; free physical = 5495 ; free virtual = 15127
INFO: [Vivado 12-24828] Executing command : report_utilization -file Top_utilization_placed.rpt -pb Top_utilization_placed.pb
INFO: [Timing 38-480] Writing timing data to binary archive.
Write ShapeDB Complete: Time (s): cpu = 00:00:00.04 ; elapsed = 00:00:00.01 . Memory (MB): peak = 3010.938 ; gain = 0.000 ; free physical = 5490 ; free virtual = 15123
Wrote PlaceDB: Time (s): cpu = 00:00:01 ; elapsed = 00:00:00.37 . Memory (MB): peak = 3010.938 ; gain = 0.000 ; free physical = 5459 ; free virtual = 15104
Wrote PulsedLatchDB: Time (s): cpu = 00:00:00 ; elapsed = 00:00:00 . Memory (MB): peak = 3010.938 ; gain = 0.000 ; free physical = 5459 ; free virtual = 15104
Writing XDEF routing.
Writing XDEF routing logical nets.
Writing XDEF routing special nets.
Wrote RouteStorage: Time (s): cpu = 00:00:00.27 ; elapsed = 00:00:00.13 . Memory (MB): peak = 3010.938 ; gain = 0.000 ; free physical = 5459 ; free virtual = 15105
Wrote Netlist Cache: Time (s): cpu = 00:00:00.01 ; elapsed = 00:00:00.01 . Memory (MB): peak = 3010.938 ; gain = 0.000 ; free physical = 5459 ; free virtual = 15106
Wrote Device Cache: Time (s): cpu = 00:00:00.01 ; elapsed = 00:00:00 . Memory (MB): peak = 3010.938 ; gain = 0.000 ; free physical = 5458 ; free virtual = 15106
Write Physdb Complete: Time (s): cpu = 00:00:01 ; elapsed = 00:00:00.52 . Memory (MB): peak = 3010.938 ; gain = 0.000 ; free physical = 5458 ; free virtual = 15106
INFO: [Common 17-1381] The checkpoint '/home/jsp/Storage/CFU_PYNQ_FIles/CFU_SRC/pynq_z2/pynq_z2/arunQAFDHGDZXVNBDXG_gae.runs/child_0_impl_1/Top_placed.dcp' has been generated.
Command: phys_opt_design
Attempting to get a license for feature 'Implementation' and/or device 'xc7z020'
INFO: [Common 17-349] Got license for feature 'Implementation' and/or device 'xc7z020'

Starting Initial Update Timing Task

Time (s): cpu = 00:00:02 ; elapsed = 00:00:00.56 . Memory (MB): peak = 3010.938 ; gain = 0.000 ; free physical = 5457 ; free virtual = 15095
INFO: [Vivado_Tcl 4-1435] PhysOpt_Tcl_Interface Runtime Before Starting Physical Synthesis Task | CPU: 2.58s |  WALL: 0.58s
Netlist sorting complete. Time (s): cpu = 00:00:00 ; elapsed = 00:00:00 . Memory (MB): peak = 3010.938 ; gain = 0.000 ; free physical = 5457 ; free virtual = 15095

Starting Physical Synthesis Task

Phase 1 Physical Synthesis Initialization
INFO: [Physopt 32-245] Routed nets are present in the design. phys_opt_design will optimize unrouted part of the design.
INFO: [Physopt 32-721] Multithreading enabled for phys_opt_design using a maximum of 8 CPUs
INFO: [Physopt 32-619] Estimated Timing Summary | WNS=-3.082 | TNS=-3.082 |
Phase 1 Physical Synthesis Initialization | Checksum: c3024fc2

Time (s): cpu = 00:00:02 ; elapsed = 00:00:00.95 . Memory (MB): peak = 3010.938 ; gain = 0.000 ; free physical = 5454 ; free virtual = 15091
INFO: [Physopt 32-245] Routed nets are present in the design. phys_opt_design will optimize unrouted part of the design.
INFO: [Physopt 32-619] Estimated Timing Summary | WNS=-3.082 | TNS=-3.082 |

Phase 2 DSP Register Optimization
INFO: [Physopt 32-896] DSP cfu_system/VexRiscv/execute_to_memory_MUL_HL_reg is not considered for optimization due to don't touch constraint
INFO: [Physopt 32-896] DSP cfu_system/VexRiscv/execute_to_memory_MUL_LH_reg is not considered for optimization due to don't touch constraint
INFO: [Physopt 32-896] DSP cfu_system/VexRiscv/execute_to_memory_MUL_LL_reg is not considered for optimization due to don't touch constraint
INFO: [Physopt 32-896] DSP cfu_system/VexRiscv/memory_to_writeBack_MUL_HH_reg is not considered for optimization due to don't touch constraint
INFO: [Physopt 32-456] No candidate cells for DSP register optimization found in the design.
INFO: [Physopt 32-775] End 2 Pass. Optimized 0 net or cell. Created 0 new cell, deleted 0 existing cell and moved 0 existing cell
Phase 2 DSP Register Optimization | Checksum: c3024fc2

Time (s): cpu = 00:00:02 ; elapsed = 00:00:01 . Memory (MB): peak = 3010.938 ; gain = 0.000 ; free physical = 5454 ; free virtual = 15091

Phase 3 Critical Path Optimization
INFO: [Physopt 32-619] Estimated Timing Summary | WNS=-3.082 | TNS=-3.082 |
INFO: [Physopt 32-619] Estimated Timing Summary | WNS=-3.082 | TNS=-3.082 |
Netlist sorting complete. Time (s): cpu = 00:00:00 ; elapsed = 00:00:00 . Memory (MB): peak = 3010.938 ; gain = 0.000 ; free physical = 5454 ; free virtual = 15091
Phase 3 Critical Path Optimization | Checksum: c3024fc2

Time (s): cpu = 00:00:02 ; elapsed = 00:00:01 . Memory (MB): peak = 3010.938 ; gain = 0.000 ; free physical = 5454 ; free virtual = 15091
Netlist sorting complete. Time (s): cpu = 00:00:00 ; elapsed = 00:00:00 . Memory (MB): peak = 3010.938 ; gain = 0.000 ; free physical = 5454 ; free virtual = 15091
INFO: [Physopt 32-603] Post Physical Optimization Timing Summary | WNS=-3.082 | TNS=-3.082 |

Summary of Physical Synthesis Optimizations
============================================


-------------------------------------------------------------------------------------------------------------------------------------------------------------
|  Optimization   |  WNS Gain (ns)  |  TNS Gain (ns)  |  Added Cells  |  Removed Cells  |  Optimized Cells/Nets  |  Dont Touch  |  Iterations  |  Elapsed   |
-------------------------------------------------------------------------------------------------------------------------------------------------------------
|  DSP Register   |          0.000  |          0.000  |            0  |              0  |                     0  |           4  |           1  |  00:00:00  |
|  Critical Path  |          0.000  |          0.000  |            0  |              0  |                     0  |           0  |           1  |  00:00:00  |
|  Total          |          0.000  |          0.000  |            0  |              0  |                     0  |           4  |           2  |  00:00:00  |
-------------------------------------------------------------------------------------------------------------------------------------------------------------


Netlist sorting complete. Time (s): cpu = 00:00:00 ; elapsed = 00:00:00.01 . Memory (MB): peak = 3010.938 ; gain = 0.000 ; free physical = 5454 ; free virtual = 15091
Ending Physical Synthesis Task | Checksum: 1c40e714a

Time (s): cpu = 00:00:02 ; elapsed = 00:00:01 . Memory (MB): peak = 3010.938 ; gain = 0.000 ; free physical = 5454 ; free virtual = 15091
INFO: [Common 17-83] Releasing license: Implementation
110 Infos, 5 Warnings, 0 Critical Warnings and 0 Errors encountered.
phys_opt_design completed successfully
INFO: [Timing 38-480] Writing timing data to binary archive.
Write ShapeDB Complete: Time (s): cpu = 00:00:00.04 ; elapsed = 00:00:00.01 . Memory (MB): peak = 3010.938 ; gain = 0.000 ; free physical = 5455 ; free virtual = 15092
Wrote PlaceDB: Time (s): cpu = 00:00:01 ; elapsed = 00:00:00.38 . Memory (MB): peak = 3010.938 ; gain = 0.000 ; free physical = 5444 ; free virtual = 15093
Wrote PulsedLatchDB: Time (s): cpu = 00:00:00 ; elapsed = 00:00:00 . Memory (MB): peak = 3010.938 ; gain = 0.000 ; free physical = 5444 ; free virtual = 15093
Writing XDEF routing.
Writing XDEF routing logical nets.
Writing XDEF routing special nets.
Wrote RouteStorage: Time (s): cpu = 00:00:00.24 ; elapsed = 00:00:00.11 . Memory (MB): peak = 3010.938 ; gain = 0.000 ; free physical = 5440 ; free virtual = 15091
Wrote Netlist Cache: Time (s): cpu = 00:00:00.01 ; elapsed = 00:00:00.01 . Memory (MB): peak = 3010.938 ; gain = 0.000 ; free physical = 5440 ; free virtual = 15092
Wrote Device Cache: Time (s): cpu = 00:00:00 ; elapsed = 00:00:00.01 . Memory (MB): peak = 3010.938 ; gain = 0.000 ; free physical = 5439 ; free virtual = 15092
Write Physdb Complete: Time (s): cpu = 00:00:01 ; elapsed = 00:00:00.51 . Memory (MB): peak = 3010.938 ; gain = 0.000 ; free physical = 5439 ; free virtual = 15092
INFO: [Common 17-1381] The checkpoint '/home/jsp/Storage/CFU_PYNQ_FIles/CFU_SRC/pynq_z2/pynq_z2/arunQAFDHGDZXVNBDXG_gae.runs/child_0_impl_1/Top_physopt.dcp' has been generated.
Command: route_design
Attempting to get a license for feature 'Implementation' and/or device 'xc7z020'
INFO: [Common 17-349] Got license for feature 'Implementation' and/or device 'xc7z020'
Running DRC as a precondition to command route_design
INFO: [DRC 23-27] Running DRC with 8 threads
INFO: [Vivado_Tcl 4-198] DRC finished with 0 Errors
INFO: [Vivado_Tcl 4-199] Please refer to the DRC report (report_drc) for more information.


Starting Routing Task
INFO: [Route 35-254] Multithreading enabled for route_design using a maximum of 8 CPUs

Phase 1 Build RT Design
Checksum: PlaceDB: bb4fc831 ConstDB: 0 ShapeSum: 3a3de36b RouteDB: 77d74f66
Post Restoration Checksum: NetGraph: 19f8374e | NumContArr: a460c571 | Constraints: 5686d5e4 | Timing: c2a8fa9d
Phase 1 Build RT Design | Checksum: 1d788cd40

Time (s): cpu = 00:00:20 ; elapsed = 00:00:15 . Memory (MB): peak = 3099.672 ; gain = 56.945 ; free physical = 5352 ; free virtual = 14994

Phase 2 Router Initialization

Phase 2.1 Fix Topology Constraints
Phase 2.1 Fix Topology Constraints | Checksum: 1d788cd40

Time (s): cpu = 00:00:20 ; elapsed = 00:00:15 . Memory (MB): peak = 3099.672 ; gain = 56.945 ; free physical = 5352 ; free virtual = 14994

Phase 2.2 Pre Route Cleanup
Phase 2.2 Pre Route Cleanup | Checksum: 1d788cd40

Time (s): cpu = 00:00:20 ; elapsed = 00:00:15 . Memory (MB): peak = 3099.672 ; gain = 56.945 ; free physical = 5352 ; free virtual = 14994
 Number of Nodes with overlaps = 0

Phase 2.3 Update Timing
Phase 2.3 Update Timing | Checksum: 274735cf6

Time (s): cpu = 00:00:23 ; elapsed = 00:00:16 . Memory (MB): peak = 3136.688 ; gain = 93.961 ; free physical = 5322 ; free virtual = 14964
INFO: [Route 35-416] Intermediate Timing Summary | WNS=-3.085 | TNS=-3.385 | WHS=-0.388 | THS=-55.084|


Router Utilization Summary
  Global Vertical Routing Utilization    = 0 %
  Global Horizontal Routing Utilization  = 0 %
  Routable Net Status*
  *Does not include unroutable nets such as driverless and loadless.
  Run report_route_status for detailed report.
  Number of Failed Nets               = 11
    (Failed Nets is the sum of unrouted and partially routed nets)
  Number of Unrouted Nets             = 11
  Number of Partially Routed Nets     = 0
  Number of Node Overlaps             = 0

Phase 2 Router Initialization | Checksum: 2b5ca393c

Time (s): cpu = 00:00:25 ; elapsed = 00:00:16 . Memory (MB): peak = 3136.688 ; gain = 93.961 ; free physical = 5316 ; free virtual = 14958

Phase 3 Global Routing
Phase 3 Global Routing | Checksum: 2b5ca393c

Time (s): cpu = 00:00:25 ; elapsed = 00:00:16 . Memory (MB): peak = 3136.688 ; gain = 93.961 ; free physical = 5316 ; free virtual = 14958

Phase 4 Initial Routing

Phase 4.1 Initial Net Routing Pass
Phase 4.1 Initial Net Routing Pass | Checksum: 2173b17cf

Time (s): cpu = 00:00:25 ; elapsed = 00:00:16 . Memory (MB): peak = 3136.688 ; gain = 93.961 ; free physical = 5316 ; free virtual = 14958
Phase 4 Initial Routing | Checksum: 2173b17cf

Time (s): cpu = 00:00:25 ; elapsed = 00:00:16 . Memory (MB): peak = 3136.688 ; gain = 93.961 ; free physical = 5316 ; free virtual = 14958

Phase 5 Rip-up And Reroute

Phase 5.1 Global Iteration 0
INFO: [Route 35-416] Intermediate Timing Summary | WNS=-3.085 | TNS=-3.225 | WHS=N/A    | THS=N/A    |

Phase 5.1 Global Iteration 0 | Checksum: 1d5579798

Time (s): cpu = 00:00:27 ; elapsed = 00:00:17 . Memory (MB): peak = 3152.688 ; gain = 109.961 ; free physical = 5317 ; free virtual = 14959
Phase 5 Rip-up And Reroute | Checksum: 1d5579798

Time (s): cpu = 00:00:27 ; elapsed = 00:00:17 . Memory (MB): peak = 3152.688 ; gain = 109.961 ; free physical = 5317 ; free virtual = 14959

Phase 6 Delay and Skew Optimization

Phase 6.1 Delay CleanUp

Phase 6.1.1 Update Timing
Phase 6.1.1 Update Timing | Checksum: 1a89fe757

Time (s): cpu = 00:00:28 ; elapsed = 00:00:17 . Memory (MB): peak = 3152.688 ; gain = 109.961 ; free physical = 5317 ; free virtual = 14959
INFO: [Route 35-416] Intermediate Timing Summary | WNS=-3.085 | TNS=-3.225 | WHS=N/A    | THS=N/A    |

 Number of Nodes with overlaps = 0
Phase 6.1 Delay CleanUp | Checksum: 27aaf294f

Time (s): cpu = 00:00:28 ; elapsed = 00:00:17 . Memory (MB): peak = 3152.688 ; gain = 109.961 ; free physical = 5317 ; free virtual = 14960

Phase 6.2 Clock Skew Optimization
Phase 6.2 Clock Skew Optimization | Checksum: 27aaf294f

Time (s): cpu = 00:00:28 ; elapsed = 00:00:17 . Memory (MB): peak = 3152.688 ; gain = 109.961 ; free physical = 5317 ; free virtual = 14960
Phase 6 Delay and Skew Optimization | Checksum: 27aaf294f

Time (s): cpu = 00:00:28 ; elapsed = 00:00:17 . Memory (MB): peak = 3152.688 ; gain = 109.961 ; free physical = 5317 ; free virtual = 14960

Phase 7 Post Hold Fix

Phase 7.1 Hold Fix Iter
INFO: [Route 35-416] Intermediate Timing Summary | WNS=-3.085 | TNS=-3.225 | WHS=0.023  | THS=0.000  |

Phase 7.1 Hold Fix Iter | Checksum: 27b6ad61d

Time (s): cpu = 00:00:29 ; elapsed = 00:00:17 . Memory (MB): peak = 3152.688 ; gain = 109.961 ; free physical = 5317 ; free virtual = 14960
Phase 7 Post Hold Fix | Checksum: 27b6ad61d

Time (s): cpu = 00:00:29 ; elapsed = 00:00:17 . Memory (MB): peak = 3152.688 ; gain = 109.961 ; free physical = 5317 ; free virtual = 14960

Phase 8 Route finalize

Router Utilization Summary
  Global Vertical Routing Utilization    = 0.0045045 %
  Global Horizontal Routing Utilization  = 0.00228195 %
  Routable Net Status*
  *Does not include unroutable nets such as driverless and loadless.
  Run report_route_status for detailed report.
  Number of Failed Nets               = 0
    (Failed Nets is the sum of unrouted and partially routed nets)
  Number of Unrouted Nets             = 0
  Number of Partially Routed Nets     = 0
  Number of Node Overlaps             = 0


--GLOBAL Congestion:
Utilization threshold used for congestion level computation: 0.85
Congestion Report
North Dir 1x1 Area, Max Cong = 18.9474%, No Congested Regions.
South Dir 1x1 Area, Max Cong = 18.9474%, No Congested Regions.
East Dir 1x1 Area, Max Cong = 7.40741%, No Congested Regions.
West Dir 1x1 Area, Max Cong = 27.2727%, No Congested Regions.

------------------------------
Reporting congestion hotspots
------------------------------
Direction: North
----------------
Congested clusters found at Level 0
Effective congestion level: 0 Aspect Ratio: 1 Sparse Ratio: 0
Direction: South
----------------
Congested clusters found at Level 0
Effective congestion level: 0 Aspect Ratio: 1 Sparse Ratio: 0
Direction: East
----------------
Congested clusters found at Level 0
Effective congestion level: 0 Aspect Ratio: 1 Sparse Ratio: 0
Direction: West
----------------
Congested clusters found at Level 0
Effective congestion level: 0 Aspect Ratio: 1 Sparse Ratio: 0

Phase 8 Route finalize | Checksum: 27b6ad61d

Time (s): cpu = 00:00:29 ; elapsed = 00:00:17 . Memory (MB): peak = 3152.688 ; gain = 109.961 ; free physical = 5317 ; free virtual = 14960

Phase 9 Verifying routed nets

 Verification completed successfully
Phase 9 Verifying routed nets | Checksum: 27b6ad61d

Time (s): cpu = 00:00:29 ; elapsed = 00:00:17 . Memory (MB): peak = 3152.688 ; gain = 109.961 ; free physical = 5317 ; free virtual = 14960

Phase 10 Depositing Routes
Phase 10 Depositing Routes | Checksum: 22f81bb0f

Time (s): cpu = 00:00:30 ; elapsed = 00:00:18 . Memory (MB): peak = 3152.688 ; gain = 109.961 ; free physical = 5318 ; free virtual = 14960

Phase 11 Post Process Routing
Phase 11 Post Process Routing | Checksum: 22f81bb0f

Time (s): cpu = 00:00:30 ; elapsed = 00:00:18 . Memory (MB): peak = 3152.688 ; gain = 109.961 ; free physical = 5318 ; free virtual = 14960

Phase 12 Post Router Timing
INFO: [Route 35-57] Estimated Timing Summary | WNS=-3.085 | TNS=-3.225 | WHS=0.023  | THS=0.000  |

WARNING: [Route 35-328] Router estimated timing not met.
Resolution: For a complete and accurate timing signoff, report_timing_summary must be run after route_design. Alternatively, route_design can be run with the -timing_summary option to enable a complete timing signoff at the end of route_design.
WARNING: [Route 35-3426] Critical methodology violations exist in the design which may contribute to timing failures: TIMING-6, TIMING-7, TIMING-14, TIMING-17
Resolution: Review the critical violations in methodology report if available, otherwise run report_methodology to generate and review the report.
Phase 12 Post Router Timing | Checksum: 22f81bb0f

Time (s): cpu = 00:00:30 ; elapsed = 00:00:18 . Memory (MB): peak = 3152.688 ; gain = 109.961 ; free physical = 5318 ; free virtual = 14960
Total Elapsed time in route_design: 17.71 secs

Phase 13 Post-Route Event Processing
INFO: [Constraints 18-12546] INFO: Running DFX DRC before completing route_design
INFO: [Constraints 18-12545] INFO: DFX DRC finished with 0 Errors
Phase 13 Post-Route Event Processing | Checksum: 1799006dc

Time (s): cpu = 00:00:31 ; elapsed = 00:00:18 . Memory (MB): peak = 3176.699 ; gain = 133.973 ; free physical = 5318 ; free virtual = 14961
INFO: [Route 35-16] Router Completed Successfully
Ending Routing Task | Checksum: 1799006dc

Time (s): cpu = 00:00:31 ; elapsed = 00:00:18 . Memory (MB): peak = 3176.699 ; gain = 133.973 ; free physical = 5318 ; free virtual = 14961

Routing Is Done.
INFO: [Common 17-83] Releasing license: Implementation
126 Infos, 7 Warnings, 0 Critical Warnings and 0 Errors encountered.
route_design completed successfully
route_design: Time (s): cpu = 00:00:33 ; elapsed = 00:00:19 . Memory (MB): peak = 3176.699 ; gain = 165.762 ; free physical = 5318 ; free virtual = 14961
INFO: [Vivado 12-24828] Executing command : report_drc -file Top_drc_routed.rpt -pb Top_drc_routed.pb -rpx Top_drc_routed.rpx
Command: report_drc -file Top_drc_routed.rpt -pb Top_drc_routed.pb -rpx Top_drc_routed.rpx
INFO: [IP_Flow 19-1839] IP Catalog is up to date.
INFO: [DRC 23-27] Running DRC with 8 threads
INFO: [Vivado_Tcl 2-168] The results of DRC are in file /home/jsp/Storage/CFU_PYNQ_FIles/CFU_SRC/pynq_z2/pynq_z2/arunQAFDHGDZXVNBDXG_gae.runs/child_0_impl_1/Top_drc_routed.rpt.
report_drc completed successfully
INFO: [Vivado 12-24828] Executing command : report_methodology -file Top_methodology_drc_routed.rpt -pb Top_methodology_drc_routed.pb -rpx Top_methodology_drc_routed.rpx
Command: report_methodology -file Top_methodology_drc_routed.rpt -pb Top_methodology_drc_routed.pb -rpx Top_methodology_drc_routed.rpx
INFO: [Timing 38-35] Done setting XDC timing constraints.
INFO: [DRC 23-133] Running Methodology with 8 threads
INFO: [Vivado_Tcl 2-1520] The results of Report Methodology are in file /home/jsp/Storage/CFU_PYNQ_FIles/CFU_SRC/pynq_z2/pynq_z2/arunQAFDHGDZXVNBDXG_gae.runs/child_0_impl_1/Top_methodology_drc_routed.rpt.
report_methodology completed successfully
INFO: [Vivado 12-24828] Executing command : report_timing_summary -max_paths 10 -report_unconstrained -file Top_timing_summary_routed.rpt -pb Top_timing_summary_routed.pb -rpx Top_timing_summary_routed.rpx -warn_on_violation 
INFO: [Timing 38-35] Done setting XDC timing constraints.
INFO: [Timing 38-91] UpdateTimingParams: Speed grade: -1, Delay Type: min_max.
INFO: [Timing 38-191] Multithreading enabled for timing update using a maximum of 8 CPUs
CRITICAL WARNING: [Timing 38-282] The design failed to meet the timing requirements. Please see the timing summary report for details on the timing violations.
INFO: [Vivado 12-24838] Running report commands "report_bus_skew, report_incremental_reuse, report_route_status" in parallel.
Running report generation with 3 threads.
INFO: [Vivado 12-24828] Executing command : report_incremental_reuse -file Top_incremental_reuse_routed.rpt
INFO: [Vivado_Tcl 4-1062] Incremental flow is disabled. No incremental reuse Info to report.
INFO: [Vivado 12-24828] Executing command : report_route_status -file Top_route_status.rpt -pb Top_route_status.pb
INFO: [Vivado 12-24828] Executing command : report_bus_skew -warn_on_violation -file Top_bus_skew_routed.rpt -pb Top_bus_skew_routed.pb -rpx Top_bus_skew_routed.rpx
INFO: [Timing 38-91] UpdateTimingParams: Speed grade: -1, Delay Type: min_max.
INFO: [Timing 38-191] Multithreading enabled for timing update using a maximum of 8 CPUs
INFO: [Vivado 12-24828] Executing command : report_power -file Top_power_routed.rpt -pb Top_power_summary_routed.pb -rpx Top_power_routed.rpx
Command: report_power -file Top_power_routed.rpt -pb Top_power_summary_routed.pb -rpx Top_power_routed.rpx
INFO: [Power 33-23] Power model is not available for STARTUPE2_inst
Running Vector-less Activity Propagation...

Finished Running Vector-less Activity Propagation
WARNING: [Power 33-332] Found switching activity that implies high-fanout reset nets being asserted for excessive periods of time which may result in inaccurate power analysis.
Resolution: To review and fix problems, please run Power Constraints Advisor in the GUI from Tools > Power Constraints Advisor or run report_power with the -advisory option to generate a text report.
147 Infos, 8 Warnings, 1 Critical Warnings and 0 Errors encountered.
report_power completed successfully
INFO: [Vivado 12-24828] Executing command : report_clock_utilization -file Top_clock_utilization_routed.rpt
WARNING: [Device 21-9320] Failed to find the Oracle tile group with name 'HSR_BOUNDARY_TOP'. This is required for Clock regions and Virtual grid.
WARNING: [Device 21-2174] Failed to initialize Virtual grid.
generate_parallel_reports: Time (s): cpu = 00:00:14 ; elapsed = 00:00:05 . Memory (MB): peak = 3209.723 ; gain = 33.023 ; free physical = 5296 ; free virtual = 14946
INFO: [Timing 38-480] Writing timing data to binary archive.
Write ShapeDB Complete: Time (s): cpu = 00:00:00.04 ; elapsed = 00:00:00.01 . Memory (MB): peak = 3209.723 ; gain = 0.000 ; free physical = 5296 ; free virtual = 14948
Wrote PlaceDB: Time (s): cpu = 00:00:01 ; elapsed = 00:00:00.38 . Memory (MB): peak = 3209.723 ; gain = 0.000 ; free physical = 5289 ; free virtual = 14951
Wrote PulsedLatchDB: Time (s): cpu = 00:00:00 ; elapsed = 00:00:00 . Memory (MB): peak = 3209.723 ; gain = 0.000 ; free physical = 5289 ; free virtual = 14951
Writing XDEF routing.
Writing XDEF routing logical nets.
Writing XDEF routing special nets.
Wrote RouteStorage: Time (s): cpu = 00:00:00.25 ; elapsed = 00:00:00.11 . Memory (MB): peak = 3209.723 ; gain = 0.000 ; free physical = 5289 ; free virtual = 14953
Wrote Netlist Cache: Time (s): cpu = 00:00:00.01 ; elapsed = 00:00:00.01 . Memory (MB): peak = 3209.723 ; gain = 0.000 ; free physical = 5289 ; free virtual = 14954
Wrote Device Cache: Time (s): cpu = 00:00:00.01 ; elapsed = 00:00:00 . Memory (MB): peak = 3209.723 ; gain = 0.000 ; free physical = 5289 ; free virtual = 14955
Write Physdb Complete: Time (s): cpu = 00:00:01 ; elapsed = 00:00:00.51 . Memory (MB): peak = 3209.723 ; gain = 0.000 ; free physical = 5289 ; free virtual = 14955
INFO: [Common 17-1381] The checkpoint '/home/jsp/Storage/CFU_PYNQ_FIles/CFU_SRC/pynq_z2/pynq_z2/arunQAFDHGDZXVNBDXG_gae.runs/child_0_impl_1/Top_routed.dcp' has been generated.
Wrote PlaceDB: Time (s): cpu = 00:00:00 ; elapsed = 00:00:00 . Memory (MB): peak = 3209.723 ; gain = 0.000 ; free physical = 5294 ; free virtual = 14950
Wrote PulsedLatchDB: Time (s): cpu = 00:00:00 ; elapsed = 00:00:00 . Memory (MB): peak = 3209.723 ; gain = 0.000 ; free physical = 5294 ; free virtual = 14950
Writing XDEF routing.
Writing XDEF routing logical nets.
Writing XDEF routing special nets.
Wrote RouteStorage: Time (s): cpu = 00:00:00.05 ; elapsed = 00:00:00.04 . Memory (MB): peak = 3209.723 ; gain = 0.000 ; free physical = 5294 ; free virtual = 14950
Wrote Netlist Cache: Time (s): cpu = 00:00:00 ; elapsed = 00:00:00 . Memory (MB): peak = 3209.723 ; gain = 0.000 ; free physical = 5294 ; free virtual = 14950
Wrote Device Cache: Time (s): cpu = 00:00:00 ; elapsed = 00:00:00 . Memory (MB): peak = 3209.723 ; gain = 0.000 ; free physical = 5294 ; free virtual = 14950
Write Physdb Complete: Time (s): cpu = 00:00:00.05 ; elapsed = 00:00:00.05 . Memory (MB): peak = 3209.723 ; gain = 0.000 ; free physical = 5294 ; free virtual = 14950
INFO: [Common 17-1381] The checkpoint '/home/jsp/Storage/CFU_PYNQ_FIles/CFU_SRC/pynq_z2/pynq_z2/arunQAFDHGDZXVNBDXG_gae.runs/child_0_impl_1/cfu_system_Cfu_cfu_inst_Shift_Mul_routed.dcp' has been generated.
Command: pr_verify -full_check -initial /home/jsp/Storage/CFU_PYNQ_FIles/CFU_SRC/pynq_z2/pynq_z2/arunQAFDHGDZXVNBDXG_gae.runs/impl_1/Top_routed.dcp -additional /home/jsp/Storage/CFU_PYNQ_FIles/CFU_SRC/pynq_z2/pynq_z2/arunQAFDHGDZXVNBDXG_gae.runs/child_0_impl_1/Top_routed.dcp -file child_0_impl_1_pr_verify.log
Netlist sorting complete. Time (s): cpu = 00:00:00.07 ; elapsed = 00:00:00.08 . Memory (MB): peak = 3209.723 ; gain = 0.000 ; free physical = 5294 ; free virtual = 14950
INFO: [Netlist 29-17] Analyzing 302 Unisim elements for replacement
INFO: [Netlist 29-28] Unisim Transformation completed in 0 CPU seconds
INFO: [Project 1-479] Netlist was created with Vivado 2024.1
INFO: [Project 1-570] Preparing netlist for logic optimization
Read ShapeDB Complete: Time (s): cpu = 00:00:00.01 ; elapsed = 00:00:00.02 . Memory (MB): peak = 3209.723 ; gain = 0.000 ; free physical = 5271 ; free virtual = 14927
INFO: [Timing 38-478] Restoring timing data from binary archive.
INFO: [Timing 38-479] Binary timing data restore complete.
INFO: [Project 1-856] Restoring constraints from binary archive.
INFO: [Project 1-853] Binary constraint restore complete.
INFO: [Designutils 20-5722] Start Reading Physical Databases.
Reading placement.
Read Netlist Cache: Time (s): cpu = 00:00:00 ; elapsed = 00:00:00.01 . Memory (MB): peak = 3278.836 ; gain = 0.000 ; free physical = 5200 ; free virtual = 14856
Reading placer database...
Read Device Cache: Time (s): cpu = 00:00:00.01 ; elapsed = 00:00:00.01 . Memory (MB): peak = 3278.836 ; gain = 0.000 ; free physical = 5200 ; free virtual = 14856
Read PlaceDB: Time (s): cpu = 00:00:00.35 ; elapsed = 00:00:00.36 . Memory (MB): peak = 3278.836 ; gain = 0.000 ; free physical = 5192 ; free virtual = 14848
Read PulsedLatchDB: Time (s): cpu = 00:00:00 ; elapsed = 00:00:00 . Memory (MB): peak = 3278.836 ; gain = 0.000 ; free physical = 5192 ; free virtual = 14848
Reading routing.
Read RouteStorage: Time (s): cpu = 00:00:00.12 ; elapsed = 00:00:00.12 . Memory (MB): peak = 3278.836 ; gain = 0.000 ; free physical = 5184 ; free virtual = 14840
Read Physdb Files: Time (s): cpu = 00:00:00.49 ; elapsed = 00:00:00.5 . Memory (MB): peak = 3278.836 ; gain = 0.000 ; free physical = 5184 ; free virtual = 14840
Restored from archive | CPU: 0.490000 secs | Memory: 11.866547 MB |
Finished XDEF File Restore: Time (s): cpu = 00:00:00.49 ; elapsed = 00:00:00.5 . Memory (MB): peak = 3278.836 ; gain = 0.000 ; free physical = 5184 ; free virtual = 14840
Netlist sorting complete. Time (s): cpu = 00:00:00 ; elapsed = 00:00:00 . Memory (MB): peak = 3278.836 ; gain = 0.000 ; free physical = 5184 ; free virtual = 14840
INFO: [Project 1-604] Checkpoint was created with Vivado v2024.1 (64-bit) build 5076996
INFO: [Vivado 12-3501] pr_verify /home/jsp/Storage/CFU_PYNQ_FIles/CFU_SRC/pynq_z2/pynq_z2/arunQAFDHGDZXVNBDXG_gae.runs/impl_1/Top_routed.dcp /home/jsp/Storage/CFU_PYNQ_FIles/CFU_SRC/pynq_z2/pynq_z2/arunQAFDHGDZXVNBDXG_gae.runs/child_0_impl_1/Top_routed.dcp
Netlist sorting complete. Time (s): cpu = 00:00:00.07 ; elapsed = 00:00:00.07 . Memory (MB): peak = 3310.742 ; gain = 0.000 ; free physical = 5160 ; free virtual = 14816
INFO: [Netlist 29-17] Analyzing 293 Unisim elements for replacement
INFO: [Netlist 29-28] Unisim Transformation completed in 0 CPU seconds
INFO: [Project 1-479] Netlist was created with Vivado 2024.1
INFO: [Project 1-570] Preparing netlist for logic optimization
Read ShapeDB Complete: Time (s): cpu = 00:00:00 ; elapsed = 00:00:00.01 . Memory (MB): peak = 3388.461 ; gain = 0.000 ; free physical = 5073 ; free virtual = 14729
INFO: [Timing 38-478] Restoring timing data from binary archive.
INFO: [Timing 38-479] Binary timing data restore complete.
INFO: [Project 1-856] Restoring constraints from binary archive.
INFO: [Project 1-853] Binary constraint restore complete.
INFO: [Designutils 20-5722] Start Reading Physical Databases.
Reading placement.
Read Netlist Cache: Time (s): cpu = 00:00:00 ; elapsed = 00:00:00 . Memory (MB): peak = 3485.617 ; gain = 0.000 ; free physical = 5005 ; free virtual = 14662
Reading placer database...
Read Device Cache: Time (s): cpu = 00:00:00.01 ; elapsed = 00:00:00.01 . Memory (MB): peak = 3485.617 ; gain = 0.000 ; free physical = 4998 ; free virtual = 14655
Read PlaceDB: Time (s): cpu = 00:00:00.32 ; elapsed = 00:00:00.32 . Memory (MB): peak = 3488.617 ; gain = 3.000 ; free physical = 4991 ; free virtual = 14647
Read PulsedLatchDB: Time (s): cpu = 00:00:00 ; elapsed = 00:00:00 . Memory (MB): peak = 3488.617 ; gain = 0.000 ; free physical = 4991 ; free virtual = 14647
Reading routing.
Read RouteStorage: Time (s): cpu = 00:00:00.1 ; elapsed = 00:00:00.11 . Memory (MB): peak = 3492.617 ; gain = 4.000 ; free physical = 4983 ; free virtual = 14639
Read Physdb Files: Time (s): cpu = 00:00:00.46 ; elapsed = 00:00:00.47 . Memory (MB): peak = 3492.617 ; gain = 7.000 ; free physical = 4983 ; free virtual = 14639
Restored from archive | CPU: 0.470000 secs | Memory: 11.784248 MB |
Finished XDEF File Restore: Time (s): cpu = 00:00:00.46 ; elapsed = 00:00:00.47 . Memory (MB): peak = 3492.617 ; gain = 7.000 ; free physical = 4983 ; free virtual = 14639
Netlist sorting complete. Time (s): cpu = 00:00:00.01 ; elapsed = 00:00:00 . Memory (MB): peak = 3492.617 ; gain = 0.000 ; free physical = 4983 ; free virtual = 14639
INFO: [Project 1-604] Checkpoint was created with Vivado v2024.1 (64-bit) build 5076996
INFO: [Constraints 18-1020] PR Verify Summary:
DCP1: /home/jsp/Storage/CFU_PYNQ_FIles/CFU_SRC/pynq_z2/pynq_z2/arunQAFDHGDZXVNBDXG_gae.runs/impl_1/Top_routed.dcp
  Number of reconfigurable modules compared = 1
  Number of partition pins compared         = 11
  Number of static tiles compared           = 510
  Number of static sites compared           = 1947
  Number of static cells compared           = 10667
  Number of static routed nodes compared    = 136822
  Number of static routed pips compared     = 126919

DCP2: /home/jsp/Storage/CFU_PYNQ_FIles/CFU_SRC/pynq_z2/pynq_z2/arunQAFDHGDZXVNBDXG_gae.runs/child_0_impl_1/Top_routed.dcp
  Number of reconfigurable modules compared = 1
  Number of partition pins compared         = 11
  Number of static tiles compared           = 510
  Number of static sites compared           = 1947
  Number of static cells compared           = 10667
  Number of static routed nodes compared    = 136822
  Number of static routed pips compared     = 126919
INFO: [Vivado 12-3253] PR_VERIFY: check points /home/jsp/Storage/CFU_PYNQ_FIles/CFU_SRC/pynq_z2/pynq_z2/arunQAFDHGDZXVNBDXG_gae.runs/impl_1/Top_routed.dcp and /home/jsp/Storage/CFU_PYNQ_FIles/CFU_SRC/pynq_z2/pynq_z2/arunQAFDHGDZXVNBDXG_gae.runs/child_0_impl_1/Top_routed.dcp are compatible
pr_verify: Time (s): cpu = 00:00:07 ; elapsed = 00:00:07 . Memory (MB): peak = 3524.617 ; gain = 314.895 ; free physical = 4953 ; free virtual = 14609
Partition pblock_cfu_inst Reconfigurable Module cfu_system/Cfu/cfu_inst.
Command: write_bitstream -force -no_partial_bitfile Top.bit
Attempting to get a license for feature 'Implementation' and/or device 'xc7z020'
INFO: [Common 17-349] Got license for feature 'Implementation' and/or device 'xc7z020'
Running DRC as a precondition to command write_bitstream
INFO: [IP_Flow 19-1839] IP Catalog is up to date.
INFO: [DRC 23-27] Running DRC with 8 threads
WARNING: [DRC DPIP-1] Input pipelining: DSP cfu_system/VexRiscv/execute_to_memory_MUL_HL_reg input cfu_system/VexRiscv/execute_to_memory_MUL_HL_reg/A[29:0] is not pipelined. Pipelining DSP48 input will improve performance.
WARNING: [DRC DPIP-1] Input pipelining: DSP cfu_system/VexRiscv/execute_to_memory_MUL_HL_reg input cfu_system/VexRiscv/execute_to_memory_MUL_HL_reg/B[17:0] is not pipelined. Pipelining DSP48 input will improve performance.
WARNING: [DRC DPIP-1] Input pipelining: DSP cfu_system/VexRiscv/execute_to_memory_MUL_LH_reg input cfu_system/VexRiscv/execute_to_memory_MUL_LH_reg/A[29:0] is not pipelined. Pipelining DSP48 input will improve performance.
WARNING: [DRC DPIP-1] Input pipelining: DSP cfu_system/VexRiscv/execute_to_memory_MUL_LH_reg input cfu_system/VexRiscv/execute_to_memory_MUL_LH_reg/B[17:0] is not pipelined. Pipelining DSP48 input will improve performance.
WARNING: [DRC DPIP-1] Input pipelining: DSP cfu_system/VexRiscv/execute_to_memory_MUL_LL_reg input cfu_system/VexRiscv/execute_to_memory_MUL_LL_reg/A[29:0] is not pipelined. Pipelining DSP48 input will improve performance.
WARNING: [DRC DPIP-1] Input pipelining: DSP cfu_system/VexRiscv/execute_to_memory_MUL_LL_reg input cfu_system/VexRiscv/execute_to_memory_MUL_LL_reg/B[17:0] is not pipelined. Pipelining DSP48 input will improve performance.
WARNING: [DRC DPIP-1] Input pipelining: DSP cfu_system/VexRiscv/memory_to_writeBack_MUL_HH_reg input cfu_system/VexRiscv/memory_to_writeBack_MUL_HH_reg/A[29:0] is not pipelined. Pipelining DSP48 input will improve performance.
WARNING: [DRC DPIP-1] Input pipelining: DSP cfu_system/VexRiscv/memory_to_writeBack_MUL_HH_reg input cfu_system/VexRiscv/memory_to_writeBack_MUL_HH_reg/B[17:0] is not pipelined. Pipelining DSP48 input will improve performance.
WARNING: [DRC DPOP-2] MREG Output pipelining: DSP cfu_system/VexRiscv/execute_to_memory_MUL_HL_reg multiplier stage cfu_system/VexRiscv/execute_to_memory_MUL_HL_reg/P[47:0] is not pipelined (MREG=0). Pipelining the multiplier function will improve performance and will save significant power so it is suggested whenever possible to fully pipeline this function.  If this multiplier was inferred, it is suggested to describe an additional register stage after this function.  If there is no registered adder/accumulator following the multiply function, two pipeline stages are suggested to allow both the MREG and PREG registers to be used.  If the DSP48 was instantiated in the design, it is suggested to set both the MREG and PREG attributes to 1 when performing multiply functions.
WARNING: [DRC DPOP-2] MREG Output pipelining: DSP cfu_system/VexRiscv/execute_to_memory_MUL_LH_reg multiplier stage cfu_system/VexRiscv/execute_to_memory_MUL_LH_reg/P[47:0] is not pipelined (MREG=0). Pipelining the multiplier function will improve performance and will save significant power so it is suggested whenever possible to fully pipeline this function.  If this multiplier was inferred, it is suggested to describe an additional register stage after this function.  If there is no registered adder/accumulator following the multiply function, two pipeline stages are suggested to allow both the MREG and PREG registers to be used.  If the DSP48 was instantiated in the design, it is suggested to set both the MREG and PREG attributes to 1 when performing multiply functions.
WARNING: [DRC DPOP-2] MREG Output pipelining: DSP cfu_system/VexRiscv/execute_to_memory_MUL_LL_reg multiplier stage cfu_system/VexRiscv/execute_to_memory_MUL_LL_reg/P[47:0] is not pipelined (MREG=0). Pipelining the multiplier function will improve performance and will save significant power so it is suggested whenever possible to fully pipeline this function.  If this multiplier was inferred, it is suggested to describe an additional register stage after this function.  If there is no registered adder/accumulator following the multiply function, two pipeline stages are suggested to allow both the MREG and PREG registers to be used.  If the DSP48 was instantiated in the design, it is suggested to set both the MREG and PREG attributes to 1 when performing multiply functions.
WARNING: [DRC PDCN-1569] LUT equation term check: Used physical LUT pin 'A2' of cell dbg_hub/inst/BSCANID.u_xsdbm_id/SWITCH_N_EXT_BSCAN.bscan_switch/temp_curid[31]_i_1 (pin dbg_hub/inst/BSCANID.u_xsdbm_id/SWITCH_N_EXT_BSCAN.bscan_switch/temp_curid[31]_i_1/I0) is not included in the LUT equation: 'O5=(A3*A1)+(A3*(~A1)*(~A4))+((~A3))'. If this cell is a user instantiated LUT in the design, please remove connectivity to the pin or change the equation and/or INIT string of the LUT to prevent this issue. If the cell is inferred or IP created LUT, please regenerate the IP and/or resynthesize the design to attempt to correct the issue.
WARNING: [DRC PDCN-1569] LUT equation term check: Used physical LUT pin 'A3' of cell dbg_hub/inst/BSCANID.u_xsdbm_id/SWITCH_N_EXT_BSCAN.id_state[0]_i_1 (pin dbg_hub/inst/BSCANID.u_xsdbm_id/SWITCH_N_EXT_BSCAN.id_state[0]_i_1/I0) is not included in the LUT equation: 'O6=(A6+~A6)*((A4))'. If this cell is a user instantiated LUT in the design, please remove connectivity to the pin or change the equation and/or INIT string of the LUT to prevent this issue. If the cell is inferred or IP created LUT, please regenerate the IP and/or resynthesize the design to attempt to correct the issue.
WARNING: [DRC PDCN-1569] LUT equation term check: Used physical LUT pin 'A5' of cell dbg_hub/inst/BSCANID.u_xsdbm_id/SWITCH_N_EXT_BSCAN.bscan_switch/temp_curid[31]_i_1 (pin dbg_hub/inst/BSCANID.u_xsdbm_id/SWITCH_N_EXT_BSCAN.bscan_switch/temp_curid[31]_i_1/I1) is not included in the LUT equation: 'O5=(A3*A1)+(A3*(~A1)*(~A4))+((~A3))'. If this cell is a user instantiated LUT in the design, please remove connectivity to the pin or change the equation and/or INIT string of the LUT to prevent this issue. If the cell is inferred or IP created LUT, please regenerate the IP and/or resynthesize the design to attempt to correct the issue.
WARNING: [DRC RTSTAT-10] No routable loads: 27 net(s) have no routable loads. The problem bus(es) and/or net(s) are dbg_hub/inst/BSCANID.u_xsdbm_id/SWITCH_N_EXT_BSCAN.bscan_inst/TMS, dbg_hub/inst/BSCANID.u_xsdbm_id/CORE_XSDB.UUT_MASTER/U_ICON_INTERFACE/U_CMD6_RD/U_RD_FIFO/SUBCORE_FIFO.xsdbm_v3_0_2_rdfifo_inst/inst_fifo_gen/gconvfifo.rf/grf.rf/gntv_or_sync_fifo.gl0.rd/gr1.gr1_int.rfwft/aempty_fwft_i, dbg_hub/inst/BSCANID.u_xsdbm_id/CORE_XSDB.UUT_MASTER/U_ICON_INTERFACE/U_CMD7_CTL/ctl_reg[2:0], dbg_hub/inst/BSCANID.u_xsdbm_id/CORE_XSDB.UUT_MASTER/U_ICON_INTERFACE/U_CMD1/ctl_reg_en_2[1], dbg_hub/inst/BSCANID.u_xsdbm_id/CORE_XSDB.UUT_MASTER/U_ICON_INTERFACE/U_CMD7_CTL/ctl_reg_en_2[1], dbg_hub/inst/BSCANID.u_xsdbm_id/SWITCH_N_EXT_BSCAN.bscan_switch/m_bscan_capture[0], dbg_hub/inst/BSCANID.u_xsdbm_id/SWITCH_N_EXT_BSCAN.bscan_switch/m_bscan_drck[0], dbg_hub/inst/BSCANID.u_xsdbm_id/SWITCH_N_EXT_BSCAN.bscan_switch/m_bscan_runtest[0], dbg_hub/inst/BSCANID.u_xsdbm_id/CORE_XSDB.UUT_MASTER/U_ICON_INTERFACE/U_CMD6_WR/U_WR_FIFO/SUBCORE_FIFO.xsdbm_v3_0_2_wrfifo_inst/inst_fifo_gen/gconvfifo.rf/grf.rf/rstblk/ngwrdrst.grst.rd_rst_reg[0], dbg_hub/inst/BSCANID.u_xsdbm_id/CORE_XSDB.UUT_MASTER/U_ICON_INTERFACE/U_CMD6_WR/U_WR_FIFO/SUBCORE_FIFO.xsdbm_v3_0_2_wrfifo_inst/inst_fifo_gen/gconvfifo.rf/grf.rf/rstblk/ngwrdrst.grst.wr_rst_reg[2], dbg_hub/inst/BSCANID.u_xsdbm_id/CORE_XSDB.UUT_MASTER/U_ICON_INTERFACE/U_CMD6_RD/U_RD_FIFO/SUBCORE_FIFO.xsdbm_v3_0_2_rdfifo_inst/inst_fifo_gen/gconvfifo.rf/grf.rf/rstblk/ngwrdrst.grst.wr_rst_reg[2], dbg_hub/inst/BSCANID.u_xsdbm_id/CORE_XSDB.UUT_MASTER/U_ICON_INTERFACE/U_CMD6_RD/U_RD_FIFO/SUBCORE_FIFO.xsdbm_v3_0_2_rdfifo_inst/inst_fifo_gen/gconvfifo.rf/grf.rf/gntv_or_sync_fifo.gl0.wr/gwhf.whf/overflow, dbg_hub/inst/BSCANID.u_xsdbm_id/CORE_XSDB.UUT_MASTER/U_ICON_INTERFACE/U_CMD6_WR/U_WR_FIFO/SUBCORE_FIFO.xsdbm_v3_0_2_wrfifo_inst/inst_fifo_gen/gconvfifo.rf/grf.rf/gntv_or_sync_fifo.gl0.wr/gwhf.whf/overflow, dbg_hub/inst/BSCANID.u_xsdbm_id/CORE_XSDB.UUT_MASTER/U_ICON_INTERFACE/U_CMD6_RD/U_RD_FIFO/SUBCORE_FIFO.xsdbm_v3_0_2_rdfifo_inst/inst_fifo_gen/gconvfifo.rf/grf.rf/gntv_or_sync_fifo.gl0.rd/gras.rsts/ram_empty_i, dbg_hub/inst/BSCANID.u_xsdbm_id/CORE_XSDB.UUT_MASTER/U_ICON_INTERFACE/U_CMD6_WR/U_WR_FIFO/SUBCORE_FIFO.xsdbm_v3_0_2_wrfifo_inst/inst_fifo_gen/gconvfifo.rf/grf.rf/gntv_or_sync_fifo.gl0.wr/gwas.wsts/ram_full_i... and (the first 15 of 25 listed).
INFO: [Vivado 12-3199] DRC finished with 0 Errors, 15 Warnings
INFO: [Vivado 12-3200] Please refer to the DRC report (report_drc) for more information.
Partition "pblock_cfu_inst" Reconfigurable Module "cfu_system/Cfu/cfu_inst"
INFO: [Vivado 12-4752] Design contains reconfigurable partitions, but no partial bit files will be generated since -no_partial_bitfile option was specified.
INFO: [Designutils 20-2272] Running write_bitstream with 8 threads.
Loading data files...
Loading site data...
Loading route data...
Processing options...
WARNING: [Designutils 12-1515] STARTUP component has an active signal connected to CLK pin. Setting StartupClk to UserClk.
Creating bitmap...
Creating bitstream...
Writing bitstream ./Top.bit...
INFO: [Vivado 12-1842] Bitgen Completed Successfully.
INFO: [Project 1-1876] WebTalk data collection is mandatory when using a ULT device. To see the specific WebTalk data collected for your design, open the usage_statistics_webtalk.html or usage_statistics_webtalk.xml file in the implementation directory.
INFO: [Common 17-83] Releasing license: Implementation
184 Infos, 26 Warnings, 1 Critical Warnings and 0 Errors encountered.
write_bitstream completed successfully
write_bitstream: Time (s): cpu = 00:00:19 ; elapsed = 00:00:19 . Memory (MB): peak = 3556.633 ; gain = 32.016 ; free physical = 4954 ; free virtual = 14614
Command: write_bitstream -force -cell cfu_system/Cfu/cfu_inst cfu_system_Cfu_cfu_inst_Shift_Mul_partial.bit
Attempting to get a license for feature 'Implementation' and/or device 'xc7z020'
INFO: [Common 17-349] Got license for feature 'Implementation' and/or device 'xc7z020'
Running DRC as a precondition to command write_bitstream
INFO: [IP_Flow 19-1839] IP Catalog is up to date.
INFO: [DRC 23-27] Running DRC with 8 threads
WARNING: [DRC DPIP-1] Input pipelining: DSP cfu_system/VexRiscv/execute_to_memory_MUL_HL_reg input cfu_system/VexRiscv/execute_to_memory_MUL_HL_reg/A[29:0] is not pipelined. Pipelining DSP48 input will improve performance.
WARNING: [DRC DPIP-1] Input pipelining: DSP cfu_system/VexRiscv/execute_to_memory_MUL_HL_reg input cfu_system/VexRiscv/execute_to_memory_MUL_HL_reg/B[17:0] is not pipelined. Pipelining DSP48 input will improve performance.
WARNING: [DRC DPIP-1] Input pipelining: DSP cfu_system/VexRiscv/execute_to_memory_MUL_LH_reg input cfu_system/VexRiscv/execute_to_memory_MUL_LH_reg/A[29:0] is not pipelined. Pipelining DSP48 input will improve performance.
WARNING: [DRC DPIP-1] Input pipelining: DSP cfu_system/VexRiscv/execute_to_memory_MUL_LH_reg input cfu_system/VexRiscv/execute_to_memory_MUL_LH_reg/B[17:0] is not pipelined. Pipelining DSP48 input will improve performance.
WARNING: [DRC DPIP-1] Input pipelining: DSP cfu_system/VexRiscv/execute_to_memory_MUL_LL_reg input cfu_system/VexRiscv/execute_to_memory_MUL_LL_reg/A[29:0] is not pipelined. Pipelining DSP48 input will improve performance.
WARNING: [DRC DPIP-1] Input pipelining: DSP cfu_system/VexRiscv/execute_to_memory_MUL_LL_reg input cfu_system/VexRiscv/execute_to_memory_MUL_LL_reg/B[17:0] is not pipelined. Pipelining DSP48 input will improve performance.
WARNING: [DRC DPIP-1] Input pipelining: DSP cfu_system/VexRiscv/memory_to_writeBack_MUL_HH_reg input cfu_system/VexRiscv/memory_to_writeBack_MUL_HH_reg/A[29:0] is not pipelined. Pipelining DSP48 input will improve performance.
WARNING: [DRC DPIP-1] Input pipelining: DSP cfu_system/VexRiscv/memory_to_writeBack_MUL_HH_reg input cfu_system/VexRiscv/memory_to_writeBack_MUL_HH_reg/B[17:0] is not pipelined. Pipelining DSP48 input will improve performance.
WARNING: [DRC DPOP-2] MREG Output pipelining: DSP cfu_system/VexRiscv/execute_to_memory_MUL_HL_reg multiplier stage cfu_system/VexRiscv/execute_to_memory_MUL_HL_reg/P[47:0] is not pipelined (MREG=0). Pipelining the multiplier function will improve performance and will save significant power so it is suggested whenever possible to fully pipeline this function.  If this multiplier was inferred, it is suggested to describe an additional register stage after this function.  If there is no registered adder/accumulator following the multiply function, two pipeline stages are suggested to allow both the MREG and PREG registers to be used.  If the DSP48 was instantiated in the design, it is suggested to set both the MREG and PREG attributes to 1 when performing multiply functions.
WARNING: [DRC DPOP-2] MREG Output pipelining: DSP cfu_system/VexRiscv/execute_to_memory_MUL_LH_reg multiplier stage cfu_system/VexRiscv/execute_to_memory_MUL_LH_reg/P[47:0] is not pipelined (MREG=0). Pipelining the multiplier function will improve performance and will save significant power so it is suggested whenever possible to fully pipeline this function.  If this multiplier was inferred, it is suggested to describe an additional register stage after this function.  If there is no registered adder/accumulator following the multiply function, two pipeline stages are suggested to allow both the MREG and PREG registers to be used.  If the DSP48 was instantiated in the design, it is suggested to set both the MREG and PREG attributes to 1 when performing multiply functions.
WARNING: [DRC DPOP-2] MREG Output pipelining: DSP cfu_system/VexRiscv/execute_to_memory_MUL_LL_reg multiplier stage cfu_system/VexRiscv/execute_to_memory_MUL_LL_reg/P[47:0] is not pipelined (MREG=0). Pipelining the multiplier function will improve performance and will save significant power so it is suggested whenever possible to fully pipeline this function.  If this multiplier was inferred, it is suggested to describe an additional register stage after this function.  If there is no registered adder/accumulator following the multiply function, two pipeline stages are suggested to allow both the MREG and PREG registers to be used.  If the DSP48 was instantiated in the design, it is suggested to set both the MREG and PREG attributes to 1 when performing multiply functions.
WARNING: [DRC PDCN-1569] LUT equation term check: Used physical LUT pin 'A2' of cell dbg_hub/inst/BSCANID.u_xsdbm_id/SWITCH_N_EXT_BSCAN.bscan_switch/temp_curid[31]_i_1 (pin dbg_hub/inst/BSCANID.u_xsdbm_id/SWITCH_N_EXT_BSCAN.bscan_switch/temp_curid[31]_i_1/I0) is not included in the LUT equation: 'O5=(A3*A1)+(A3*(~A1)*(~A4))+((~A3))'. If this cell is a user instantiated LUT in the design, please remove connectivity to the pin or change the equation and/or INIT string of the LUT to prevent this issue. If the cell is inferred or IP created LUT, please regenerate the IP and/or resynthesize the design to attempt to correct the issue.
WARNING: [DRC PDCN-1569] LUT equation term check: Used physical LUT pin 'A3' of cell dbg_hub/inst/BSCANID.u_xsdbm_id/SWITCH_N_EXT_BSCAN.id_state[0]_i_1 (pin dbg_hub/inst/BSCANID.u_xsdbm_id/SWITCH_N_EXT_BSCAN.id_state[0]_i_1/I0) is not included in the LUT equation: 'O6=(A6+~A6)*((A4))'. If this cell is a user instantiated LUT in the design, please remove connectivity to the pin or change the equation and/or INIT string of the LUT to prevent this issue. If the cell is inferred or IP created LUT, please regenerate the IP and/or resynthesize the design to attempt to correct the issue.
WARNING: [DRC PDCN-1569] LUT equation term check: Used physical LUT pin 'A5' of cell dbg_hub/inst/BSCANID.u_xsdbm_id/SWITCH_N_EXT_BSCAN.bscan_switch/temp_curid[31]_i_1 (pin dbg_hub/inst/BSCANID.u_xsdbm_id/SWITCH_N_EXT_BSCAN.bscan_switch/temp_curid[31]_i_1/I1) is not included in the LUT equation: 'O5=(A3*A1)+(A3*(~A1)*(~A4))+((~A3))'. If this cell is a user instantiated LUT in the design, please remove connectivity to the pin or change the equation and/or INIT string of the LUT to prevent this issue. If the cell is inferred or IP created LUT, please regenerate the IP and/or resynthesize the design to attempt to correct the issue.
WARNING: [DRC RTSTAT-10] No routable loads: 27 net(s) have no routable loads. The problem bus(es) and/or net(s) are dbg_hub/inst/BSCANID.u_xsdbm_id/SWITCH_N_EXT_BSCAN.bscan_inst/TMS, dbg_hub/inst/BSCANID.u_xsdbm_id/CORE_XSDB.UUT_MASTER/U_ICON_INTERFACE/U_CMD6_RD/U_RD_FIFO/SUBCORE_FIFO.xsdbm_v3_0_2_rdfifo_inst/inst_fifo_gen/gconvfifo.rf/grf.rf/gntv_or_sync_fifo.gl0.rd/gr1.gr1_int.rfwft/aempty_fwft_i, dbg_hub/inst/BSCANID.u_xsdbm_id/CORE_XSDB.UUT_MASTER/U_ICON_INTERFACE/U_CMD7_CTL/ctl_reg[2:0], dbg_hub/inst/BSCANID.u_xsdbm_id/CORE_XSDB.UUT_MASTER/U_ICON_INTERFACE/U_CMD1/ctl_reg_en_2[1], dbg_hub/inst/BSCANID.u_xsdbm_id/CORE_XSDB.UUT_MASTER/U_ICON_INTERFACE/U_CMD7_CTL/ctl_reg_en_2[1], dbg_hub/inst/BSCANID.u_xsdbm_id/SWITCH_N_EXT_BSCAN.bscan_switch/m_bscan_capture[0], dbg_hub/inst/BSCANID.u_xsdbm_id/SWITCH_N_EXT_BSCAN.bscan_switch/m_bscan_drck[0], dbg_hub/inst/BSCANID.u_xsdbm_id/SWITCH_N_EXT_BSCAN.bscan_switch/m_bscan_runtest[0], dbg_hub/inst/BSCANID.u_xsdbm_id/CORE_XSDB.UUT_MASTER/U_ICON_INTERFACE/U_CMD6_WR/U_WR_FIFO/SUBCORE_FIFO.xsdbm_v3_0_2_wrfifo_inst/inst_fifo_gen/gconvfifo.rf/grf.rf/rstblk/ngwrdrst.grst.rd_rst_reg[0], dbg_hub/inst/BSCANID.u_xsdbm_id/CORE_XSDB.UUT_MASTER/U_ICON_INTERFACE/U_CMD6_WR/U_WR_FIFO/SUBCORE_FIFO.xsdbm_v3_0_2_wrfifo_inst/inst_fifo_gen/gconvfifo.rf/grf.rf/rstblk/ngwrdrst.grst.wr_rst_reg[2], dbg_hub/inst/BSCANID.u_xsdbm_id/CORE_XSDB.UUT_MASTER/U_ICON_INTERFACE/U_CMD6_RD/U_RD_FIFO/SUBCORE_FIFO.xsdbm_v3_0_2_rdfifo_inst/inst_fifo_gen/gconvfifo.rf/grf.rf/rstblk/ngwrdrst.grst.wr_rst_reg[2], dbg_hub/inst/BSCANID.u_xsdbm_id/CORE_XSDB.UUT_MASTER/U_ICON_INTERFACE/U_CMD6_RD/U_RD_FIFO/SUBCORE_FIFO.xsdbm_v3_0_2_rdfifo_inst/inst_fifo_gen/gconvfifo.rf/grf.rf/gntv_or_sync_fifo.gl0.wr/gwhf.whf/overflow, dbg_hub/inst/BSCANID.u_xsdbm_id/CORE_XSDB.UUT_MASTER/U_ICON_INTERFACE/U_CMD6_WR/U_WR_FIFO/SUBCORE_FIFO.xsdbm_v3_0_2_wrfifo_inst/inst_fifo_gen/gconvfifo.rf/grf.rf/gntv_or_sync_fifo.gl0.wr/gwhf.whf/overflow, dbg_hub/inst/BSCANID.u_xsdbm_id/CORE_XSDB.UUT_MASTER/U_ICON_INTERFACE/U_CMD6_RD/U_RD_FIFO/SUBCORE_FIFO.xsdbm_v3_0_2_rdfifo_inst/inst_fifo_gen/gconvfifo.rf/grf.rf/gntv_or_sync_fifo.gl0.rd/gras.rsts/ram_empty_i, dbg_hub/inst/BSCANID.u_xsdbm_id/CORE_XSDB.UUT_MASTER/U_ICON_INTERFACE/U_CMD6_WR/U_WR_FIFO/SUBCORE_FIFO.xsdbm_v3_0_2_wrfifo_inst/inst_fifo_gen/gconvfifo.rf/grf.rf/gntv_or_sync_fifo.gl0.wr/gwas.wsts/ram_full_i... and (the first 15 of 25 listed).
INFO: [Vivado 12-3199] DRC finished with 0 Errors, 15 Warnings
INFO: [Vivado 12-3200] Please refer to the DRC report (report_drc) for more information.
Partition "pblock_cfu_inst" Reconfigurable Module "cfu_system/Cfu/cfu_inst"
INFO: [Vivado 12-4077] No full design bitstream will be created with the use of the -cell option.
Process Partition "pblock_cfu_inst"
INFO: [Designutils 20-2272] Running write_bitstream with 8 threads.
Loading data files...
Loading site data...
Loading route data...
Processing options...
WARNING: [Designutils 12-1515] STARTUP component has an active signal connected to CLK pin. Setting StartupClk to UserClk.
Partition "pblock_cfu_inst" has RESET_AFTER_RECONFIG = TRUE.
Creating bitmap...
Creating bitstream...
Partial bitstream contains 1625568 bits.
Writing bitstream ./cfu_system_Cfu_cfu_inst_Shift_Mul_partial.bit...
INFO: [Vivado 12-1842] Bitgen Completed Successfully.
INFO: [Project 1-1876] WebTalk data collection is mandatory when using a ULT device. To see the specific WebTalk data collected for your design, open the usage_statistics_webtalk.html or usage_statistics_webtalk.xml file in the implementation directory.
INFO: [Common 17-83] Releasing license: Implementation
194 Infos, 42 Warnings, 1 Critical Warnings and 0 Errors encountered.
write_bitstream completed successfully
write_bitstream: Time (s): cpu = 00:00:11 ; elapsed = 00:00:07 . Memory (MB): peak = 3556.633 ; gain = 0.000 ; free physical = 4911 ; free virtual = 14573
INFO: [Common 17-206] Exiting Vivado at Wed Nov 26 14:50:03 2025...
