
*** Running vivado
    with args -log system_rst_ps7_0_100M_0.vds -m64 -product Vivado -mode batch -messageDb vivado.pb -notrace -source system_rst_ps7_0_100M_0.tcl


****** Vivado v2024.1 (64-bit)
  **** SW Build 5076996 on Wed May 22 18:36:09 MDT 2024
  **** IP Build 5075265 on Wed May 22 21:45:21 MDT 2024
  **** SharedData Build 5076995 on Wed May 22 18:29:18 MDT 2024
  **** Start of session at: Wed Nov 26 14:43:12 2025
    ** Copyright 1986-2022 Xilinx, Inc. All Rights Reserved.
    ** Copyright 2022-2024 Advanced Micro Devices, Inc. All Rights Reserved.

source system_rst_ps7_0_100M_0.tcl -notrace
create_project: Time (s): cpu = 00:00:13 ; elapsed = 00:00:13 . Memory (MB): peak = 1360.516 ; gain = 26.840 ; free physical = 148 ; free virtual = 12047
INFO: [IP_Flow 19-234] Refreshing IP repositories
WARNING: [IP_Flow 19-2248] Failed to load user IP repository '/home/work/Xilinx/Vivado/2024.2/data/ip'; Can't find the specified path.
If this directory should no longer be in your list of user repositories, go to the IP Settings dialog and remove it.
WARNING: [IP_Flow 19-2248] Failed to load user IP repository '/home/primary/vivado-library/ip'; Can't find the specified path.
If this directory should no longer be in your list of user repositories, go to the IP Settings dialog and remove it.
INFO: [IP_Flow 19-2313] Loaded Vivado IP repository '/home/jsp/Storage/Vivado/2024.1/data/ip'.
INFO: [IP_Flow 19-6924] IPCACHE: Running cache check for IP inst: system_rst_ps7_0_100M_0
INFO: [IP_Flow 19-6922] IPCACHE: Exporting cached entry b8f54495fb308d40 to dir: /home/jsp/Storage/CFU_PYNQ_FIles/CFU_SRC/pynq_z2/pynq_z2/arunQAFDHGDZXVNBDXG_gae.runs/system_rst_ps7_0_100M_0_synth_1
INFO: [IP_Flow 19-6928] IPCACHE: copied cached file /home/jsp/Storage/CFU_PYNQ_FIles/CFU_SRC/pynq_z2/pynq_z2/arunQAFDHGDZXVNBDXG_gae.cache/ip/2024.1/b/8/b8f54495fb308d40/system_rst_ps7_0_100M_0_sim_netlist.v to /home/jsp/Storage/CFU_PYNQ_FIles/CFU_SRC/pynq_z2/pynq_z2/arunQAFDHGDZXVNBDXG_gae.runs/system_rst_ps7_0_100M_0_synth_1/system_rst_ps7_0_100M_0_sim_netlist.v.
INFO: [IP_Flow 19-6928] IPCACHE: copied cached file /home/jsp/Storage/CFU_PYNQ_FIles/CFU_SRC/pynq_z2/pynq_z2/arunQAFDHGDZXVNBDXG_gae.cache/ip/2024.1/b/8/b8f54495fb308d40/system_rst_ps7_0_100M_0_stub.vhdl to /home/jsp/Storage/CFU_PYNQ_FIles/CFU_SRC/pynq_z2/pynq_z2/arunQAFDHGDZXVNBDXG_gae.runs/system_rst_ps7_0_100M_0_synth_1/system_rst_ps7_0_100M_0_stub.vhdl.
INFO: [IP_Flow 19-6928] IPCACHE: copied cached file /home/jsp/Storage/CFU_PYNQ_FIles/CFU_SRC/pynq_z2/pynq_z2/arunQAFDHGDZXVNBDXG_gae.cache/ip/2024.1/b/8/b8f54495fb308d40/system_rst_ps7_0_100M_0_sim_netlist.vhdl to /home/jsp/Storage/CFU_PYNQ_FIles/CFU_SRC/pynq_z2/pynq_z2/arunQAFDHGDZXVNBDXG_gae.runs/system_rst_ps7_0_100M_0_synth_1/system_rst_ps7_0_100M_0_sim_netlist.vhdl.
INFO: [IP_Flow 19-6928] IPCACHE: copied cached file /home/jsp/Storage/CFU_PYNQ_FIles/CFU_SRC/pynq_z2/pynq_z2/arunQAFDHGDZXVNBDXG_gae.cache/ip/2024.1/b/8/b8f54495fb308d40/system_rst_ps7_0_100M_0_stub.v to /home/jsp/Storage/CFU_PYNQ_FIles/CFU_SRC/pynq_z2/pynq_z2/arunQAFDHGDZXVNBDXG_gae.runs/system_rst_ps7_0_100M_0_synth_1/system_rst_ps7_0_100M_0_stub.v.
INFO: [IP_Flow 19-6928] IPCACHE: copied cached file /home/jsp/Storage/CFU_PYNQ_FIles/CFU_SRC/pynq_z2/pynq_z2/arunQAFDHGDZXVNBDXG_gae.cache/ip/2024.1/b/8/b8f54495fb308d40/system_rst_ps7_0_100M_0.dcp to /home/jsp/Storage/CFU_PYNQ_FIles/CFU_SRC/pynq_z2/pynq_z2/arunQAFDHGDZXVNBDXG_gae.runs/system_rst_ps7_0_100M_0_synth_1/system_rst_ps7_0_100M_0.dcp.
INFO: [IP_Flow 19-4838] Using cached IP synthesis design for IP system_rst_ps7_0_100M_0, cache-ID = b8f54495fb308d40.
INFO: [Common 17-206] Exiting Vivado at Wed Nov 26 14:43:32 2025...
