Copyright 1986-2022 Xilinx, Inc. All Rights Reserved. Copyright 2022-2024 Advanced Micro Devices, Inc. All Rights Reserved.
-------------------------------------------------------------------------------------------------------------------------------------------------
| Tool Version     : Vivado v.2024.1 (lin64) Build 5076996 Wed May 22 18:36:09 MDT 2024
| Date             : Fri Nov 21 12:50:30 2025
| Host             : jsp-H370M-D3H running 64-bit Ubuntu 24.04.3 LTS
| Command          : report_power -file digilent_arty_power.rpt
| Design           : digilent_arty
| Device           : xc7a35ticsg324-1L
| Design State     : routed
| Grade            : industrial
| Process          : typical
| Characterization : Production
-------------------------------------------------------------------------------------------------------------------------------------------------

Power Report

Table of Contents
-----------------
1. Summary
1.1 On-Chip Components
1.2 Power Supply Summary
1.3 Confidence Level
2. Settings
2.1 Environment
2.2 Clock Constraints
3. Detailed Reports
3.1 By Hierarchy

1. Summary
----------

+--------------------------+--------------+
| Total On-Chip Power (W)  | 0.541        |
| Design Power Budget (W)  | Unspecified* |
| Power Budget Margin (W)  | NA           |
| Dynamic (W)              | 0.477        |
| Device Static (W)        | 0.064        |
| Effective TJA (C/W)      | 4.8          |
| Max Ambient (C)          | 97.4         |
| Junction Temperature (C) | 27.6         |
| Confidence Level         | Low          |
| Setting File             | ---          |
| Simulation Activity File | ---          |
| Design Nets Matched      | NA           |
+--------------------------+--------------+
* Specify Design Power Budget using, set_operating_conditions -design_power_budget <value in Watts>


1.1 On-Chip Components
----------------------

+--------------------------+-----------+----------+-----------+-----------------+
| On-Chip                  | Power (W) | Used     | Available | Utilization (%) |
+--------------------------+-----------+----------+-----------+-----------------+
| Clocks                   |     0.024 |        9 |       --- |             --- |
| Slice Logic              |     0.026 |    10169 |       --- |             --- |
|   LUT as Logic           |     0.023 |     4736 |     20800 |           22.77 |
|   Register               |     0.001 |     3878 |     41600 |            9.32 |
|   LUT as Distributed RAM |    <0.001 |      144 |      9600 |            1.50 |
|   CARRY4                 |    <0.001 |      233 |      8150 |            2.86 |
|   F7/F8 Muxes            |    <0.001 |       37 |     32600 |            0.11 |
|   LUT as Shift Register  |    <0.001 |        2 |      9600 |            0.02 |
|   Others                 |     0.000 |       17 |       --- |             --- |
| Signals                  |     0.038 |     8873 |       --- |             --- |
| Block RAM                |     0.046 |     23.5 |        50 |           47.00 |
| PLL                      |     0.128 |        1 |         5 |           20.00 |
| DSPs                     |     0.004 |        4 |        90 |            4.44 |
| I/O                      |     0.210 |       57 |       210 |           27.14 |
| Static Power             |     0.064 |          |           |                 |
| Total                    |     0.541 |          |           |                 |
+--------------------------+-----------+----------+-----------+-----------------+


1.2 Power Supply Summary
------------------------

+-----------+-------------+-----------+-------------+------------+-------------+-------------+------------+
| Source    | Voltage (V) | Total (A) | Dynamic (A) | Static (A) | Powerup (A) | Budget (A)  | Margin (A) |
+-----------+-------------+-----------+-------------+------------+-------------+-------------+------------+
| Vccint    |       0.950 |     0.167 |       0.160 |      0.007 |       NA    | Unspecified | NA         |
| Vccaux    |       1.800 |     0.129 |       0.117 |      0.011 |       NA    | Unspecified | NA         |
| Vcco33    |       3.300 |     0.002 |       0.001 |      0.001 |       NA    | Unspecified | NA         |
| Vcco25    |       2.500 |     0.000 |       0.000 |      0.000 |       NA    | Unspecified | NA         |
| Vcco18    |       1.800 |     0.000 |       0.000 |      0.000 |       NA    | Unspecified | NA         |
| Vcco15    |       1.500 |     0.000 |       0.000 |      0.000 |       NA    | Unspecified | NA         |
| Vcco135   |       1.350 |     0.080 |       0.079 |      0.001 |       NA    | Unspecified | NA         |
| Vcco12    |       1.200 |     0.000 |       0.000 |      0.000 |       NA    | Unspecified | NA         |
| Vccaux_io |       1.800 |     0.000 |       0.000 |      0.000 |       NA    | Unspecified | NA         |
| Vccbram   |       0.950 |     0.004 |       0.003 |      0.000 |       NA    | Unspecified | NA         |
| MGTAVcc   |       1.000 |     0.000 |       0.000 |      0.000 |       NA    | Unspecified | NA         |
| MGTAVtt   |       1.200 |     0.000 |       0.000 |      0.000 |       NA    | Unspecified | NA         |
| Vccadc    |       1.800 |     0.018 |       0.000 |      0.018 |       NA    | Unspecified | NA         |
+-----------+-------------+-----------+-------------+------------+-------------+-------------+------------+


1.3 Confidence Level
--------------------

+-----------------------------+------------+--------------------------------------------------------+------------------------------------------------------------------------------------------------------------+
| User Input Data             | Confidence | Details                                                | Action                                                                                                     |
+-----------------------------+------------+--------------------------------------------------------+------------------------------------------------------------------------------------------------------------+
| Design implementation state | High       | Design is routed                                       |                                                                                                            |
| Clock nodes activity        | High       | User specified more than 95% of clocks                 |                                                                                                            |
| I/O nodes activity          | Low        | More than 75% of inputs are missing user specification | Provide missing input activity with simulation results or by editing the "By Resource Type -> I/Os" view   |
| Internal nodes activity     | Medium     | User specified less than 25% of internal nodes         | Provide missing internal nodes activity with simulation results or by editing the "By Resource Type" views |
| Device models               | High       | Device models are Production                           |                                                                                                            |
|                             |            |                                                        |                                                                                                            |
| Overall confidence level    | Low        |                                                        |                                                                                                            |
+-----------------------------+------------+--------------------------------------------------------+------------------------------------------------------------------------------------------------------------+


2. Settings
-----------

2.1 Environment
---------------

+-----------------------+--------------------------+
| Ambient Temp (C)      | 25.0                     |
| ThetaJA (C/W)         | 4.8                      |
| Airflow (LFM)         | 250                      |
| Heat Sink             | medium (Medium Profile)  |
| ThetaSA (C/W)         | 4.6                      |
| Board Selection       | medium (10"x10")         |
| # of Board Layers     | 12to15 (12 to 15 Layers) |
| Board Temperature (C) | 25.0                     |
+-----------------------+--------------------------+


2.2 Clock Constraints
---------------------

+----------------------------+----------------------------+-----------------+
| Clock                      | Domain                     | Constraint (ns) |
+----------------------------+----------------------------+-----------------+
| clk100                     | clk100                     |            10.0 |
| soc_builder_basesoc_pll_fb | soc_builder_basesoc_pll_fb |            10.0 |
| soc_crg_clkout0            | soc_crg_clkout0            |            10.0 |
| soc_crg_clkout1            | soc_crg_clkout1            |            40.0 |
| soc_crg_clkout2            | soc_crg_clkout2            |             2.5 |
| soc_crg_clkout3            | soc_crg_clkout3            |             2.5 |
| soc_crg_clkout4            | soc_crg_clkout4            |             5.0 |
+----------------------------+----------------------------+-----------------+


3. Detailed Reports
-------------------

3.1 By Hierarchy
----------------

+----------------------------+-----------+
| Name                       | Power (W) |
+----------------------------+-----------+
| digilent_arty              |     0.477 |
|   Cfu                      |     0.004 |
|     fn0                    |     0.001 |
|     fn3                    |     0.002 |
|   IOBUF                    |     0.004 |
|   IOBUFDS                  |     0.015 |
|     OBUFTDS                |     0.003 |
|   IOBUFDS_1                |     0.015 |
|     OBUFTDS                |     0.003 |
|   IOBUF_1                  |     0.004 |
|   IOBUF_10                 |     0.004 |
|   IOBUF_11                 |     0.004 |
|   IOBUF_12                 |     0.004 |
|   IOBUF_13                 |     0.004 |
|   IOBUF_14                 |     0.004 |
|   IOBUF_15                 |     0.004 |
|   IOBUF_2                  |     0.004 |
|   IOBUF_3                  |     0.004 |
|   IOBUF_4                  |     0.004 |
|   IOBUF_5                  |     0.004 |
|   IOBUF_6                  |     0.004 |
|   IOBUF_7                  |     0.004 |
|   IOBUF_8                  |     0.004 |
|   IOBUF_9                  |     0.004 |
|   OBUFDS                   |     0.002 |
|   VexRiscv                 |     0.068 |
|     IBusCachedPlugin_cache |     0.019 |
|     dataCache_1            |     0.007 |
+----------------------------+-----------+


