Copyright 1986-2022 Xilinx, Inc. All Rights Reserved. Copyright 2022-2024 Advanced Micro Devices, Inc. All Rights Reserved.
---------------------------------------------------------------------------------------------------------------------------------------------
| Tool Version : Vivado v.2024.1 (lin64) Build 5076996 Wed May 22 18:36:09 MDT 2024
| Date         : Fri Nov 21 12:49:31 2025
| Host         : jsp-H370M-D3H running 64-bit Ubuntu 24.04.3 LTS
| Command      : report_utilization -hierarchical -file digilent_arty_utilization_hierarchical_synth.rpt
| Design       : digilent_arty
| Device       : xc7a35ticsg324-1L
| Speed File   : -1L
| Design State : Synthesized
---------------------------------------------------------------------------------------------------------------------------------------------

Utilization Design Information

Table of Contents
-----------------
1. Utilization by Hierarchy

1. Utilization by Hierarchy
---------------------------

+----------------------------+------------------+------------+------------+---------+------+------+--------+--------+------------+
|          Instance          |      Module      | Total LUTs | Logic LUTs | LUTRAMs | SRLs |  FFs | RAMB36 | RAMB18 | DSP Blocks |
+----------------------------+------------------+------------+------------+---------+------+------+--------+--------+------------+
| digilent_arty              |            (top) |       5079 |       4933 |     144 |    2 | 3883 |     11 |     25 |          4 |
|   (digilent_arty)          |            (top) |       1975 |       1829 |     144 |    2 | 2279 |     10 |     17 |          0 |
|   Cfu                      |              Cfu |        210 |        210 |       0 |    0 |  134 |      0 |      0 |          0 |
|     (Cfu)                  |              Cfu |         22 |         22 |       0 |    0 |   37 |      0 |      0 |          0 |
|     fn0                    |              fn0 |         36 |         36 |       0 |    0 |    0 |      0 |      0 |          0 |
|     fn3                    |              fn3 |        152 |        152 |       0 |    0 |   97 |      0 |      0 |          0 |
|   VexRiscv                 |         VexRiscv |       2894 |       2894 |       0 |    0 | 1470 |      1 |      8 |          4 |
|     (VexRiscv)             |         VexRiscv |       1434 |       1434 |       0 |    0 | 1311 |      0 |      2 |          4 |
|     IBusCachedPlugin_cache | InstructionCache |        888 |        888 |       0 |    0 |  100 |      1 |      1 |          0 |
|     dataCache_1            |        DataCache |        572 |        572 |       0 |    0 |   59 |      0 |      5 |          0 |
+----------------------------+------------------+------------+------------+---------+------+------+--------+--------+------------+


