Copyright 1986-2022 Xilinx, Inc. All Rights Reserved. Copyright 2022-2024 Advanced Micro Devices, Inc. All Rights Reserved.
---------------------------------------------------------------------------------------------------------------------------------------------
| Tool Version : Vivado v.2024.1 (lin64) Build 5076996 Wed May 22 18:36:09 MDT 2024
| Date         : Fri Nov 21 12:49:57 2025
| Host         : jsp-H370M-D3H running 64-bit Ubuntu 24.04.3 LTS
| Command      : report_control_sets -verbose -file digilent_arty_control_sets.rpt
| Design       : digilent_arty
| Device       : xc7a35ti
---------------------------------------------------------------------------------------------------------------------------------------------

Control Set Information

Table of Contents
-----------------
1. Summary
2. Histogram
3. Flip-Flop Distribution
4. Detailed Control Set Information

1. Summary
----------

+----------------------------------------------------------+-------+
|                          Status                          | Count |
+----------------------------------------------------------+-------+
| Total control sets                                       |   160 |
|    Minimum number of control sets                        |   160 |
|    Addition due to synthesis replication                 |     0 |
|    Addition due to physical synthesis replication        |     0 |
| Unused register locations in slices containing registers |   394 |
+----------------------------------------------------------+-------+
* Control sets can be merged at opt_design using control_set_merge or merge_equivalent_drivers
** Run report_qor_suggestions for automated merging and remapping suggestions


2. Histogram
------------

+--------------------+-------+
|       Fanout       | Count |
+--------------------+-------+
| Total control sets |   160 |
| >= 0 to < 4        |    16 |
| >= 4 to < 6        |    45 |
| >= 6 to < 8        |     7 |
| >= 8 to < 10       |     7 |
| >= 10 to < 12      |     1 |
| >= 12 to < 14      |     0 |
| >= 14 to < 16      |    13 |
| >= 16              |    71 |
+--------------------+-------+
* Control sets can be remapped at either synth_design or opt_design


3. Flip-Flop Distribution
-------------------------

+--------------+-----------------------+------------------------+-----------------+--------------+
| Clock Enable | Synchronous Set/Reset | Asynchronous Set/Reset | Total Registers | Total Slices |
+--------------+-----------------------+------------------------+-----------------+--------------+
| No           | No                    | No                     |             534 |          228 |
| No           | No                    | Yes                    |               4 |            2 |
| No           | Yes                   | No                     |             871 |          317 |
| Yes          | No                    | No                     |            1300 |          483 |
| Yes          | No                    | Yes                    |               0 |            0 |
| Yes          | Yes                   | No                     |            1169 |          404 |
+--------------+-----------------------+------------------------+-----------------+--------------+


4. Detailed Control Set Information
-----------------------------------

+----------------+---------------------------------------------------------------------------------------------------------------+-------------------------------------------------------------------------+------------------+----------------+--------------+
|  Clock Signal  |                                                 Enable Signal                                                 |                             Set/Reset Signal                            | Slice Load Count | Bel Load Count | Bels / Slice |
+----------------+---------------------------------------------------------------------------------------------------------------+-------------------------------------------------------------------------+------------------+----------------+--------------+
|  idelay_clk    |                                                                                                               |                                                                         |                1 |              1 |         1.00 |
|  sys_clk       |                                                                                                               | soc_basesoc_sdram_bankmachine5_twtpcon_ready_i_1_n_0                    |                1 |              1 |         1.00 |
|  sys_clk       | soc_basesoc_sdram_tfawcon_ready_reg0                                                                          | soc_basesoc_sdram_tfawcon_ready_i_1_n_0                                 |                1 |              1 |         1.00 |
|  sys_clk       |                                                                                                               | soc_basesoc_sdram_bankmachine7_twtpcon_ready_i_1_n_0                    |                1 |              1 |         1.00 |
|  sys_clk       |                                                                                                               | soc_basesoc_sdram_twtrcon_ready_i_1_n_0                                 |                1 |              1 |         1.00 |
|  sys_clk       | soc_basesoc_serial_tx_rs232phytx_next_value_ce1                                                               | sys_rst                                                                 |                1 |              1 |         1.00 |
|  sys_clk       |                                                                                                               | soc_basesoc_sdram_bankmachine3_twtpcon_ready_i_1_n_0                    |                1 |              1 |         1.00 |
|  sys_clk       |                                                                                                               | soc_basesoc_sdram_bankmachine0_twtpcon_ready_i_1_n_0                    |                1 |              1 |         1.00 |
|  sys_clk       |                                                                                                               | soc_basesoc_sdram_bankmachine6_twtpcon_ready_i_1_n_0                    |                1 |              1 |         1.00 |
|  sys_clk       |                                                                                                               | soc_basesoc_sdram_bankmachine4_twtpcon_ready_i_1_n_0                    |                1 |              1 |         1.00 |
|  sys_clk       |                                                                                                               | soc_basesoc_sdram_trrdcon_ready_i_1_n_0                                 |                1 |              1 |         1.00 |
|  sys_clk       |                                                                                                               | soc_basesoc_sdram_bankmachine2_twtpcon_ready_i_1_n_0                    |                1 |              1 |         1.00 |
|  sys_clk       |                                                                                                               | soc_basesoc_sdram_bankmachine1_twtpcon_ready_i_1_n_0                    |                1 |              1 |         1.00 |
|  sys_clk       |                                                                                                               | soc_builder_xilinxasyncresetsynchronizerimpl0                           |                1 |              2 |         2.00 |
|  idelay_clk    |                                                                                                               | soc_builder_xilinxasyncresetsynchronizerimpl0                           |                1 |              2 |         2.00 |
|  sys_clk       | VexRiscv/_zz_iBus_rsp_valid                                                                                   | VexRiscv/dataCache_1/SR[0]                                              |                1 |              3 |         3.00 |
|  sys_clk       | VexRiscv/IBusCachedPlugin_cache/FSM_sequential_soc_builder_basesoc_litedramwishbone2native_state_reg[1]_10[0] | sys_rst                                                                 |                1 |              4 |         4.00 |
|  sys_clk       | soc_builder_basesoc_bankmachine4_next_state                                                                   | sys_rst                                                                 |                2 |              4 |         2.00 |
|  sys_clk       | soc_basesoc_uart_rx_fifo_syncfifo_re                                                                          | sys_rst                                                                 |                1 |              4 |         4.00 |
|  sys_clk       | soc_builder_csr_bankarray_csrbank2_out0_re                                                                    | sys_rst                                                                 |                1 |              4 |         4.00 |
|  sys_clk       | VexRiscv/IBusCachedPlugin_cache/FSM_sequential_soc_builder_basesoc_litedramwishbone2native_state_reg[1]_9[0]  | sys_rst                                                                 |                1 |              4 |         4.00 |
|  sys_clk       | soc_basesoc_uart_tx_fifo_syncfifo_re                                                                          | sys_rst                                                                 |                1 |              4 |         4.00 |
|  sys_clk       | soc_basesoc_rx_tick                                                                                           | soc_basesoc_rx_phase[31]_i_1_n_0                                        |                1 |              4 |         4.00 |
|  sys_clk       | soc_builder_basesoc_bankmachine5_next_state                                                                   | sys_rst                                                                 |                2 |              4 |         2.00 |
|  sys_clk       | VexRiscv/IBusCachedPlugin_cache/FSM_sequential_soc_builder_basesoc_litedramwishbone2native_state_reg[1]_12[0] | sys_rst                                                                 |                1 |              4 |         4.00 |
|  sys_clk       | VexRiscv/IBusCachedPlugin_cache/FSM_sequential_soc_builder_basesoc_litedramwishbone2native_state_reg[1]_11[0] | sys_rst                                                                 |                1 |              4 |         4.00 |
|  sys_clk       | soc_basesoc_uart_tx_fifo_wrport_we__0                                                                         | sys_rst                                                                 |                1 |              4 |         4.00 |
|  sys_clk       | soc_builder_basesoc_bankmachine3_next_state                                                                   | sys_rst                                                                 |                2 |              4 |         2.00 |
|  sys_clk       | VexRiscv/IBusCachedPlugin_cache/FSM_sequential_soc_builder_basesoc_litedramwishbone2native_state_reg[1]_13[0] | sys_rst                                                                 |                1 |              4 |         4.00 |
|  sys_clk       | soc_builder_basesoc_bankmachine6_next_state                                                                   | sys_rst                                                                 |                2 |              4 |         2.00 |
|  sys_clk       | soc_done                                                                                                      | sys_rst                                                                 |                1 |              4 |         4.00 |
|  idelay_clk    | soc_crg_reset_counter[3]_i_1_n_0                                                                              | idelay_rst                                                              |                1 |              4 |         4.00 |
|  sys_clk       | soc_basesoc_uart_rx_fifo_wrport_we__0                                                                         | sys_rst                                                                 |                1 |              4 |         4.00 |
|  sys_clk       | soc_builder_basesoc_multiplexer_next_state                                                                    | sys_rst                                                                 |                1 |              4 |         4.00 |
|  sys_clk       | soc_builder_basesoc_bankmachine7_next_state                                                                   | sys_rst                                                                 |                2 |              4 |         2.00 |
|  sys_clk       | soc_builder_basesoc_bankmachine2_next_state                                                                   | sys_rst                                                                 |                1 |              4 |         4.00 |
|  sys_clk       | soc_builder_basesoc_bankmachine0_next_state                                                                   | sys_rst                                                                 |                1 |              4 |         4.00 |
|  sys_clk       |                                                                                                               | soc_basesoc_sdram_bankmachine5_trascon_count[1]_i_1_n_0                 |                1 |              4 |         4.00 |
|  sys_clk       |                                                                                                               | soc_basesoc_sdram_bankmachine2_trascon_count[1]_i_1_n_0                 |                1 |              4 |         4.00 |
|  sys_clk       |                                                                                                               | soc_basesoc_sdram_bankmachine1_trascon_count[1]_i_1_n_0                 |                2 |              4 |         2.00 |
|  sys_clk       | soc_basesoc_sdram_time1[3]_i_1_n_0                                                                            | sys_rst                                                                 |                3 |              4 |         1.33 |
|  sys_clk       |                                                                                                               | soc_basesoc_sdram_bankmachine6_trccon_ready_i_1_n_0                     |                1 |              4 |         4.00 |
|  sys_clk       |                                                                                                               | soc_basesoc_sdram_bankmachine3_trccon_ready_i_1_n_0                     |                2 |              4 |         2.00 |
|  sys_clk       |                                                                                                               | soc_basesoc_sdram_bankmachine7_trccon_ready_i_1_n_0                     |                2 |              4 |         2.00 |
|  sys_clk       | soc_basesoc_tx_tick                                                                                           | soc_basesoc_tx_phase[31]_i_1_n_0                                        |                1 |              4 |         4.00 |
|  sys_clk       |                                                                                                               | soc_builder_csr_bankarray_interface2_bank_bus_dat_r[3]_i_1_n_0          |                2 |              4 |         2.00 |
|  sys_clk       | soc_builder_basesoc_bankmachine1_next_state                                                                   | sys_rst                                                                 |                2 |              4 |         2.00 |
|  sys_clk       | VexRiscv/IBusCachedPlugin_cache/E[0]                                                                          | sys_rst                                                                 |                1 |              4 |         4.00 |
|  sys_clk       | VexRiscv/dataCache_1/when_CsrPlugin_l922_1                                                                    | VexRiscv/IBusCachedPlugin_cache/io_cpu_fetch_data_regNextWhen_reg[30]_0 |                2 |              4 |         2.00 |
|  sys_clk       | VexRiscv/IBusCachedPlugin_cache/FSM_sequential_soc_builder_basesoc_litedramwishbone2native_state_reg[1]_8[0]  | sys_rst                                                                 |                1 |              4 |         4.00 |
|  sys_clk       |                                                                                                               | soc_basesoc_sdram_bankmachine4_trccon_ready_i_1_n_0                     |                2 |              4 |         2.00 |
|  sys_clk       | VexRiscv/IBusCachedPlugin_cache/FSM_sequential_soc_builder_basesoc_litedramwishbone2native_state_reg[1]_7[0]  | sys_rst                                                                 |                1 |              4 |         4.00 |
|  sys_clk       |                                                                                                               | soc_basesoc_sdram_bankmachine0_trccon_ready_i_1_n_0                     |                1 |              4 |         4.00 |
|  sys_clk       |                                                                                                               | soc_builder_csr_bankarray_interface1_bank_bus_dat_r[4]_i_1_n_0          |                4 |              5 |         1.25 |
|  sys_clk       | soc_basesoc_sdram_zqcs_executer_counter[4]_i_1_n_0                                                            | sys_rst                                                                 |                2 |              5 |         2.50 |
|  sys_clk       | soc_basesoc_uart_rx_fifo_level0[4]_i_1_n_0                                                                    | sys_rst                                                                 |                1 |              5 |         5.00 |
|  sys_clk       | soc_builder_csr_bankarray_csrbank3_dfii_control0_re                                                           | sys_rst                                                                 |                3 |              5 |         1.67 |
|  sys_clk       | soc_basesoc_sdram_time0[4]_i_1_n_0                                                                            | sys_rst                                                                 |                2 |              5 |         2.50 |
|  sys_clk       | VexRiscv/dataCache_1/execute_arbitration_isValid_reg_1[0]                                                     |                                                                         |                2 |              5 |         2.50 |
|  sys_clk       | soc_builder_csr_bankarray_csrbank1_half_sys8x_taps0_re                                                        | sys_rst                                                                 |                1 |              5 |         5.00 |
|  sys_clk       | soc_basesoc_uart_tx_fifo_level0[4]_i_1_n_0                                                                    | sys_rst                                                                 |                2 |              5 |         2.50 |
|  sys_clk       | soc_builder_csr_bankarray_csrbank3_dfii_pi3_command0_re                                                       | sys_rst                                                                 |                2 |              6 |         3.00 |
|  sys_clk       |                                                                                                               | VexRiscv/dataCache_1/memory_DivPlugin_div_counter_value_reg[0][0]       |                2 |              6 |         3.00 |
|  sys_clk       | soc_basesoc_sdram_phaseinjector1_command_storage[5]_i_1_n_0                                                   | sys_rst                                                                 |                1 |              6 |         6.00 |
|  sys_clk       | soc_builder_csr_bankarray_csrbank3_dfii_pi0_command0_re                                                       | sys_rst                                                                 |                4 |              6 |         1.50 |
|  sys_clk       | soc_basesoc_sdram_sequencer_counter                                                                           | sys_rst                                                                 |                1 |              6 |         6.00 |
|  sys_clk       | soc_builder_csr_bankarray_csrbank3_dfii_pi2_command0_re                                                       | sys_rst                                                                 |                1 |              6 |         6.00 |
|  sys_clk       | soc_basesoc_tx_data1_in0                                                                                      |                                                                         |                1 |              7 |         7.00 |
|  soc_crg_clkin |                                                                                                               |                                                                         |                3 |              8 |         2.67 |
|  sys_clk       | VexRiscv/dataCache_1/stageB_flusher_counter[7]_i_1_n_0                                                        | VexRiscv/dataCache_1/SR[0]                                              |                3 |              8 |         2.67 |
|  sys_clk       | VexRiscv/IBusCachedPlugin_cache/when_InstructionCache_l338                                                    | VexRiscv/IBusCachedPlugin_cache/when_InstructionCache_l351              |                2 |              8 |         4.00 |
|  sys_clk       | soc_basesoc_uart_rx_fifo_syncfifo_re                                                                          |                                                                         |                2 |              8 |         4.00 |
|  sys_clk       | soc_basesoc_rx_data_rs232phyrx_next_value_ce1                                                                 |                                                                         |                2 |              8 |         4.00 |
|  sys_clk       |                                                                                                               | soc_builder_csr_bankarray_interface5_bank_bus_dat_r[7]_i_1_n_0          |                4 |              8 |         2.00 |
|  sys_clk       | soc_basesoc_uart_tx_fifo_syncfifo_re                                                                          |                                                                         |                2 |              8 |         4.00 |
|  sys_clk       |                                                                                                               | soc_basesoc_sdram_timer_count1[9]_i_1_n_0                               |                3 |             10 |         3.33 |
|  sys_clk       | soc_basesoc_sdram_bankmachine6_row[13]_i_1_n_0                                                                | sys_rst                                                                 |                3 |             14 |         4.67 |
|  sys_clk       | soc_builder_csr_bankarray_csrbank3_dfii_pi3_address0_re                                                       |                                                                         |                2 |             14 |         7.00 |
|  sys_clk       | soc_builder_csr_bankarray_csrbank3_dfii_pi1_address0_re                                                       |                                                                         |                6 |             14 |         2.33 |
|  sys_clk       | soc_basesoc_sdram_bankmachine5_row[13]_i_1_n_0                                                                | sys_rst                                                                 |                4 |             14 |         3.50 |
|  sys_clk       | soc_basesoc_sdram_bankmachine4_row[13]_i_1_n_0                                                                | sys_rst                                                                 |                3 |             14 |         4.67 |
|  sys_clk       | soc_basesoc_sdram_bankmachine0_row                                                                            | sys_rst                                                                 |                5 |             14 |         2.80 |
|  sys_clk       | soc_basesoc_sdram_bankmachine7_row[13]_i_1_n_0                                                                | sys_rst                                                                 |                4 |             14 |         3.50 |
|  sys_clk       | VexRiscv/IBusCachedPlugin_cache/soc_builder_basesoc_adr_wishbone2csr_next_value_ce1                           | FSM_onehot_soc_builder_basesoc_wishbone2csr_state_reg_n_0_[1]           |                3 |             14 |         4.67 |
|  sys_clk       | soc_basesoc_sdram_bankmachine2_row[13]_i_1_n_0                                                                | sys_rst                                                                 |                4 |             14 |         3.50 |
|  sys_clk       | soc_basesoc_sdram_bankmachine1_row[13]_i_1_n_0                                                                | sys_rst                                                                 |                3 |             14 |         4.67 |
|  sys_clk       | soc_basesoc_sdram_phaseinjector0_address_storage[13]_i_1_n_0                                                  |                                                                         |                3 |             14 |         4.67 |
|  sys_clk       | soc_basesoc_sdram_bankmachine3_row[13]_i_1_n_0                                                                | sys_rst                                                                 |                5 |             14 |         2.80 |
|  sys_clk       | soc_builder_csr_bankarray_csrbank3_dfii_pi2_address0_re                                                       |                                                                         |                2 |             14 |         7.00 |
|  sys_clk       | soc_basesoc_uart_rx_fifo_wrport_we__0                                                                         |                                                                         |                2 |             16 |         8.00 |
|  sys_clk       | soc_basesoc_uart_tx_fifo_wrport_we__0                                                                         |                                                                         |                2 |             16 |         8.00 |
|  sys_clk       | VexRiscv/IBusCachedPlugin_cache/soc_builder_count_reg_16_sn_1                                                 | VexRiscv/IBusCachedPlugin_cache/FDPE_1                                  |                5 |             20 |         4.00 |
|  sys_clk       | soc_basesoc_sdram_bankmachine3_cmd_buffer_sink_ready                                                          | sys_rst                                                                 |                6 |             23 |         3.83 |
|  sys_clk       | soc_basesoc_sdram_bankmachine4_cmd_buffer_sink_ready                                                          | sys_rst                                                                 |                8 |             23 |         2.88 |
|  sys_clk       | soc_basesoc_sdram_bankmachine1_cmd_buffer_sink_ready                                                          | sys_rst                                                                 |                7 |             23 |         3.29 |
|  sys_clk       | soc_basesoc_sdram_bankmachine0_cmd_buffer_sink_ready                                                          | sys_rst                                                                 |                7 |             23 |         3.29 |
|  sys_clk       | soc_basesoc_sdram_bankmachine7_cmd_buffer_sink_ready                                                          | sys_rst                                                                 |                6 |             23 |         3.83 |
|  sys_clk       | soc_basesoc_sdram_bankmachine6_cmd_buffer_sink_ready                                                          | sys_rst                                                                 |                8 |             23 |         2.88 |
|  sys_clk       | soc_basesoc_sdram_bankmachine2_cmd_buffer_sink_ready                                                          | sys_rst                                                                 |                7 |             23 |         3.29 |
|  sys_clk       | soc_basesoc_sdram_bankmachine5_cmd_buffer_sink_ready                                                          | sys_rst                                                                 |                7 |             23 |         3.29 |
|  sys_clk       | soc_a7ddrphy_bitslip0_value30                                                                                 | soc_a7ddrphy_bitslip7_value1                                            |               12 |             24 |         2.00 |
|  sys_clk       |                                                                                                               | soc_count[0]_i_1_n_0                                                    |                6 |             24 |         4.00 |
|  sys_clk       | soc_a7ddrphy_bitslip8_value10                                                                                 | soc_a7ddrphy_bitslip15_value1                                           |               13 |             24 |         1.85 |
|  sys_clk       |                                                                                                               | soc_basesoc_sdram_zqcs_timer_count1[0]_i_1_n_0                          |                7 |             27 |         3.86 |
|  sys_clk       | VexRiscv/IBusCachedPlugin_cache/lineLoader_address[31]_i_1_n_0                                                |                                                                         |               11 |             27 |         2.45 |
|  sys_clk       | VexRiscv/dataCache_1/execute_CsrPlugin_csr_769_reg[0]                                                         | VexRiscv/dataCache_1/SR[0]                                              |               16 |             28 |         1.75 |
|  sys_clk       | soc_a7ddrphy_bitslip1_value00                                                                                 | soc_a7ddrphy_bitslip15_value0                                           |               15 |             30 |         2.00 |
|  sys_clk       | VexRiscv/dataCache_1/stageB_mmuRsp_physicalAddress[30]_i_1_n_0                                                |                                                                         |                9 |             30 |         3.33 |
|  sys_clk       | VexRiscv/IBusCachedPlugin_cache/_zz_IBusCachedPlugin_iBusRsp_stages_1_output_m2sPipe_valid_reg_8              | VexRiscv/dataCache_1/SR[0]                                              |               15 |             30 |         2.00 |
|  sys_clk       | soc_a7ddrphy_bitslip0_value00                                                                                 | soc_a7ddrphy_bitslip7_value0                                            |               13 |             30 |         2.31 |
|  sys_clk       | VexRiscv/dataCache_1/E[0]                                                                                     |                                                                         |               10 |             30 |         3.00 |
|  sys_clk       | soc_builder_csr_bankarray_csrbank3_dfii_pi1_wrdata0_re                                                        |                                                                         |                9 |             32 |         3.56 |
|  sys_clk       | VexRiscv/IBusCachedPlugin_cache/FSM_sequential_soc_builder_basesoc_litedramwishbone2native_state_reg[1]_1     |                                                                         |                4 |             32 |         8.00 |
|  sys_clk       | soc_basesoc_bus_errors                                                                                        | sys_rst                                                                 |                8 |             32 |         4.00 |
|  sys_clk       | soc_builder_basesoc_dat_w_wishbone2csr_next_value_ce0                                                         |                                                                         |               10 |             32 |         3.20 |
|  sys_clk       | soc_builder_csr_bankarray_csrbank0_scratch0_re                                                                | sys_rst                                                                 |                5 |             32 |         6.40 |
|  sys_clk       | VexRiscv/IBusCachedPlugin_cache/FSM_sequential_soc_builder_basesoc_litedramwishbone2native_state_reg[1]_0     |                                                                         |                4 |             32 |         8.00 |
|  sys_clk       | VexRiscv/IBusCachedPlugin_cache/FSM_sequential_soc_builder_basesoc_litedramwishbone2native_state_reg[1]       |                                                                         |                4 |             32 |         8.00 |
|  sys_clk       | VexRiscv/dataCache_1/CfuPlugin_bus_rsp_rValid_reg_inv[0]                                                      |                                                                         |                8 |             32 |         4.00 |
|  sys_clk       |                                                                                                               | soc_builder_csr_bankarray_interface4_bank_bus_dat_r[31]_i_1_n_0         |               11 |             32 |         2.91 |
|  sys_clk       |                                                                                                               | soc_builder_csr_bankarray_interface3_bank_bus_dat_r[31]_i_1_n_0         |               24 |             32 |         1.33 |
|  sys_clk       |                                                                                                               | soc_basesoc_rx_phase[31]_i_1_n_0                                        |                9 |             32 |         3.56 |
|  sys_clk       |                                                                                                               | soc_builder_csr_bankarray_interface0_bank_bus_dat_r[31]_i_1_n_0         |               14 |             32 |         2.29 |
|  sys_clk       |                                                                                                               | soc_basesoc_tx_phase[31]_i_1_n_0                                        |                9 |             32 |         3.56 |
|  sys_clk       | soc_basesoc_sdram_phaseinjector0_wrdata_storage[31]_i_1_n_0                                                   |                                                                         |               12 |             32 |         2.67 |
|  sys_clk       | soc_builder_csr_bankarray_csrbank3_dfii_pi3_wrdata0_re                                                        |                                                                         |               10 |             32 |         3.20 |
|  sys_clk       | VexRiscv/memory_DivPlugin_div_result                                                                          |                                                                         |                8 |             32 |         4.00 |
|  sys_clk       | Cfu/fn3/count[0]_i_1_n_0                                                                                      | sys_rst                                                                 |                8 |             32 |         4.00 |
|  sys_clk       | soc_builder_csr_bankarray_csrbank4_load0_re                                                                   | sys_rst                                                                 |                9 |             32 |         3.56 |
|  sys_clk       | VexRiscv/soc_basesoc_vexriscv_cfu_bus_rsp_ready                                                               |                                                                         |               15 |             32 |         2.13 |
|  sys_clk       | soc_builder_csr_bankarray_csrbank4_reload0_re                                                                 | sys_rst                                                                 |                7 |             32 |         4.57 |
|  sys_clk       | soc_basesoc_timer_update_value_re                                                                             | sys_rst                                                                 |               13 |             32 |         2.46 |
|  sys_clk       | VexRiscv/IBusCachedPlugin_cache/CsrPlugin_exceptionPortCtrl_exceptionContext_badAddr                          |                                                                         |                8 |             32 |         4.00 |
|  sys_clk       | soc_builder_csr_bankarray_csrbank3_dfii_pi2_wrdata0_re                                                        |                                                                         |               10 |             32 |         3.20 |
|  sys_clk       | VexRiscv/dataCache_1/CsrPlugin_hadException_reg[0]                                                            |                                                                         |               17 |             32 |         1.88 |
|  sys_clk       | VexRiscv/dataCache_1/execute_CsrPlugin_csr_773_reg[0]                                                         |                                                                         |               12 |             32 |         2.67 |
|  sys_clk       | VexRiscv/dataCache_1/execute_arbitration_isValid_reg_0[0]                                                     | VexRiscv/dataCache_1/SR[0]                                              |               10 |             32 |         3.20 |
|  sys_clk       | VexRiscv/dataCache_1/execute_arbitration_isValid_reg_0[1]                                                     | VexRiscv/dataCache_1/SR[0]                                              |               14 |             32 |         2.29 |
|  sys_clk       | Cfu/fn3/E[0]                                                                                                  | sys_rst                                                                 |               16 |             32 |         2.00 |
|  sys_clk       | VexRiscv/dataCache_1/execute_arbitration_isValid_reg_2[0]                                                     |                                                                         |               14 |             32 |         2.29 |
|  sys_clk       | VexRiscv/dataCache_1/memory_DivPlugin_rs1[0]                                                                  | VexRiscv/dataCache_1/memory_DivPlugin_div_counter_willClear             |                6 |             32 |         5.33 |
|  sys_clk       | VexRiscv/dataCache_1/execute_CsrPlugin_csr_3008_reg[0]                                                        | VexRiscv/dataCache_1/SR[0]                                              |               15 |             32 |         2.13 |
|  sys_clk       | VexRiscv/IBusCachedPlugin_cache/FSM_sequential_soc_builder_basesoc_litedramwishbone2native_state_reg[1]_6     |                                                                         |                4 |             32 |         8.00 |
|  sys_clk       | VexRiscv/IBusCachedPlugin_cache/FSM_sequential_soc_builder_basesoc_litedramwishbone2native_state_reg[1]_5     |                                                                         |                4 |             32 |         8.00 |
|  sys_clk       | VexRiscv/IBusCachedPlugin_cache/FSM_sequential_soc_builder_basesoc_litedramwishbone2native_state_reg[1]_4     |                                                                         |                4 |             32 |         8.00 |
|  sys_clk       | VexRiscv/dataCache_1/execute_CsrPlugin_csr_832_reg[0]                                                         |                                                                         |               13 |             32 |         2.46 |
|  sys_clk       | VexRiscv/IBusCachedPlugin_cache/FSM_sequential_soc_builder_basesoc_litedramwishbone2native_state_reg[1]_3     |                                                                         |                4 |             32 |         8.00 |
|  sys_clk       | VexRiscv/IBusCachedPlugin_cache/FSM_sequential_soc_builder_basesoc_litedramwishbone2native_state_reg[1]_2     |                                                                         |                4 |             32 |         8.00 |
|  sys_clk       |                                                                                                               | Cfu/fn3/s1$next                                                         |               13 |             63 |         4.85 |
|  sys_clk       | VexRiscv/IBusCachedPlugin_cache/IBusCachedPlugin_iBusRsp_stages_1_output_m2sPipe_ready                        |                                                                         |               28 |             64 |         2.29 |
|  sys_clk       | VexRiscv/dataCache_1_io_mem_cmd_ready                                                                         |                                                                         |               24 |             70 |         2.92 |
|  sys_clk       | VexRiscv/IBusCachedPlugin_cache/soc_builder_grant_reg_1[0]                                                    |                                                                         |               19 |             70 |         3.68 |
|  sys_clk       |                                                                                                               | VexRiscv/dataCache_1/SR[0]                                              |               36 |             89 |         2.47 |
|  sys_clk       |                                                                                                               | soc_basesoc_sdram_master_p1_wrdata_mask[1]                              |               32 |            128 |         4.00 |
|  sys_clk       | soc_basesoc_sdram_phaseinjector0_rddata_status[31]_i_1_n_0                                                    | sys_rst                                                                 |               49 |            128 |         2.61 |
|  sys_clk       | VexRiscv/dataCache_1/memory_CfuPlugin_rsp_ready0                                                              |                                                                         |               60 |            141 |         2.35 |
|  sys_clk       | VexRiscv/dataCache_1/when_CsrPlugin_l922_1                                                                    |                                                                         |               74 |            175 |         2.36 |
|  sys_clk       | VexRiscv/dataCache_1/memory_DivPlugin_div_counter_willClear                                                   |                                                                         |               80 |            185 |         2.31 |
|  sys_clk       |                                                                                                               | sys_rst                                                                 |              119 |            305 |         2.56 |
|  sys_clk       |                                                                                                               |                                                                         |              224 |            527 |         2.35 |
+----------------+---------------------------------------------------------------------------------------------------------------+-------------------------------------------------------------------------+------------------+----------------+--------------+


