Command: pr_verify -full_check -initial /home/jsp/Storage/CFU-Playground/soc/build/digilent_arty.example_cfu/gateware/digilent_arty.runs/impl_1/top_arty_cfu_routed.dcp -additional /home/jsp/Storage/CFU-Playground/soc/build/digilent_arty.example_cfu/gateware/digilent_arty.runs/child_0_impl_1/top_arty_cfu_routed.dcp -file child_0_impl_1_pr_verify.log
Thu Dec  4 13:09:48 2025

INFO: [Constraints 18-1020] PR Verify Summary:
DCP1: /home/jsp/Storage/CFU-Playground/soc/build/digilent_arty.example_cfu/gateware/digilent_arty.runs/impl_1/top_arty_cfu_routed.dcp
  Number of reconfigurable modules compared = 1
  Number of partition pins compared         = 115
  Number of static tiles compared           = 1938
  Number of static sites compared           = 4653
  Number of static cells compared           = 30077
  Number of static routed nodes compared    = 355502
  Number of static routed pips compared     = 329270

DCP2: /home/jsp/Storage/CFU-Playground/soc/build/digilent_arty.example_cfu/gateware/digilent_arty.runs/child_0_impl_1/top_arty_cfu_routed.dcp
  Number of reconfigurable modules compared = 1
  Number of partition pins compared         = 115
  Number of static tiles compared           = 1938
  Number of static sites compared           = 4653
  Number of static cells compared           = 30077
  Number of static routed nodes compared    = 355502
  Number of static routed pips compared     = 329270
INFO: [Vivado 12-3253] PR_VERIFY: check points /home/jsp/Storage/CFU-Playground/soc/build/digilent_arty.example_cfu/gateware/digilent_arty.runs/impl_1/top_arty_cfu_routed.dcp and /home/jsp/Storage/CFU-Playground/soc/build/digilent_arty.example_cfu/gateware/digilent_arty.runs/child_0_impl_1/top_arty_cfu_routed.dcp are compatible
