
*** Running vivado
    with args -log top_arty_cfu.vdi -applog -m64 -product Vivado -messageDb vivado.pb -mode batch -source top_arty_cfu.tcl -notrace


****** Vivado v2024.1 (64-bit)
  **** SW Build 5076996 on Wed May 22 18:36:09 MDT 2024
  **** IP Build 5075265 on Wed May 22 21:45:21 MDT 2024
  **** SharedData Build 5076995 on Wed May 22 18:29:18 MDT 2024
  **** Start of session at: Thu Dec  4 13:07:57 2025
    ** Copyright 1986-2022 Xilinx, Inc. All Rights Reserved.
    ** Copyright 2022-2024 Advanced Micro Devices, Inc. All Rights Reserved.

source top_arty_cfu.tcl -notrace
create_project: Time (s): cpu = 00:00:06 ; elapsed = 00:00:06 . Memory (MB): peak = 1417.871 ; gain = 0.027 ; free physical = 2340 ; free virtual = 16714
Command: link_design -top top_arty_cfu -part xc7a35ticsg324-1L -reconfig_partitions arty_system/Cfu/compute
Design is defaulting to srcset: sources_1
Design is defaulting to constrset: constrs_1
INFO: [Device 21-403] Loading part xc7a35ticsg324-1L
INFO: [Device 21-9227] Part: xc7a35ticsg324-1L does not have CEAM library.
INFO: [Project 1-454] Reading design checkpoint '/home/jsp/Storage/CFU-Playground/soc/build/digilent_arty.example_cfu/gateware/digilent_arty.runs/example_synth_1/cfu_compute.dcp' for cell 'arty_system/Cfu/compute'
Netlist sorting complete. Time (s): cpu = 00:00:00.15 ; elapsed = 00:00:00.15 . Memory (MB): peak = 1822.004 ; gain = 0.000 ; free physical = 1963 ; free virtual = 16337
INFO: [Netlist 29-17] Analyzing 1346 Unisim elements for replacement
INFO: [Netlist 29-28] Unisim Transformation completed in 0 CPU seconds
INFO: [Project 1-479] Netlist was created with Vivado 2024.1
INFO: [Project 1-570] Preparing netlist for logic optimization
WARNING: [Constraints 18-550] Could not create 'IBUF_LOW_PWR' constraint because net 'control_system/design_1_i/clk_wiz/clk_in1' is not directly connected to top level port. 'IBUF_LOW_PWR' is ignored for synthesis but preserved for implementation.
WARNING: [Shape Builder 18-132] Instance control_system/design_1_i/axi_quad_spi_0/U0/NO_DUAL_QUAD_MODE.QSPI_NORMAL/QSPI_LEGACY_MD_GEN.QSPI_CORE_INTERFACE_I/LOGIC_FOR_MD_12_GEN.SPI_MODE_CONTROL_LOGIC_I/RATIO_NOT_EQUAL_4_GENERATE.SCK_O_NQ_4_NO_STARTUP_USED.SCK_O_NE_4_FDRE_INST has IOB = TRUE property, but it cannot be placed in an OLOGIC site. Instance control_system/design_1_i/axi_quad_spi_0/U0/NO_DUAL_QUAD_MODE.QSPI_NORMAL/QSPI_LEGACY_MD_GEN.QSPI_CORE_INTERFACE_I/LOGIC_FOR_MD_12_GEN.SPI_MODE_CONTROL_LOGIC_I/RATIO_NOT_EQUAL_4_GENERATE.SCK_O_NQ_4_NO_STARTUP_USED.SCK_O_NE_4_FDRE_INST cannot be placed in site OLOGIC_X0Y0 because the output signal of the cell requires general routing to fabric and cells placed in OLOGIC can only be routed to delay or I/O site.
WARNING: [Shape Builder 18-132] Instance control_system/design_1_i/axi_quad_spi_0/U0/NO_DUAL_QUAD_MODE.QSPI_NORMAL/QSPI_LEGACY_MD_GEN.QSPI_CORE_INTERFACE_I/LOGIC_FOR_MD_12_GEN.SPI_MODE_CONTROL_LOGIC_I/RATIO_NOT_EQUAL_4_GENERATE.SCK_O_NQ_4_NO_STARTUP_USED.SCK_O_NE_4_FDRE_INST has IOB = TRUE property, but it cannot be placed in an OLOGIC site. Instance control_system/design_1_i/axi_quad_spi_0/U0/NO_DUAL_QUAD_MODE.QSPI_NORMAL/QSPI_LEGACY_MD_GEN.QSPI_CORE_INTERFACE_I/LOGIC_FOR_MD_12_GEN.SPI_MODE_CONTROL_LOGIC_I/RATIO_NOT_EQUAL_4_GENERATE.SCK_O_NQ_4_NO_STARTUP_USED.SCK_O_NE_4_FDRE_INST cannot be placed in site OLOGIC_X0Y0 because the output signal of the cell requires general routing to fabric and cells placed in OLOGIC can only be routed to delay or I/O site.
CRITICAL WARNING: [Chipscope 16-3] Cannot debug net 'control_system/design_1_i/axi_quad_spi_0_SPI_0_SCK_O'; it is connected between In/Out buffer and In/Out flip flop having property IOB true.
CRITICAL WARNING: [Chipscope 16-3] Cannot debug net 'control_system/design_1_i/system_ila_0/inst/SLOT_1_SPI_sck_o_1'; it is connected between In/Out buffer and In/Out flip flop having property IOB true.
Parsing XDC File [/home/jsp/Storage/CFU-Playground/soc/build/digilent_arty.example_cfu/gateware/digilent_arty.runs/impl_1/top_arty_cfu_routed_bb/top_arty_cfu_board.xdc]
Finished Parsing XDC File [/home/jsp/Storage/CFU-Playground/soc/build/digilent_arty.example_cfu/gateware/digilent_arty.runs/impl_1/top_arty_cfu_routed_bb/top_arty_cfu_board.xdc]
Parsing XDC File [/home/jsp/Storage/CFU-Playground/soc/build/digilent_arty.example_cfu/gateware/digilent_arty.runs/impl_1/top_arty_cfu_routed_bb/top_arty_cfu_early.xdc]
INFO: [Timing 38-35] Done setting XDC timing constraints. [/home/jsp/Storage/CFU-Playground/soc/build/digilent_arty.example_cfu/gateware/digilent_arty.gen/sources_1/bd/design_1/ip/design_1_clk_wiz_1/design_1_clk_wiz_1.xdc:54]
INFO: [Timing 38-2] Deriving generated clocks [/home/jsp/Storage/CFU-Playground/soc/build/digilent_arty.example_cfu/gateware/digilent_arty.gen/sources_1/bd/design_1/ip/design_1_clk_wiz_1/design_1_clk_wiz_1.xdc:54]
get_clocks: Time (s): cpu = 00:00:06 ; elapsed = 00:00:06 . Memory (MB): peak = 2555.359 ; gain = 512.734 ; free physical = 1413 ; free virtual = 15787
Finished Parsing XDC File [/home/jsp/Storage/CFU-Playground/soc/build/digilent_arty.example_cfu/gateware/digilent_arty.runs/impl_1/top_arty_cfu_routed_bb/top_arty_cfu_early.xdc]
Parsing XDC File [/home/jsp/Storage/CFU-Playground/soc/build/digilent_arty.example_cfu/gateware/digilent_arty.runs/impl_1/top_arty_cfu_routed_bb/top_arty_cfu.xdc]
Finished Parsing XDC File [/home/jsp/Storage/CFU-Playground/soc/build/digilent_arty.example_cfu/gateware/digilent_arty.runs/impl_1/top_arty_cfu_routed_bb/top_arty_cfu.xdc]
Parsing XDC File [/home/jsp/Storage/CFU-Playground/soc/build/digilent_arty.example_cfu/gateware/digilent_arty.runs/impl_1/top_arty_cfu_routed_bb/top_arty_cfu_late.xdc]
Finished Parsing XDC File [/home/jsp/Storage/CFU-Playground/soc/build/digilent_arty.example_cfu/gateware/digilent_arty.runs/impl_1/top_arty_cfu_routed_bb/top_arty_cfu_late.xdc]
INFO: [Designutils 20-5722] Start Reading Physical Databases.
Reading placement.
Read Netlist Cache: Time (s): cpu = 00:00:00.02 ; elapsed = 00:00:00.02 . Memory (MB): peak = 2556.359 ; gain = 1.000 ; free physical = 1404 ; free virtual = 15778
Reading placer database...
Read Device Cache: Time (s): cpu = 00:00:00.01 ; elapsed = 00:00:00 . Memory (MB): peak = 2556.359 ; gain = 0.000 ; free physical = 1404 ; free virtual = 15778
Read PlaceDB: Time (s): cpu = 00:00:00.65 ; elapsed = 00:00:00.65 . Memory (MB): peak = 2577.320 ; gain = 20.961 ; free physical = 1380 ; free virtual = 15754
Read PulsedLatchDB: Time (s): cpu = 00:00:00 ; elapsed = 00:00:00 . Memory (MB): peak = 2577.320 ; gain = 0.000 ; free physical = 1380 ; free virtual = 15754
Reading routing.
Read RouteStorage: Time (s): cpu = 00:00:00.27 ; elapsed = 00:00:00.28 . Memory (MB): peak = 2590.141 ; gain = 12.820 ; free physical = 1364 ; free virtual = 15738
Read Physdb Files: Time (s): cpu = 00:00:00.95 ; elapsed = 00:00:00.96 . Memory (MB): peak = 2590.141 ; gain = 34.781 ; free physical = 1364 ; free virtual = 15738
Restored from archive | CPU: 0.960000 secs | Memory: 29.381248 MB |
Finished XDEF File Restore: Time (s): cpu = 00:00:00.95 ; elapsed = 00:00:00.96 . Memory (MB): peak = 2590.141 ; gain = 34.781 ; free physical = 1364 ; free virtual = 15738
WARNING: [XPM_CDC_GRAY: TCL-1000] The source and destination clocks are the same. 
     Instance: control_system/design_1_i/axi_quad_spi_0/U0/NO_DUAL_QUAD_MODE.QSPI_NORMAL/QSPI_LEGACY_MD_GEN.QSPI_CORE_INTERFACE_I/FIFO_EXISTS.TX_FIFO_II/xpm_fifo_instance.xpm_fifo_async_inst/gnuram_async_fifo.xpm_fifo_base_inst/gen_cdc_pntr.rd_pntr_cdc_inst 
  This will add unnecessary latency to the design. Please check the design for the following: 
 1) Manually instantiated XPM_CDC modules: AMD recommends that you remove these modules. 
 2) AMD IP that contains XPM_CDC modules: Verify the connections to the IP to determine whether you can safely ignore this message.
 [/home/jsp/Storage/Vivado/2024.1/data/ip/xpm/xpm_cdc/tcl/xpm_cdc_gray.tcl:16]
WARNING: [Vivado_Tcl 4-935] Waiver ID 'CDC-6' is a duplicate and will not be added again. [/home/jsp/Storage/Vivado/2024.1/data/ip/xpm/xpm_cdc/tcl/xpm_cdc_gray.tcl:23]
WARNING: [XPM_CDC_GRAY: TCL-1000] The source and destination clocks are the same. 
     Instance: control_system/design_1_i/axi_quad_spi_0/U0/NO_DUAL_QUAD_MODE.QSPI_NORMAL/QSPI_LEGACY_MD_GEN.QSPI_CORE_INTERFACE_I/FIFO_EXISTS.RX_FIFO_II/gnuram_async_fifo.xpm_fifo_base_inst/gen_cdc_pntr.wr_pntr_cdc_inst 
  This will add unnecessary latency to the design. Please check the design for the following: 
 1) Manually instantiated XPM_CDC modules: AMD recommends that you remove these modules. 
 2) AMD IP that contains XPM_CDC modules: Verify the connections to the IP to determine whether you can safely ignore this message.
 [/home/jsp/Storage/Vivado/2024.1/data/ip/xpm/xpm_cdc/tcl/xpm_cdc_gray.tcl:16]
WARNING: [Vivado_Tcl 4-935] Waiver ID 'CDC-6' is a duplicate and will not be added again. [/home/jsp/Storage/Vivado/2024.1/data/ip/xpm/xpm_cdc/tcl/xpm_cdc_gray.tcl:23]
WARNING: [XPM_CDC_GRAY: TCL-1000] The source and destination clocks are the same. 
     Instance: control_system/design_1_i/axi_quad_spi_0/U0/NO_DUAL_QUAD_MODE.QSPI_NORMAL/QSPI_LEGACY_MD_GEN.QSPI_CORE_INTERFACE_I/FIFO_EXISTS.RX_FIFO_II/gnuram_async_fifo.xpm_fifo_base_inst/gen_cdc_pntr.rd_pntr_cdc_inst 
  This will add unnecessary latency to the design. Please check the design for the following: 
 1) Manually instantiated XPM_CDC modules: AMD recommends that you remove these modules. 
 2) AMD IP that contains XPM_CDC modules: Verify the connections to the IP to determine whether you can safely ignore this message.
 [/home/jsp/Storage/Vivado/2024.1/data/ip/xpm/xpm_cdc/tcl/xpm_cdc_gray.tcl:16]
WARNING: [Vivado_Tcl 4-935] Waiver ID 'CDC-6' is a duplicate and will not be added again. [/home/jsp/Storage/Vivado/2024.1/data/ip/xpm/xpm_cdc/tcl/xpm_cdc_gray.tcl:23]
WARNING: [XPM_CDC_GRAY: TCL-1000] The source and destination clocks are the same. 
     Instance: control_system/design_1_i/axi_quad_spi_0/U0/NO_DUAL_QUAD_MODE.QSPI_NORMAL/QSPI_LEGACY_MD_GEN.QSPI_CORE_INTERFACE_I/FIFO_EXISTS.TX_FIFO_II/xpm_fifo_instance.xpm_fifo_async_inst/gnuram_async_fifo.xpm_fifo_base_inst/gen_cdc_pntr.wr_pntr_cdc_inst 
  This will add unnecessary latency to the design. Please check the design for the following: 
 1) Manually instantiated XPM_CDC modules: AMD recommends that you remove these modules. 
 2) AMD IP that contains XPM_CDC modules: Verify the connections to the IP to determine whether you can safely ignore this message.
 [/home/jsp/Storage/Vivado/2024.1/data/ip/xpm/xpm_cdc/tcl/xpm_cdc_gray.tcl:16]
WARNING: [Vivado_Tcl 4-935] Waiver ID 'CDC-6' is a duplicate and will not be added again. [/home/jsp/Storage/Vivado/2024.1/data/ip/xpm/xpm_cdc/tcl/xpm_cdc_gray.tcl:23]
WARNING: [XPM_CDC_GRAY: TCL-1000] The source and destination clocks are the same. 
     Instance: control_system/design_1_i/axi_quad_spi_0/U0/NO_DUAL_QUAD_MODE.QSPI_NORMAL/QSPI_LEGACY_MD_GEN.QSPI_CORE_INTERFACE_I/FIFO_EXISTS.RX_FIFO_II/gnuram_async_fifo.xpm_fifo_base_inst/gen_cdc_pntr.wr_pntr_cdc_dc_inst 
  This will add unnecessary latency to the design. Please check the design for the following: 
 1) Manually instantiated XPM_CDC modules: AMD recommends that you remove these modules. 
 2) AMD IP that contains XPM_CDC modules: Verify the connections to the IP to determine whether you can safely ignore this message.
 [/home/jsp/Storage/Vivado/2024.1/data/ip/xpm/xpm_cdc/tcl/xpm_cdc_gray.tcl:16]
WARNING: [Vivado_Tcl 4-935] Waiver ID 'CDC-6' is a duplicate and will not be added again. [/home/jsp/Storage/Vivado/2024.1/data/ip/xpm/xpm_cdc/tcl/xpm_cdc_gray.tcl:23]
WARNING: [XPM_CDC_GRAY: TCL-1000] The source and destination clocks are the same. 
     Instance: control_system/design_1_i/axi_quad_spi_0/U0/NO_DUAL_QUAD_MODE.QSPI_NORMAL/QSPI_LEGACY_MD_GEN.QSPI_CORE_INTERFACE_I/FIFO_EXISTS.TX_FIFO_II/xpm_fifo_instance.xpm_fifo_async_inst/gnuram_async_fifo.xpm_fifo_base_inst/gen_cdc_pntr.rd_pntr_cdc_dc_inst 
  This will add unnecessary latency to the design. Please check the design for the following: 
 1) Manually instantiated XPM_CDC modules: AMD recommends that you remove these modules. 
 2) AMD IP that contains XPM_CDC modules: Verify the connections to the IP to determine whether you can safely ignore this message.
 [/home/jsp/Storage/Vivado/2024.1/data/ip/xpm/xpm_cdc/tcl/xpm_cdc_gray.tcl:16]
WARNING: [Vivado_Tcl 4-935] Waiver ID 'CDC-6' is a duplicate and will not be added again. [/home/jsp/Storage/Vivado/2024.1/data/ip/xpm/xpm_cdc/tcl/xpm_cdc_gray.tcl:23]
WARNING: [XPM_CDC_GRAY: TCL-1000] The source and destination clocks are the same. 
     Instance: control_system/design_1_i/dfx_controller_0/U0/i_cp0/i_bs_fifo/xpm_fifo_base_inst/gen_cdc_pntr.rd_pntr_cdc_inst 
  This will add unnecessary latency to the design. Please check the design for the following: 
 1) Manually instantiated XPM_CDC modules: AMD recommends that you remove these modules. 
 2) AMD IP that contains XPM_CDC modules: Verify the connections to the IP to determine whether you can safely ignore this message.
 [/home/jsp/Storage/Vivado/2024.1/data/ip/xpm/xpm_cdc/tcl/xpm_cdc_gray.tcl:16]
WARNING: [Vivado_Tcl 4-935] Waiver ID 'CDC-6' is a duplicate and will not be added again. [/home/jsp/Storage/Vivado/2024.1/data/ip/xpm/xpm_cdc/tcl/xpm_cdc_gray.tcl:23]
WARNING: [XPM_CDC_GRAY: TCL-1000] The source and destination clocks are the same. 
     Instance: control_system/design_1_i/dfx_controller_0/U0/i_cp0/i_bs_fifo/xpm_fifo_base_inst/gen_cdc_pntr.wr_pntr_cdc_inst 
  This will add unnecessary latency to the design. Please check the design for the following: 
 1) Manually instantiated XPM_CDC modules: AMD recommends that you remove these modules. 
 2) AMD IP that contains XPM_CDC modules: Verify the connections to the IP to determine whether you can safely ignore this message.
 [/home/jsp/Storage/Vivado/2024.1/data/ip/xpm/xpm_cdc/tcl/xpm_cdc_gray.tcl:16]
WARNING: [Vivado_Tcl 4-935] Waiver ID 'CDC-6' is a duplicate and will not be added again. [/home/jsp/Storage/Vivado/2024.1/data/ip/xpm/xpm_cdc/tcl/xpm_cdc_gray.tcl:23]
WARNING: [XPM_CDC_SINGLE: TCL-1000] The source and destination clocks are the same. 
     Instance: arty_system/Cfu/cfu_decoupler_inst/U0/b_cfu_inputs.i_cdc 
  This will add unnecessary latency to the design. Please check the design for the following: 
 1) Manually instantiated XPM_CDC modules: AMD recommends that you remove these modules. 
 2) AMD IP that contains XPM_CDC modules: Verify the connections to the IP to determine whether you can safely ignore this message.
 [/home/jsp/Storage/Vivado/2024.1/data/ip/xpm/xpm_cdc/tcl/xpm_cdc_single.tcl:5]
INFO: [Project 1-1714] 20 XPM XDC files have been applied to the design.
INFO: [Opt 31-138] Pushed 0 inverter(s) to 0 load pin(s).
CRITICAL WARNING: [Shape Builder 18-539] Setting IOB or IOB_TRI_REG property to TRUE for instance control_system/design_1_i/axi_quad_spi_0/U0/NO_DUAL_QUAD_MODE.QSPI_NORMAL/QSPI_LEGACY_MD_GEN.QSPI_CORE_INTERFACE_I/LOGIC_FOR_MD_12_GEN.SPI_MODE_CONTROL_LOGIC_I/RATIO_NOT_EQUAL_4_GENERATE.SCK_O_NQ_4_NO_STARTUP_USED.SCK_O_NE_4_FDRE_INST conflicts with its current constrained placement (SLICE_X3Y72). The conflicting constraint will be removed.
WARNING: [Shape Builder 18-132] Instance control_system/design_1_i/axi_quad_spi_0/U0/NO_DUAL_QUAD_MODE.QSPI_NORMAL/QSPI_LEGACY_MD_GEN.QSPI_CORE_INTERFACE_I/LOGIC_FOR_MD_12_GEN.SPI_MODE_CONTROL_LOGIC_I/RATIO_NOT_EQUAL_4_GENERATE.SCK_O_NQ_4_NO_STARTUP_USED.SCK_O_NE_4_FDRE_INST has IOB = TRUE property, but it cannot be placed in an OLOGIC site. Instance control_system/design_1_i/axi_quad_spi_0/U0/NO_DUAL_QUAD_MODE.QSPI_NORMAL/QSPI_LEGACY_MD_GEN.QSPI_CORE_INTERFACE_I/LOGIC_FOR_MD_12_GEN.SPI_MODE_CONTROL_LOGIC_I/RATIO_NOT_EQUAL_4_GENERATE.SCK_O_NQ_4_NO_STARTUP_USED.SCK_O_NE_4_FDRE_INST cannot be placed in site OLOGIC_X0Y0 because the output signal of the cell requires general routing to fabric and cells placed in OLOGIC can only be routed to delay or I/O site.
WARNING: [Shape Builder 18-132] Instance control_system/design_1_i/axi_quad_spi_0/U0/NO_DUAL_QUAD_MODE.QSPI_NORMAL/QSPI_LEGACY_MD_GEN.QSPI_CORE_INTERFACE_I/LOGIC_FOR_MD_12_GEN.SPI_MODE_CONTROL_LOGIC_I/RATIO_NOT_EQUAL_4_GENERATE.SCK_O_NQ_4_NO_STARTUP_USED.SCK_O_NE_4_FDRE_INST has IOB = TRUE property, but it cannot be placed in an OLOGIC site. Instance control_system/design_1_i/axi_quad_spi_0/U0/NO_DUAL_QUAD_MODE.QSPI_NORMAL/QSPI_LEGACY_MD_GEN.QSPI_CORE_INTERFACE_I/LOGIC_FOR_MD_12_GEN.SPI_MODE_CONTROL_LOGIC_I/RATIO_NOT_EQUAL_4_GENERATE.SCK_O_NQ_4_NO_STARTUP_USED.SCK_O_NE_4_FDRE_INST cannot be placed in site OLOGIC_X0Y0 because the output signal of the cell requires general routing to fabric and cells placed in OLOGIC can only be routed to delay or I/O site.
Netlist sorting complete. Time (s): cpu = 00:00:00 ; elapsed = 00:00:00 . Memory (MB): peak = 2592.141 ; gain = 0.000 ; free physical = 1358 ; free virtual = 15732
INFO: [Project 1-111] Unisim Transformation Summary:
  A total of 622 instances were transformed.
  CFGLUT5 => CFGLUT5 (SRL16E, SRLC32E): 464 instances
  IOBUF => IOBUF (IBUF, OBUFT): 22 instances
  IOBUFDS => IOBUFDS (IBUFDS, INV, OBUFTDS(x2)): 2 instances
  OBUFDS => OBUFDS_DUAL_BUF (INV, OBUFDS(x2)): 1 instance 
  RAM16X1S => RAM32X1S (RAMS32): 78 instances
  RAM32M => RAM32M (RAMD32(x6), RAMS32(x2)): 51 instances
  RAM32X1D => RAM32X1D (RAMD32(x2)): 4 instances

13 Infos, 22 Warnings, 3 Critical Warnings and 0 Errors encountered.
link_design completed successfully
link_design: Time (s): cpu = 00:00:21 ; elapsed = 00:00:20 . Memory (MB): peak = 2592.141 ; gain = 1174.270 ; free physical = 1358 ; free virtual = 15732
Command: opt_design
Attempting to get a license for feature 'Implementation' and/or device 'xc7a35ti'
INFO: [Common 17-349] Got license for feature 'Implementation' and/or device 'xc7a35ti'
Running DRC as a precondition to command opt_design

Starting DRC Task
INFO: [DRC 23-27] Running DRC with 8 threads
INFO: [Project 1-461] DRC finished with 0 Errors
INFO: [Project 1-462] Please refer to the DRC report (report_drc) for more information.

Time (s): cpu = 00:00:02 ; elapsed = 00:00:00.97 . Memory (MB): peak = 2656.172 ; gain = 64.031 ; free physical = 1343 ; free virtual = 15717

Starting Cache Timing Information Task
INFO: [Timing 38-35] Done setting XDC timing constraints.
Ending Cache Timing Information Task | Checksum: 191d61027

Time (s): cpu = 00:00:01 ; elapsed = 00:00:00.64 . Memory (MB): peak = 2656.172 ; gain = 0.000 ; free physical = 1323 ; free virtual = 15698

Starting Logic Optimization Task

Phase 1 Initialization

Phase 1.1 Core Generation And Design Setup
Phase 1.1 Core Generation And Design Setup | Checksum: 191d61027

Time (s): cpu = 00:00:03 ; elapsed = 00:00:01 . Memory (MB): peak = 2969.879 ; gain = 24.012 ; free physical = 999 ; free virtual = 15374

Phase 1.2 Setup Constraints And Sort Netlist
Phase 1.2 Setup Constraints And Sort Netlist | Checksum: 191d61027

Time (s): cpu = 00:00:03 ; elapsed = 00:00:01 . Memory (MB): peak = 2969.879 ; gain = 24.012 ; free physical = 999 ; free virtual = 15374
Phase 1 Initialization | Checksum: 191d61027

Time (s): cpu = 00:00:03 ; elapsed = 00:00:01 . Memory (MB): peak = 2969.879 ; gain = 24.012 ; free physical = 999 ; free virtual = 15374

Phase 2 Timer Update And Timing Data Collection

Phase 2.1 Timer Update
Phase 2.1 Timer Update | Checksum: 191d61027

Time (s): cpu = 00:00:04 ; elapsed = 00:00:02 . Memory (MB): peak = 2969.879 ; gain = 24.012 ; free physical = 999 ; free virtual = 15374

Phase 2.2 Timing Data Collection
Phase 2.2 Timing Data Collection | Checksum: 191d61027

Time (s): cpu = 00:00:04 ; elapsed = 00:00:02 . Memory (MB): peak = 2969.879 ; gain = 24.012 ; free physical = 999 ; free virtual = 15374
Phase 2 Timer Update And Timing Data Collection | Checksum: 191d61027

Time (s): cpu = 00:00:04 ; elapsed = 00:00:02 . Memory (MB): peak = 2969.879 ; gain = 24.012 ; free physical = 999 ; free virtual = 15374

Phase 3 Retarget
INFO: [Opt 31-1834] Total Chains To Be Transformed Were: 0 AND Number of Transformed insts Created are: 0
INFO: [Opt 31-138] Pushed 0 inverter(s) to 0 load pin(s).
INFO: [Opt 31-49] Retargeted 0 cell(s).
Phase 3 Retarget | Checksum: 191d61027

Time (s): cpu = 00:00:05 ; elapsed = 00:00:02 . Memory (MB): peak = 2969.879 ; gain = 24.012 ; free physical = 999 ; free virtual = 15374
Retarget | Checksum: 191d61027
INFO: [Opt 31-389] Phase Retarget created 0 cells and removed 0 cells
INFO: [Opt 31-1021] In phase Retarget, 2082 netlist objects are constrained preventing optimization. Please run opt_design with -debug_log to get more detail. 

Phase 4 Constant propagation
INFO: [Opt 31-138] Pushed 0 inverter(s) to 0 load pin(s).
Phase 4 Constant propagation | Checksum: eaaaaa09

Time (s): cpu = 00:00:05 ; elapsed = 00:00:03 . Memory (MB): peak = 2969.879 ; gain = 24.012 ; free physical = 999 ; free virtual = 15374
Constant propagation | Checksum: eaaaaa09
INFO: [Opt 31-389] Phase Constant propagation created 0 cells and removed 0 cells
INFO: [Opt 31-1021] In phase Constant propagation, 115 netlist objects are constrained preventing optimization. Please run opt_design with -debug_log to get more detail. 

Phase 5 Sweep
Phase 5 Sweep | Checksum: 14c19dc91

Time (s): cpu = 00:00:06 ; elapsed = 00:00:03 . Memory (MB): peak = 2969.879 ; gain = 24.012 ; free physical = 999 ; free virtual = 15374
Sweep | Checksum: 14c19dc91
INFO: [Opt 31-389] Phase Sweep created 0 cells and removed 0 cells
INFO: [Opt 31-1021] In phase Sweep, 108038 netlist objects are constrained preventing optimization. Please run opt_design with -debug_log to get more detail. 

Phase 6 BUFG optimization
Phase 6 BUFG optimization | Checksum: 14c19dc91

Time (s): cpu = 00:00:06 ; elapsed = 00:00:03 . Memory (MB): peak = 2969.879 ; gain = 24.012 ; free physical = 999 ; free virtual = 15374
BUFG optimization | Checksum: 14c19dc91
INFO: [Opt 31-662] Phase BUFG optimization created 0 cells of which 0 are BUFGs and removed 0 cells.
INFO: [Opt 31-1021] In phase BUFG optimization, 10 netlist objects are constrained preventing optimization. Please run opt_design with -debug_log to get more detail. 

Phase 7 Shift Register Optimization
INFO: [Opt 31-1064] SRL Remap converted 0 SRLs to 0 registers and converted 0 registers of register chains to 0 SRLs
Phase 7 Shift Register Optimization | Checksum: 14c19dc91

Time (s): cpu = 00:00:06 ; elapsed = 00:00:04 . Memory (MB): peak = 2969.879 ; gain = 24.012 ; free physical = 999 ; free virtual = 15374
Shift Register Optimization | Checksum: 14c19dc91
INFO: [Opt 31-389] Phase Shift Register Optimization created 0 cells and removed 0 cells

Phase 8 Post Processing Netlist
Phase 8 Post Processing Netlist | Checksum: 14c19dc91

Time (s): cpu = 00:00:07 ; elapsed = 00:00:04 . Memory (MB): peak = 2969.879 ; gain = 24.012 ; free physical = 999 ; free virtual = 15374
Post Processing Netlist | Checksum: 14c19dc91
INFO: [Opt 31-389] Phase Post Processing Netlist created 0 cells and removed 0 cells
INFO: [Opt 31-1021] In phase Post Processing Netlist, 25 netlist objects are constrained preventing optimization. Please run opt_design with -debug_log to get more detail. 

Phase 9 Finalization

Phase 9.1 Finalizing Design Cores and Updating Shapes
Phase 9.1 Finalizing Design Cores and Updating Shapes | Checksum: 102991fd5

Time (s): cpu = 00:00:07 ; elapsed = 00:00:04 . Memory (MB): peak = 2969.879 ; gain = 24.012 ; free physical = 999 ; free virtual = 15374

Phase 9.2 Verifying Netlist Connectivity

Starting Connectivity Check Task

Time (s): cpu = 00:00:00.03 ; elapsed = 00:00:00.02 . Memory (MB): peak = 2969.879 ; gain = 0.000 ; free physical = 999 ; free virtual = 15374
Phase 9.2 Verifying Netlist Connectivity | Checksum: 102991fd5

Time (s): cpu = 00:00:07 ; elapsed = 00:00:04 . Memory (MB): peak = 2969.879 ; gain = 24.012 ; free physical = 999 ; free virtual = 15374
Phase 9 Finalization | Checksum: 102991fd5

Time (s): cpu = 00:00:07 ; elapsed = 00:00:04 . Memory (MB): peak = 2969.879 ; gain = 24.012 ; free physical = 999 ; free virtual = 15374
Opt_design Change Summary
=========================


-------------------------------------------------------------------------------------------------------------------------
|  Phase                        |  #Cells created  |  #Cells Removed  |  #Constrained objects preventing optimizations  |
-------------------------------------------------------------------------------------------------------------------------
|  Retarget                     |               0  |               0  |                                           2082  |
|  Constant propagation         |               0  |               0  |                                            115  |
|  Sweep                        |               0  |               0  |                                         108038  |
|  BUFG optimization            |               0  |               0  |                                             10  |
|  Shift Register Optimization  |               0  |               0  |                                              0  |
|  Post Processing Netlist      |               0  |               0  |                                             25  |
-------------------------------------------------------------------------------------------------------------------------


Ending Logic Optimization Task | Checksum: 102991fd5

Time (s): cpu = 00:00:07 ; elapsed = 00:00:04 . Memory (MB): peak = 2969.879 ; gain = 24.012 ; free physical = 999 ; free virtual = 15374

Starting Power Optimization Task
INFO: [Pwropt 34-132] Skipping clock gating for clocks with a period < 2.00 ns.
INFO: [Pwropt 34-232] Skipping BRAM gating because all BRAMs are in high frequency (i.e. period < 3.12 ns) clock domains.
INFO: [Pwropt 34-162] WRITE_MODE attribute of 0 BRAM(s) out of a total of 48 has been updated to save power. Run report_power_opt to get a complete listing of the BRAMs updated.
Ending Power Optimization Task | Checksum: 102991fd5

Time (s): cpu = 00:00:00.45 ; elapsed = 00:00:00.52 . Memory (MB): peak = 3009.867 ; gain = 39.988 ; free physical = 952 ; free virtual = 15329

Starting Final Cleanup Task
Ending Final Cleanup Task | Checksum: 102991fd5

Time (s): cpu = 00:00:00.11 ; elapsed = 00:00:00.08 . Memory (MB): peak = 3009.867 ; gain = 0.000 ; free physical = 952 ; free virtual = 15329

Starting Netlist Obfuscation Task
Netlist sorting complete. Time (s): cpu = 00:00:00 ; elapsed = 00:00:00 . Memory (MB): peak = 3009.867 ; gain = 0.000 ; free physical = 952 ; free virtual = 15329
Ending Netlist Obfuscation Task | Checksum: 102991fd5

Time (s): cpu = 00:00:00.11 ; elapsed = 00:00:00.09 . Memory (MB): peak = 3009.867 ; gain = 0.000 ; free physical = 952 ; free virtual = 15329
INFO: [Common 17-83] Releasing license: Implementation
38 Infos, 22 Warnings, 3 Critical Warnings and 0 Errors encountered.
opt_design completed successfully
opt_design: Time (s): cpu = 00:00:14 ; elapsed = 00:00:09 . Memory (MB): peak = 3009.867 ; gain = 417.727 ; free physical = 952 ; free virtual = 15329
INFO: [Vivado 12-24828] Executing command : report_drc -file top_arty_cfu_drc_opted.rpt -pb top_arty_cfu_drc_opted.pb -rpx top_arty_cfu_drc_opted.rpx
Command: report_drc -file top_arty_cfu_drc_opted.rpt -pb top_arty_cfu_drc_opted.pb -rpx top_arty_cfu_drc_opted.rpx
INFO: [IP_Flow 19-234] Refreshing IP repositories
INFO: [IP_Flow 19-1704] No user IP repositories specified
INFO: [IP_Flow 19-2313] Loaded Vivado IP repository '/home/jsp/Storage/Vivado/2024.1/data/ip'.
INFO: [DRC 23-27] Running DRC with 8 threads
INFO: [Vivado_Tcl 2-168] The results of DRC are in file /home/jsp/Storage/CFU-Playground/soc/build/digilent_arty.example_cfu/gateware/digilent_arty.runs/child_0_impl_1/top_arty_cfu_drc_opted.rpt.
report_drc completed successfully
INFO: [Timing 38-480] Writing timing data to binary archive.
Write ShapeDB Complete: Time (s): cpu = 00:00:00.1 ; elapsed = 00:00:00.02 . Memory (MB): peak = 3041.883 ; gain = 0.000 ; free physical = 944 ; free virtual = 15321
Wrote PlaceDB: Time (s): cpu = 00:00:03 ; elapsed = 00:00:00.94 . Memory (MB): peak = 3041.883 ; gain = 0.000 ; free physical = 903 ; free virtual = 15308
Wrote PulsedLatchDB: Time (s): cpu = 00:00:00 ; elapsed = 00:00:00 . Memory (MB): peak = 3041.883 ; gain = 0.000 ; free physical = 903 ; free virtual = 15308
Writing XDEF routing.
Writing XDEF routing logical nets.
Writing XDEF routing special nets.
Wrote RouteStorage: Time (s): cpu = 00:00:00.52 ; elapsed = 00:00:00.25 . Memory (MB): peak = 3041.883 ; gain = 0.000 ; free physical = 902 ; free virtual = 15312
Wrote Netlist Cache: Time (s): cpu = 00:00:00.01 ; elapsed = 00:00:00.02 . Memory (MB): peak = 3041.883 ; gain = 0.000 ; free physical = 900 ; free virtual = 15313
Wrote Device Cache: Time (s): cpu = 00:00:00.01 ; elapsed = 00:00:00 . Memory (MB): peak = 3041.883 ; gain = 0.000 ; free physical = 898 ; free virtual = 15311
Write Physdb Complete: Time (s): cpu = 00:00:03 ; elapsed = 00:00:01 . Memory (MB): peak = 3041.883 ; gain = 0.000 ; free physical = 898 ; free virtual = 15311
INFO: [Common 17-1381] The checkpoint '/home/jsp/Storage/CFU-Playground/soc/build/digilent_arty.example_cfu/gateware/digilent_arty.runs/child_0_impl_1/top_arty_cfu_opt.dcp' has been generated.
INFO: [Chipscope 16-240] Debug cores have already been implemented
Command: place_design
Attempting to get a license for feature 'Implementation' and/or device 'xc7a35ti'
INFO: [Common 17-349] Got license for feature 'Implementation' and/or device 'xc7a35ti'
INFO: [Common 17-83] Releasing license: Implementation
INFO: [DRC 23-27] Running DRC with 8 threads
INFO: [Vivado_Tcl 4-198] DRC finished with 0 Errors
INFO: [Vivado_Tcl 4-199] Please refer to the DRC report (report_drc) for more information.
Running DRC as a precondition to command place_design
INFO: [DRC 23-27] Running DRC with 8 threads
INFO: [Vivado_Tcl 4-198] DRC finished with 0 Errors
INFO: [Vivado_Tcl 4-199] Please refer to the DRC report (report_drc) for more information.
INFO: [Place 30-611] Multithreading enabled for place_design using a maximum of 8 CPUs

Starting Placer Task

Phase 1 Placer Initialization

Phase 1.1 Placer Initialization Netlist Sorting
Netlist sorting complete. Time (s): cpu = 00:00:00 ; elapsed = 00:00:00.01 . Memory (MB): peak = 3041.883 ; gain = 0.000 ; free physical = 877 ; free virtual = 15262
Phase 1.1 Placer Initialization Netlist Sorting | Checksum: b203a47a

Time (s): cpu = 00:00:00.2 ; elapsed = 00:00:00.17 . Memory (MB): peak = 3041.883 ; gain = 0.000 ; free physical = 877 ; free virtual = 15262
Netlist sorting complete. Time (s): cpu = 00:00:00 ; elapsed = 00:00:00.01 . Memory (MB): peak = 3041.883 ; gain = 0.000 ; free physical = 877 ; free virtual = 15262

Phase 1.2 IO Placement/ Clock Placement/ Build Placer Device
WARNING: [Constraints 18-8777] Unable to split tiles. All required files are not available.
INFO: [Timing 38-35] Done setting XDC timing constraints.
Phase 1.2 IO Placement/ Clock Placement/ Build Placer Device | Checksum: 13fdbba3e

Time (s): cpu = 00:00:06 ; elapsed = 00:00:04 . Memory (MB): peak = 3041.883 ; gain = 0.000 ; free physical = 867 ; free virtual = 15254

Phase 1.3 Build Placer Netlist Model
Phase 1.3 Build Placer Netlist Model | Checksum: 17fe4caa4

Time (s): cpu = 00:00:15 ; elapsed = 00:00:07 . Memory (MB): peak = 3102.535 ; gain = 60.652 ; free physical = 813 ; free virtual = 15200

Phase 1.4 Constrain Clocks/Macros
Phase 1.4 Constrain Clocks/Macros | Checksum: 17fe4caa4

Time (s): cpu = 00:00:15 ; elapsed = 00:00:07 . Memory (MB): peak = 3102.535 ; gain = 60.652 ; free physical = 813 ; free virtual = 15200
Phase 1 Placer Initialization | Checksum: 17fe4caa4

Time (s): cpu = 00:00:17 ; elapsed = 00:00:08 . Memory (MB): peak = 3102.535 ; gain = 60.652 ; free physical = 817 ; free virtual = 15204

Phase 2 Global Placement

Phase 2.1 Floorplanning
Phase 2.1 Floorplanning | Checksum: 13ff98c81

Time (s): cpu = 00:00:21 ; elapsed = 00:00:09 . Memory (MB): peak = 3126.699 ; gain = 84.816 ; free physical = 826 ; free virtual = 15213

Phase 2.2 Update Timing before SLR Path Opt
Phase 2.2 Update Timing before SLR Path Opt | Checksum: 1e70297e0

Time (s): cpu = 00:00:25 ; elapsed = 00:00:10 . Memory (MB): peak = 3126.699 ; gain = 84.816 ; free physical = 829 ; free virtual = 15216

Phase 2.3 Post-Processing in Floorplanning
Phase 2.3 Post-Processing in Floorplanning | Checksum: 1e70297e0

Time (s): cpu = 00:00:25 ; elapsed = 00:00:10 . Memory (MB): peak = 3126.699 ; gain = 84.816 ; free physical = 829 ; free virtual = 15216

Phase 2.4 Global Placement Core

Phase 2.4.1 UpdateTiming Before Physical Synthesis
Phase 2.4.1 UpdateTiming Before Physical Synthesis | Checksum: 15f4d4eab

Time (s): cpu = 00:00:32 ; elapsed = 00:00:11 . Memory (MB): peak = 3126.699 ; gain = 84.816 ; free physical = 873 ; free virtual = 15260

Phase 2.4.2 Physical Synthesis In Placer
INFO: [Physopt 32-1035] Found 0 LUTNM shape to break, 12 LUT instances to create LUTNM shape
INFO: [Physopt 32-1044] Break lutnm for timing: one critical 0, two critical 0, total 0, new lutff created 0
INFO: [Physopt 32-1138] End 1 Pass. Optimized 6 nets or LUTs. Breaked 0 LUT, combined 6 existing LUTs and moved 0 existing LUT
INFO: [Physopt 32-65] No nets found for high-fanout optimization.
INFO: [Physopt 32-232] Optimized 0 net. Created 0 new instance.
INFO: [Physopt 32-775] End 1 Pass. Optimized 0 net or cell. Created 0 new cell, deleted 0 existing cell and moved 0 existing cell
INFO: [Physopt 32-670] No setup violation found.  DSP Register Optimization was not performed.
INFO: [Physopt 32-670] No setup violation found.  Shift Register to Pipeline Optimization was not performed.
INFO: [Physopt 32-670] No setup violation found.  Shift Register Optimization was not performed.
INFO: [Physopt 32-670] No setup violation found.  BRAM Register Optimization was not performed.
INFO: [Physopt 32-670] No setup violation found.  URAM Register Optimization was not performed.
INFO: [Physopt 32-949] No candidate nets found for dynamic/static region interface net replication
INFO: [Physopt 32-775] End 1 Pass. Optimized 0 net or cell. Created 0 new cell, deleted 0 existing cell and moved 0 existing cell
Netlist sorting complete. Time (s): cpu = 00:00:00 ; elapsed = 00:00:00.01 . Memory (MB): peak = 3126.699 ; gain = 0.000 ; free physical = 873 ; free virtual = 15260

Summary of Physical Synthesis Optimizations
============================================


-----------------------------------------------------------------------------------------------------------------------------------------------------------
|  Optimization                                     |  Added Cells  |  Removed Cells  |  Optimized Cells/Nets  |  Dont Touch  |  Iterations  |  Elapsed   |
-----------------------------------------------------------------------------------------------------------------------------------------------------------
|  LUT Combining                                    |            0  |              6  |                     6  |           0  |           1  |  00:00:00  |
|  Retime                                           |            0  |              0  |                     0  |           0  |           1  |  00:00:00  |
|  Very High Fanout                                 |            0  |              0  |                     0  |           0  |           1  |  00:00:00  |
|  DSP Register                                     |            0  |              0  |                     0  |           0  |           0  |  00:00:00  |
|  Shift Register to Pipeline                       |            0  |              0  |                     0  |           0  |           0  |  00:00:00  |
|  Shift Register                                   |            0  |              0  |                     0  |           0  |           0  |  00:00:00  |
|  BRAM Register                                    |            0  |              0  |                     0  |           0  |           0  |  00:00:00  |
|  URAM Register                                    |            0  |              0  |                     0  |           0  |           0  |  00:00:00  |
|  Dynamic/Static Region Interface Net Replication  |            0  |              0  |                     0  |           0  |           1  |  00:00:00  |
|  Total                                            |            0  |              6  |                     6  |           0  |           4  |  00:00:00  |
-----------------------------------------------------------------------------------------------------------------------------------------------------------


Phase 2.4.2 Physical Synthesis In Placer | Checksum: 1b3419772

Time (s): cpu = 00:00:36 ; elapsed = 00:00:13 . Memory (MB): peak = 3126.699 ; gain = 84.816 ; free physical = 873 ; free virtual = 15260
Phase 2.4 Global Placement Core | Checksum: 1d42c7e19

Time (s): cpu = 00:00:37 ; elapsed = 00:00:13 . Memory (MB): peak = 3126.699 ; gain = 84.816 ; free physical = 871 ; free virtual = 15258
Phase 2 Global Placement | Checksum: 1d42c7e19

Time (s): cpu = 00:00:37 ; elapsed = 00:00:13 . Memory (MB): peak = 3126.699 ; gain = 84.816 ; free physical = 871 ; free virtual = 15258

Phase 3 Detail Placement

Phase 3.1 Commit Multi Column Macros
Phase 3.1 Commit Multi Column Macros | Checksum: 1c67ec702

Time (s): cpu = 00:00:38 ; elapsed = 00:00:14 . Memory (MB): peak = 3126.699 ; gain = 84.816 ; free physical = 871 ; free virtual = 15258

Phase 3.2 Commit Most Macros & LUTRAMs
Phase 3.2 Commit Most Macros & LUTRAMs | Checksum: 25a79e3d9

Time (s): cpu = 00:00:39 ; elapsed = 00:00:15 . Memory (MB): peak = 3126.699 ; gain = 84.816 ; free physical = 870 ; free virtual = 15257

Phase 3.3 Area Swap Optimization
Phase 3.3 Area Swap Optimization | Checksum: 1a2908971

Time (s): cpu = 00:00:39 ; elapsed = 00:00:15 . Memory (MB): peak = 3126.699 ; gain = 84.816 ; free physical = 870 ; free virtual = 15257

Phase 3.4 Pipeline Register Optimization
Phase 3.4 Pipeline Register Optimization | Checksum: 1a2908971

Time (s): cpu = 00:00:40 ; elapsed = 00:00:15 . Memory (MB): peak = 3126.699 ; gain = 84.816 ; free physical = 870 ; free virtual = 15257

Phase 3.5 Small Shape Detail Placement
Phase 3.5 Small Shape Detail Placement | Checksum: 1d7474196

Time (s): cpu = 00:00:41 ; elapsed = 00:00:15 . Memory (MB): peak = 3126.699 ; gain = 84.816 ; free physical = 869 ; free virtual = 15257

Phase 3.6 Re-assign LUT pins
Phase 3.6 Re-assign LUT pins | Checksum: 26742d928

Time (s): cpu = 00:00:41 ; elapsed = 00:00:16 . Memory (MB): peak = 3126.699 ; gain = 84.816 ; free physical = 869 ; free virtual = 15257

Phase 3.7 Pipeline Register Optimization
Phase 3.7 Pipeline Register Optimization | Checksum: 26742d928

Time (s): cpu = 00:00:41 ; elapsed = 00:00:16 . Memory (MB): peak = 3126.699 ; gain = 84.816 ; free physical = 869 ; free virtual = 15257
Phase 3 Detail Placement | Checksum: 26742d928

Time (s): cpu = 00:00:41 ; elapsed = 00:00:16 . Memory (MB): peak = 3126.699 ; gain = 84.816 ; free physical = 869 ; free virtual = 15257

Phase 4 Post Placement Optimization and Clean-Up

Phase 4.1 Post Commit Optimization
INFO: [Timing 38-35] Done setting XDC timing constraints.

Phase 4.1.1 Post Placement Optimization
Post Placement Optimization Initialization | Checksum: 1aa302e9f

Phase 4.1.1.1 BUFG Insertion

Starting Physical Synthesis Task

Phase 1 Physical Synthesis Initialization
INFO: [Physopt 32-721] Multithreading enabled for phys_opt_design using a maximum of 8 CPUs
INFO: [Physopt 32-619] Estimated Timing Summary | WNS=0.247 | TNS=0.000 |
Phase 1 Physical Synthesis Initialization | Checksum: f2df7fd6

Time (s): cpu = 00:00:02 ; elapsed = 00:00:00.74 . Memory (MB): peak = 3149.496 ; gain = 0.000 ; free physical = 849 ; free virtual = 15236
INFO: [Place 46-56] BUFG insertion identified 0 candidate nets. Inserted BUFG: 0, Replicated BUFG Driver: 0, Skipped due to Placement/Routing Conflicts: 0, Skipped due to Timing Degradation: 0, Skipped due to netlist editing failed: 0.
Ending Physical Synthesis Task | Checksum: 1e1259d22

Time (s): cpu = 00:00:02 ; elapsed = 00:00:00.9 . Memory (MB): peak = 3149.496 ; gain = 0.000 ; free physical = 849 ; free virtual = 15236
Phase 4.1.1.1 BUFG Insertion | Checksum: 1aa302e9f

Time (s): cpu = 00:00:52 ; elapsed = 00:00:19 . Memory (MB): peak = 3149.496 ; gain = 107.613 ; free physical = 849 ; free virtual = 15236

Phase 4.1.1.2 Post Placement Timing Optimization
INFO: [Place 30-746] Post Placement Timing Summary WNS=0.247. For the most accurate timing information please run report_timing.
Phase 4.1.1.2 Post Placement Timing Optimization | Checksum: 21eff558c

Time (s): cpu = 00:00:53 ; elapsed = 00:00:20 . Memory (MB): peak = 3149.496 ; gain = 107.613 ; free physical = 849 ; free virtual = 15236

Time (s): cpu = 00:00:53 ; elapsed = 00:00:20 . Memory (MB): peak = 3149.496 ; gain = 107.613 ; free physical = 849 ; free virtual = 15236
Phase 4.1 Post Commit Optimization | Checksum: 21eff558c

Time (s): cpu = 00:00:53 ; elapsed = 00:00:20 . Memory (MB): peak = 3149.496 ; gain = 107.613 ; free physical = 849 ; free virtual = 15236

Phase 4.2 Post Placement Cleanup
Phase 4.2 Post Placement Cleanup | Checksum: 21eff558c

Time (s): cpu = 00:00:53 ; elapsed = 00:00:20 . Memory (MB): peak = 3149.496 ; gain = 107.613 ; free physical = 849 ; free virtual = 15236

Phase 4.3 Placer Reporting

Phase 4.3.1 Print Estimated Congestion
INFO: [Place 30-612] Post-Placement Estimated Congestion 
 ____________________________________________________
|           | Global Congestion | Short Congestion  |
| Direction | Region Size       | Region Size       |
|___________|___________________|___________________|
|      North|                2x2|                4x4|
|___________|___________________|___________________|
|      South|                2x2|                4x4|
|___________|___________________|___________________|
|       East|                4x4|                2x2|
|___________|___________________|___________________|
|       West|                4x4|                1x1|
|___________|___________________|___________________|

Phase 4.3.1 Print Estimated Congestion | Checksum: 21eff558c

Time (s): cpu = 00:00:54 ; elapsed = 00:00:20 . Memory (MB): peak = 3149.496 ; gain = 107.613 ; free physical = 849 ; free virtual = 15236
Phase 4.3 Placer Reporting | Checksum: 21eff558c

Time (s): cpu = 00:00:54 ; elapsed = 00:00:20 . Memory (MB): peak = 3149.496 ; gain = 107.613 ; free physical = 849 ; free virtual = 15236

Phase 4.4 Final Placement Cleanup
Netlist sorting complete. Time (s): cpu = 00:00:00 ; elapsed = 00:00:00 . Memory (MB): peak = 3149.496 ; gain = 0.000 ; free physical = 849 ; free virtual = 15236

Time (s): cpu = 00:00:54 ; elapsed = 00:00:20 . Memory (MB): peak = 3149.496 ; gain = 107.613 ; free physical = 849 ; free virtual = 15236
Phase 4 Post Placement Optimization and Clean-Up | Checksum: 1990b8ed0

Time (s): cpu = 00:00:54 ; elapsed = 00:00:20 . Memory (MB): peak = 3149.496 ; gain = 107.613 ; free physical = 849 ; free virtual = 15236
Ending Placer Task | Checksum: 10a9c5b0b

Time (s): cpu = 00:00:54 ; elapsed = 00:00:20 . Memory (MB): peak = 3149.496 ; gain = 107.613 ; free physical = 849 ; free virtual = 15236
76 Infos, 23 Warnings, 3 Critical Warnings and 0 Errors encountered.
place_design completed successfully
place_design: Time (s): cpu = 00:01:01 ; elapsed = 00:00:23 . Memory (MB): peak = 3173.508 ; gain = 131.625 ; free physical = 849 ; free virtual = 15236
INFO: [Vivado 12-24838] Running report commands "report_control_sets, report_io, report_utilization" in parallel.
Running report generation with 3 threads.
INFO: [Vivado 12-24828] Executing command : report_control_sets -verbose -file top_arty_cfu_control_sets_placed.rpt
report_control_sets: Time (s): cpu = 00:00:00.27 ; elapsed = 00:00:00.17 . Memory (MB): peak = 3173.508 ; gain = 0.000 ; free physical = 824 ; free virtual = 15211
INFO: [Vivado 12-24828] Executing command : report_io -file top_arty_cfu_io_placed.rpt
report_io: Time (s): cpu = 00:00:00.32 ; elapsed = 00:00:00.19 . Memory (MB): peak = 3173.508 ; gain = 0.000 ; free physical = 832 ; free virtual = 15219
INFO: [Vivado 12-24828] Executing command : report_utilization -file top_arty_cfu_utilization_placed.rpt -pb top_arty_cfu_utilization_placed.pb
INFO: [Timing 38-480] Writing timing data to binary archive.
Write ShapeDB Complete: Time (s): cpu = 00:00:00 ; elapsed = 00:00:00 . Memory (MB): peak = 3173.508 ; gain = 0.000 ; free physical = 831 ; free virtual = 15219
Wrote PlaceDB: Time (s): cpu = 00:00:03 ; elapsed = 00:00:00.95 . Memory (MB): peak = 3173.508 ; gain = 0.000 ; free physical = 773 ; free virtual = 15191
Wrote PulsedLatchDB: Time (s): cpu = 00:00:00 ; elapsed = 00:00:00 . Memory (MB): peak = 3173.508 ; gain = 0.000 ; free physical = 773 ; free virtual = 15191
Writing XDEF routing.
Writing XDEF routing logical nets.
Writing XDEF routing special nets.
Wrote RouteStorage: Time (s): cpu = 00:00:00.47 ; elapsed = 00:00:00.26 . Memory (MB): peak = 3173.508 ; gain = 0.000 ; free physical = 773 ; free virtual = 15194
Wrote Netlist Cache: Time (s): cpu = 00:00:00.02 ; elapsed = 00:00:00.02 . Memory (MB): peak = 3173.508 ; gain = 0.000 ; free physical = 773 ; free virtual = 15197
Wrote Device Cache: Time (s): cpu = 00:00:00 ; elapsed = 00:00:00 . Memory (MB): peak = 3173.508 ; gain = 0.000 ; free physical = 773 ; free virtual = 15197
Write Physdb Complete: Time (s): cpu = 00:00:03 ; elapsed = 00:00:01 . Memory (MB): peak = 3173.508 ; gain = 0.000 ; free physical = 773 ; free virtual = 15197
INFO: [Common 17-1381] The checkpoint '/home/jsp/Storage/CFU-Playground/soc/build/digilent_arty.example_cfu/gateware/digilent_arty.runs/child_0_impl_1/top_arty_cfu_placed.dcp' has been generated.
Command: phys_opt_design
Attempting to get a license for feature 'Implementation' and/or device 'xc7a35ti'
INFO: [Common 17-349] Got license for feature 'Implementation' and/or device 'xc7a35ti'

Starting Initial Update Timing Task

Time (s): cpu = 00:00:07 ; elapsed = 00:00:02 . Memory (MB): peak = 3173.508 ; gain = 0.000 ; free physical = 773 ; free virtual = 15170
INFO: [Vivado_Tcl 4-2279] Estimated Timing Summary | WNS= 0.247 | TNS= 0.000 | 
INFO: [Vivado_Tcl 4-383] Design worst setup slack (WNS) is greater than or equal to 0.000 ns. All physical synthesis setup optimizations will be skipped.
INFO: [Vivado_Tcl 4-232] No setup violation found. The netlist was not modified.
INFO: [Common 17-83] Releasing license: Implementation
87 Infos, 23 Warnings, 3 Critical Warnings and 0 Errors encountered.
phys_opt_design completed successfully
INFO: [Timing 38-480] Writing timing data to binary archive.
Write ShapeDB Complete: Time (s): cpu = 00:00:00.01 ; elapsed = 00:00:00 . Memory (MB): peak = 3173.508 ; gain = 0.000 ; free physical = 771 ; free virtual = 15169
Wrote PlaceDB: Time (s): cpu = 00:00:03 ; elapsed = 00:00:00.93 . Memory (MB): peak = 3173.508 ; gain = 0.000 ; free physical = 723 ; free virtual = 15150
Wrote PulsedLatchDB: Time (s): cpu = 00:00:00 ; elapsed = 00:00:00.01 . Memory (MB): peak = 3173.508 ; gain = 0.000 ; free physical = 723 ; free virtual = 15150
Writing XDEF routing.
Writing XDEF routing logical nets.
Writing XDEF routing special nets.
Wrote RouteStorage: Time (s): cpu = 00:00:00.55 ; elapsed = 00:00:00.25 . Memory (MB): peak = 3173.508 ; gain = 0.000 ; free physical = 715 ; free virtual = 15146
Wrote Netlist Cache: Time (s): cpu = 00:00:00.01 ; elapsed = 00:00:00.02 . Memory (MB): peak = 3173.508 ; gain = 0.000 ; free physical = 714 ; free virtual = 15149
Wrote Device Cache: Time (s): cpu = 00:00:00.01 ; elapsed = 00:00:00 . Memory (MB): peak = 3173.508 ; gain = 0.000 ; free physical = 714 ; free virtual = 15149
Write Physdb Complete: Time (s): cpu = 00:00:03 ; elapsed = 00:00:01 . Memory (MB): peak = 3173.508 ; gain = 0.000 ; free physical = 714 ; free virtual = 15149
INFO: [Common 17-1381] The checkpoint '/home/jsp/Storage/CFU-Playground/soc/build/digilent_arty.example_cfu/gateware/digilent_arty.runs/child_0_impl_1/top_arty_cfu_physopt.dcp' has been generated.
Command: route_design
Attempting to get a license for feature 'Implementation' and/or device 'xc7a35ti'
INFO: [Common 17-349] Got license for feature 'Implementation' and/or device 'xc7a35ti'
Running DRC as a precondition to command route_design
INFO: [DRC 23-27] Running DRC with 8 threads
INFO: [Vivado_Tcl 4-198] DRC finished with 0 Errors
INFO: [Vivado_Tcl 4-199] Please refer to the DRC report (report_drc) for more information.


Starting Routing Task
INFO: [Route 35-254] Multithreading enabled for route_design using a maximum of 8 CPUs

Phase 1 Build RT Design
Checksum: PlaceDB: d27489ce ConstDB: 0 ShapeSum: 2b630e7 RouteDB: 3571a056
Post Restoration Checksum: NetGraph: fa803421 | NumContArr: b1cde95c | Constraints: ca0c967e | Timing: c2a8fa9d
Phase 1 Build RT Design | Checksum: 33903ae98

Time (s): cpu = 00:00:22 ; elapsed = 00:00:12 . Memory (MB): peak = 3226.949 ; gain = 0.000 ; free physical = 712 ; free virtual = 15120

Phase 2 Router Initialization

Phase 2.1 Fix Topology Constraints
Phase 2.1 Fix Topology Constraints | Checksum: 33903ae98

Time (s): cpu = 00:00:22 ; elapsed = 00:00:12 . Memory (MB): peak = 3226.949 ; gain = 0.000 ; free physical = 712 ; free virtual = 15120

Phase 2.2 Pre Route Cleanup
Phase 2.2 Pre Route Cleanup | Checksum: 33903ae98

Time (s): cpu = 00:00:22 ; elapsed = 00:00:12 . Memory (MB): peak = 3226.949 ; gain = 0.000 ; free physical = 712 ; free virtual = 15120
 Number of Nodes with overlaps = 0

Phase 2.3 Update Timing
Phase 2.3 Update Timing | Checksum: 24aa3876e

Time (s): cpu = 00:00:33 ; elapsed = 00:00:15 . Memory (MB): peak = 3257.996 ; gain = 31.047 ; free physical = 685 ; free virtual = 15094
INFO: [Route 35-416] Intermediate Timing Summary | WNS=0.162  | TNS=0.000  | WHS=-0.201 | THS=-265.147|


Phase 2.4 Update Timing for Bus Skew

Phase 2.4.1 Update Timing
Phase 2.4.1 Update Timing | Checksum: 1e4abc39e

Time (s): cpu = 00:00:38 ; elapsed = 00:00:16 . Memory (MB): peak = 3257.996 ; gain = 31.047 ; free physical = 685 ; free virtual = 15094
INFO: [Route 35-416] Intermediate Timing Summary | WNS=0.162  | TNS=0.000  | WHS=-0.249 | THS=-2.364 |

Phase 2.4 Update Timing for Bus Skew | Checksum: 26ed3dbf7

Time (s): cpu = 00:00:38 ; elapsed = 00:00:17 . Memory (MB): peak = 3273.996 ; gain = 47.047 ; free physical = 685 ; free virtual = 15094

Router Utilization Summary
  Global Vertical Routing Utilization    = 0 %
  Global Horizontal Routing Utilization  = 0 %
  Routable Net Status*
  *Does not include unroutable nets such as driverless and loadless.
  Run report_route_status for detailed report.
  Number of Failed Nets               = 259
    (Failed Nets is the sum of unrouted and partially routed nets)
  Number of Unrouted Nets             = 194
  Number of Partially Routed Nets     = 65
  Number of Node Overlaps             = 0

Phase 2 Router Initialization | Checksum: 26ed3dbf7

Time (s): cpu = 00:00:39 ; elapsed = 00:00:17 . Memory (MB): peak = 3273.996 ; gain = 47.047 ; free physical = 683 ; free virtual = 15092

Phase 3 Global Routing
Phase 3 Global Routing | Checksum: 26ed3dbf7

Time (s): cpu = 00:00:39 ; elapsed = 00:00:17 . Memory (MB): peak = 3273.996 ; gain = 47.047 ; free physical = 683 ; free virtual = 15092

Phase 4 Initial Routing

Phase 4.1 Initial Net Routing Pass
WARNING: [Route 35-3387] High violations detected on bus-skew constraints. This can potentially cause WNS degradation and routing congestion.
Resolution: Please review the set_bus_skew constraints.
Phase 4.1 Initial Net Routing Pass | Checksum: 19826a036

Time (s): cpu = 00:00:39 ; elapsed = 00:00:17 . Memory (MB): peak = 3273.996 ; gain = 47.047 ; free physical = 683 ; free virtual = 15092
Phase 4 Initial Routing | Checksum: 19826a036

Time (s): cpu = 00:00:39 ; elapsed = 00:00:17 . Memory (MB): peak = 3273.996 ; gain = 47.047 ; free physical = 683 ; free virtual = 15092

Phase 5 Rip-up And Reroute

Phase 5.1 Global Iteration 0
 Number of Nodes with overlaps = 44
 Number of Nodes with overlaps = 23
 Number of Nodes with overlaps = 9
 Number of Nodes with overlaps = 7
 Number of Nodes with overlaps = 6
 Number of Nodes with overlaps = 4
 Number of Nodes with overlaps = 0
INFO: [Route 35-416] Intermediate Timing Summary | WNS=0.162  | TNS=0.000  | WHS=N/A    | THS=N/A    |

Phase 5.1 Global Iteration 0 | Checksum: 1a3d01542

Time (s): cpu = 00:00:45 ; elapsed = 00:00:19 . Memory (MB): peak = 3273.996 ; gain = 47.047 ; free physical = 683 ; free virtual = 15092
Phase 5 Rip-up And Reroute | Checksum: 1a3d01542

Time (s): cpu = 00:00:45 ; elapsed = 00:00:19 . Memory (MB): peak = 3273.996 ; gain = 47.047 ; free physical = 683 ; free virtual = 15092

Phase 6 Delay and Skew Optimization

Phase 6.1 Delay CleanUp

Phase 6.1.1 Update Timing
Phase 6.1.1 Update Timing | Checksum: 27825cd55

Time (s): cpu = 00:00:47 ; elapsed = 00:00:20 . Memory (MB): peak = 3273.996 ; gain = 47.047 ; free physical = 683 ; free virtual = 15092
INFO: [Route 35-416] Intermediate Timing Summary | WNS=0.242  | TNS=0.000  | WHS=N/A    | THS=N/A    |

Phase 6.1 Delay CleanUp | Checksum: 1d02b84a4

Time (s): cpu = 00:00:47 ; elapsed = 00:00:20 . Memory (MB): peak = 3273.996 ; gain = 47.047 ; free physical = 683 ; free virtual = 15092

Phase 6.2 Clock Skew Optimization
Phase 6.2 Clock Skew Optimization | Checksum: 1d02b84a4

Time (s): cpu = 00:00:47 ; elapsed = 00:00:20 . Memory (MB): peak = 3273.996 ; gain = 47.047 ; free physical = 683 ; free virtual = 15092
Phase 6 Delay and Skew Optimization | Checksum: 1d02b84a4

Time (s): cpu = 00:00:47 ; elapsed = 00:00:20 . Memory (MB): peak = 3273.996 ; gain = 47.047 ; free physical = 683 ; free virtual = 15092

Phase 7 Post Hold Fix

Phase 7.1 Hold Fix Iter
INFO: [Route 35-416] Intermediate Timing Summary | WNS=0.242  | TNS=0.000  | WHS=0.050  | THS=0.000  |

Phase 7.1 Hold Fix Iter | Checksum: 22239c00c

Time (s): cpu = 00:00:50 ; elapsed = 00:00:21 . Memory (MB): peak = 3273.996 ; gain = 47.047 ; free physical = 683 ; free virtual = 15092
Phase 7 Post Hold Fix | Checksum: 22239c00c

Time (s): cpu = 00:00:51 ; elapsed = 00:00:21 . Memory (MB): peak = 3273.996 ; gain = 47.047 ; free physical = 683 ; free virtual = 15092

Phase 8 Route finalize

Router Utilization Summary
  Global Vertical Routing Utilization    = 0.0542932 %
  Global Horizontal Routing Utilization  = 0.0584331 %
  Routable Net Status*
  *Does not include unroutable nets such as driverless and loadless.
  Run report_route_status for detailed report.
  Number of Failed Nets               = 0
    (Failed Nets is the sum of unrouted and partially routed nets)
  Number of Unrouted Nets             = 0
  Number of Partially Routed Nets     = 0
  Number of Node Overlaps             = 0

Phase 8 Route finalize | Checksum: 22239c00c

Time (s): cpu = 00:00:51 ; elapsed = 00:00:21 . Memory (MB): peak = 3273.996 ; gain = 47.047 ; free physical = 683 ; free virtual = 15092

Phase 9 Verifying routed nets

 Verification completed successfully
Phase 9 Verifying routed nets | Checksum: 22239c00c

Time (s): cpu = 00:00:51 ; elapsed = 00:00:21 . Memory (MB): peak = 3273.996 ; gain = 47.047 ; free physical = 682 ; free virtual = 15091

Phase 10 Depositing Routes
Phase 10 Depositing Routes | Checksum: 1d90c825b

Time (s): cpu = 00:00:53 ; elapsed = 00:00:22 . Memory (MB): peak = 3273.996 ; gain = 47.047 ; free physical = 682 ; free virtual = 15091

Phase 11 Post Process Routing
Phase 11 Post Process Routing | Checksum: 1d90c825b

Time (s): cpu = 00:00:53 ; elapsed = 00:00:22 . Memory (MB): peak = 3273.996 ; gain = 47.047 ; free physical = 682 ; free virtual = 15091

Phase 12 Post Router Timing
INFO: [Route 35-57] Estimated Timing Summary | WNS=0.242  | TNS=0.000  | WHS=0.050  | THS=0.000  |

INFO: [Route 35-327] The final timing numbers are based on the router estimated timing analysis. For a complete and accurate timing signoff, please run report_timing_summary.
Phase 12 Post Router Timing | Checksum: 1d90c825b

Time (s): cpu = 00:00:53 ; elapsed = 00:00:22 . Memory (MB): peak = 3273.996 ; gain = 47.047 ; free physical = 682 ; free virtual = 15091
Total Elapsed time in route_design: 21.97 secs

Phase 13 Post-Route Event Processing
INFO: [Constraints 18-12546] INFO: Running DFX DRC before completing route_design
INFO: [Constraints 18-12545] INFO: DFX DRC finished with 0 Errors
Phase 13 Post-Route Event Processing | Checksum: 754fa3e4

Time (s): cpu = 00:00:56 ; elapsed = 00:00:23 . Memory (MB): peak = 3298.008 ; gain = 71.059 ; free physical = 682 ; free virtual = 15091
INFO: [Route 35-16] Router Completed Successfully
Ending Routing Task | Checksum: 754fa3e4

Time (s): cpu = 00:00:56 ; elapsed = 00:00:23 . Memory (MB): peak = 3298.008 ; gain = 71.059 ; free physical = 682 ; free virtual = 15091

Routing Is Done.
INFO: [Common 17-83] Releasing license: Implementation
105 Infos, 24 Warnings, 3 Critical Warnings and 0 Errors encountered.
route_design completed successfully
route_design: Time (s): cpu = 00:00:59 ; elapsed = 00:00:24 . Memory (MB): peak = 3298.008 ; gain = 124.500 ; free physical = 682 ; free virtual = 15091
INFO: [Vivado 12-24828] Executing command : report_drc -file top_arty_cfu_drc_routed.rpt -pb top_arty_cfu_drc_routed.pb -rpx top_arty_cfu_drc_routed.rpx
Command: report_drc -file top_arty_cfu_drc_routed.rpt -pb top_arty_cfu_drc_routed.pb -rpx top_arty_cfu_drc_routed.rpx
INFO: [IP_Flow 19-1839] IP Catalog is up to date.
INFO: [DRC 23-27] Running DRC with 8 threads
INFO: [Vivado_Tcl 2-168] The results of DRC are in file /home/jsp/Storage/CFU-Playground/soc/build/digilent_arty.example_cfu/gateware/digilent_arty.runs/child_0_impl_1/top_arty_cfu_drc_routed.rpt.
report_drc completed successfully
INFO: [Vivado 12-24828] Executing command : report_methodology -file top_arty_cfu_methodology_drc_routed.rpt -pb top_arty_cfu_methodology_drc_routed.pb -rpx top_arty_cfu_methodology_drc_routed.rpx
Command: report_methodology -file top_arty_cfu_methodology_drc_routed.rpt -pb top_arty_cfu_methodology_drc_routed.pb -rpx top_arty_cfu_methodology_drc_routed.rpx
INFO: [Timing 38-35] Done setting XDC timing constraints.
INFO: [DRC 23-133] Running Methodology with 8 threads
INFO: [Vivado_Tcl 2-1520] The results of Report Methodology are in file /home/jsp/Storage/CFU-Playground/soc/build/digilent_arty.example_cfu/gateware/digilent_arty.runs/child_0_impl_1/top_arty_cfu_methodology_drc_routed.rpt.
report_methodology completed successfully
INFO: [Vivado 12-24828] Executing command : report_timing_summary -max_paths 10 -report_unconstrained -file top_arty_cfu_timing_summary_routed.rpt -pb top_arty_cfu_timing_summary_routed.pb -rpx top_arty_cfu_timing_summary_routed.rpx -warn_on_violation 
INFO: [Timing 38-35] Done setting XDC timing constraints.
INFO: [Timing 38-91] UpdateTimingParams: Speed grade: -1L, Delay Type: min_max.
INFO: [Timing 38-191] Multithreading enabled for timing update using a maximum of 8 CPUs
WARNING: [Timing 38-436] There are set_bus_skew constraint(s) in this design. Please run report_bus_skew to ensure that bus skew requirements are met.
INFO: [Vivado 12-24838] Running report commands "report_bus_skew, report_incremental_reuse, report_route_status" in parallel.
Running report generation with 3 threads.
INFO: [Vivado 12-24828] Executing command : report_incremental_reuse -file top_arty_cfu_incremental_reuse_routed.rpt
INFO: [Vivado_Tcl 4-1062] Incremental flow is disabled. No incremental reuse Info to report.
INFO: [Vivado 12-24828] Executing command : report_bus_skew -warn_on_violation -file top_arty_cfu_bus_skew_routed.rpt -pb top_arty_cfu_bus_skew_routed.pb -rpx top_arty_cfu_bus_skew_routed.rpx
INFO: [Timing 38-91] UpdateTimingParams: Speed grade: -1L, Delay Type: min_max.
INFO: [Timing 38-191] Multithreading enabled for timing update using a maximum of 8 CPUs
INFO: [Vivado 12-24828] Executing command : report_route_status -file top_arty_cfu_route_status.rpt -pb top_arty_cfu_route_status.pb
INFO: [Vivado 12-24828] Executing command : report_power -file top_arty_cfu_power_routed.rpt -pb top_arty_cfu_power_summary_routed.pb -rpx top_arty_cfu_power_routed.rpx
Command: report_power -file top_arty_cfu_power_routed.rpt -pb top_arty_cfu_power_summary_routed.pb -rpx top_arty_cfu_power_routed.rpx
INFO: [Power 33-23] Power model is not available for STARTUPE2_inst
Running Vector-less Activity Propagation...

Finished Running Vector-less Activity Propagation
WARNING: [Power 33-332] Found switching activity that implies high-fanout reset nets being asserted for excessive periods of time which may result in inaccurate power analysis.
Resolution: To review and fix problems, please run Power Constraints Advisor in the GUI from Tools > Power Constraints Advisor or run report_power with the -advisory option to generate a text report.
126 Infos, 26 Warnings, 3 Critical Warnings and 0 Errors encountered.
report_power completed successfully
INFO: [Vivado 12-24828] Executing command : report_clock_utilization -file top_arty_cfu_clock_utilization_routed.rpt
WARNING: [Device 21-9320] Failed to find the Oracle tile group with name 'HSR_BOUNDARY_TOP'. This is required for Clock regions and Virtual grid.
WARNING: [Device 21-2174] Failed to initialize Virtual grid.
generate_parallel_reports: Time (s): cpu = 00:00:36 ; elapsed = 00:00:12 . Memory (MB): peak = 3387.875 ; gain = 89.867 ; free physical = 584 ; free virtual = 15009
INFO: [Timing 38-480] Writing timing data to binary archive.
Write ShapeDB Complete: Time (s): cpu = 00:00:00.01 ; elapsed = 00:00:00 . Memory (MB): peak = 3387.875 ; gain = 0.000 ; free physical = 584 ; free virtual = 15009
Wrote PlaceDB: Time (s): cpu = 00:00:03 ; elapsed = 00:00:00.95 . Memory (MB): peak = 3387.875 ; gain = 0.000 ; free physical = 546 ; free virtual = 15001
Wrote PulsedLatchDB: Time (s): cpu = 00:00:00 ; elapsed = 00:00:00 . Memory (MB): peak = 3387.875 ; gain = 0.000 ; free physical = 546 ; free virtual = 15001
Writing XDEF routing.
Writing XDEF routing logical nets.
Writing XDEF routing special nets.
Wrote RouteStorage: Time (s): cpu = 00:00:00.5 ; elapsed = 00:00:00.24 . Memory (MB): peak = 3387.875 ; gain = 0.000 ; free physical = 546 ; free virtual = 15005
Wrote Netlist Cache: Time (s): cpu = 00:00:00.01 ; elapsed = 00:00:00.02 . Memory (MB): peak = 3387.875 ; gain = 0.000 ; free physical = 546 ; free virtual = 15008
Wrote Device Cache: Time (s): cpu = 00:00:00.01 ; elapsed = 00:00:00 . Memory (MB): peak = 3387.875 ; gain = 0.000 ; free physical = 546 ; free virtual = 15008
Write Physdb Complete: Time (s): cpu = 00:00:03 ; elapsed = 00:00:01 . Memory (MB): peak = 3387.875 ; gain = 0.000 ; free physical = 546 ; free virtual = 15008
INFO: [Common 17-1381] The checkpoint '/home/jsp/Storage/CFU-Playground/soc/build/digilent_arty.example_cfu/gateware/digilent_arty.runs/child_0_impl_1/top_arty_cfu_routed.dcp' has been generated.
Wrote PlaceDB: Time (s): cpu = 00:00:00.02 ; elapsed = 00:00:00.01 . Memory (MB): peak = 3387.875 ; gain = 0.000 ; free physical = 551 ; free virtual = 14986
Wrote PulsedLatchDB: Time (s): cpu = 00:00:00 ; elapsed = 00:00:00 . Memory (MB): peak = 3387.875 ; gain = 0.000 ; free physical = 551 ; free virtual = 14986
Writing XDEF routing.
Writing XDEF routing logical nets.
Writing XDEF routing special nets.
Wrote RouteStorage: Time (s): cpu = 00:00:00.11 ; elapsed = 00:00:00.11 . Memory (MB): peak = 3387.875 ; gain = 0.000 ; free physical = 551 ; free virtual = 14986
Wrote Netlist Cache: Time (s): cpu = 00:00:00 ; elapsed = 00:00:00 . Memory (MB): peak = 3387.875 ; gain = 0.000 ; free physical = 551 ; free virtual = 14986
Wrote Device Cache: Time (s): cpu = 00:00:00.01 ; elapsed = 00:00:00.01 . Memory (MB): peak = 3387.875 ; gain = 0.000 ; free physical = 551 ; free virtual = 14987
Write Physdb Complete: Time (s): cpu = 00:00:00.14 ; elapsed = 00:00:00.13 . Memory (MB): peak = 3387.875 ; gain = 0.000 ; free physical = 551 ; free virtual = 14987
INFO: [Common 17-1381] The checkpoint '/home/jsp/Storage/CFU-Playground/soc/build/digilent_arty.example_cfu/gateware/digilent_arty.runs/child_0_impl_1/arty_system_Cfu_compute_example_routed.dcp' has been generated.
Command: pr_verify -full_check -initial /home/jsp/Storage/CFU-Playground/soc/build/digilent_arty.example_cfu/gateware/digilent_arty.runs/impl_1/top_arty_cfu_routed.dcp -additional /home/jsp/Storage/CFU-Playground/soc/build/digilent_arty.example_cfu/gateware/digilent_arty.runs/child_0_impl_1/top_arty_cfu_routed.dcp -file child_0_impl_1_pr_verify.log
Netlist sorting complete. Time (s): cpu = 00:00:00.18 ; elapsed = 00:00:00.17 . Memory (MB): peak = 3387.875 ; gain = 0.000 ; free physical = 549 ; free virtual = 14985
INFO: [Netlist 29-17] Analyzing 1344 Unisim elements for replacement
INFO: [Netlist 29-28] Unisim Transformation completed in 0 CPU seconds
INFO: [Project 1-479] Netlist was created with Vivado 2024.1
INFO: [Project 1-570] Preparing netlist for logic optimization
WARNING: [Constraints 18-550] Could not create 'IBUF_LOW_PWR' constraint because net 'control_system/design_1_i/clk_wiz/clk_in1' is not directly connected to top level port. 'IBUF_LOW_PWR' is ignored for synthesis but preserved for implementation.
Read ShapeDB Complete: Time (s): cpu = 00:00:00.05 ; elapsed = 00:00:00.05 . Memory (MB): peak = 3387.875 ; gain = 0.000 ; free physical = 510 ; free virtual = 14946
CRITICAL WARNING: [Chipscope 16-3] Cannot debug net 'control_system/design_1_i/axi_quad_spi_0_SPI_0_SCK_O'; it is connected between In/Out buffer and In/Out flip flop having property IOB true.
CRITICAL WARNING: [Chipscope 16-3] Cannot debug net 'control_system/design_1_i/system_ila_0/inst/SLOT_1_SPI_sck_o_1'; it is connected between In/Out buffer and In/Out flip flop having property IOB true.
INFO: [Timing 38-478] Restoring timing data from binary archive.
INFO: [Timing 38-479] Binary timing data restore complete.
INFO: [Project 1-856] Restoring constraints from binary archive.
INFO: [Project 1-853] Binary constraint restore complete.
INFO: [Designutils 20-5722] Start Reading Physical Databases.
Reading placement.
Read Netlist Cache: Time (s): cpu = 00:00:00.02 ; elapsed = 00:00:00.01 . Memory (MB): peak = 3501.473 ; gain = 0.000 ; free physical = 408 ; free virtual = 14843
Reading placer database...
Read Device Cache: Time (s): cpu = 00:00:00 ; elapsed = 00:00:00.01 . Memory (MB): peak = 3501.473 ; gain = 0.000 ; free physical = 408 ; free virtual = 14843
Read PlaceDB: Time (s): cpu = 00:00:00.67 ; elapsed = 00:00:00.67 . Memory (MB): peak = 3514.434 ; gain = 12.961 ; free physical = 389 ; free virtual = 14825
Read PulsedLatchDB: Time (s): cpu = 00:00:00 ; elapsed = 00:00:00 . Memory (MB): peak = 3514.434 ; gain = 0.000 ; free physical = 389 ; free virtual = 14825
Reading routing.
Read RouteStorage: Time (s): cpu = 00:00:00.29 ; elapsed = 00:00:00.29 . Memory (MB): peak = 3525.270 ; gain = 10.836 ; free physical = 378 ; free virtual = 14814
Read Physdb Files: Time (s): cpu = 00:00:00.98 ; elapsed = 00:00:00.99 . Memory (MB): peak = 3525.270 ; gain = 23.797 ; free physical = 378 ; free virtual = 14814
Restored from archive | CPU: 0.990000 secs | Memory: 29.849625 MB |
Finished XDEF File Restore: Time (s): cpu = 00:00:00.98 ; elapsed = 00:00:00.99 . Memory (MB): peak = 3525.270 ; gain = 23.797 ; free physical = 378 ; free virtual = 14814
Netlist sorting complete. Time (s): cpu = 00:00:00 ; elapsed = 00:00:00.01 . Memory (MB): peak = 3525.270 ; gain = 0.000 ; free physical = 382 ; free virtual = 14818
INFO: [Project 1-604] Checkpoint was created with Vivado v2024.1 (64-bit) build 5076996
INFO: [Vivado 12-3501] pr_verify /home/jsp/Storage/CFU-Playground/soc/build/digilent_arty.example_cfu/gateware/digilent_arty.runs/impl_1/top_arty_cfu_routed.dcp /home/jsp/Storage/CFU-Playground/soc/build/digilent_arty.example_cfu/gateware/digilent_arty.runs/child_0_impl_1/top_arty_cfu_routed.dcp
Netlist sorting complete. Time (s): cpu = 00:00:00.16 ; elapsed = 00:00:00.15 . Memory (MB): peak = 3583.488 ; gain = 0.000 ; free physical = 326 ; free virtual = 14761
INFO: [Netlist 29-17] Analyzing 1346 Unisim elements for replacement
INFO: [Netlist 29-28] Unisim Transformation completed in 0 CPU seconds
INFO: [Project 1-479] Netlist was created with Vivado 2024.1
INFO: [Project 1-570] Preparing netlist for logic optimization
WARNING: [Constraints 18-550] Could not create 'IBUF_LOW_PWR' constraint because net 'control_system/design_1_i/clk_wiz/clk_in1' is not directly connected to top level port. 'IBUF_LOW_PWR' is ignored for synthesis but preserved for implementation.
Read ShapeDB Complete: Time (s): cpu = 00:00:00.01 ; elapsed = 00:00:00.01 . Memory (MB): peak = 3669.176 ; gain = 0.000 ; free physical = 231 ; free virtual = 14667
CRITICAL WARNING: [Chipscope 16-3] Cannot debug net 'control_system/design_1_i/axi_quad_spi_0_SPI_0_SCK_O'; it is connected between In/Out buffer and In/Out flip flop having property IOB true.
CRITICAL WARNING: [Chipscope 16-3] Cannot debug net 'control_system/design_1_i/system_ila_0/inst/SLOT_1_SPI_sck_o_1'; it is connected between In/Out buffer and In/Out flip flop having property IOB true.
INFO: [Timing 38-478] Restoring timing data from binary archive.
INFO: [Timing 38-479] Binary timing data restore complete.
INFO: [Project 1-856] Restoring constraints from binary archive.
INFO: [Project 1-853] Binary constraint restore complete.
INFO: [Designutils 20-5722] Start Reading Physical Databases.
Reading placement.
Read Netlist Cache: Time (s): cpu = 00:00:00.01 ; elapsed = 00:00:00.02 . Memory (MB): peak = 3811.441 ; gain = 3.008 ; free physical = 196 ; free virtual = 14561
Reading placer database...
Read Device Cache: Time (s): cpu = 00:00:00.01 ; elapsed = 00:00:00 . Memory (MB): peak = 3811.441 ; gain = 0.000 ; free physical = 195 ; free virtual = 14560
Read PlaceDB: Time (s): cpu = 00:00:00.66 ; elapsed = 00:00:00.67 . Memory (MB): peak = 3834.785 ; gain = 20.961 ; free physical = 238 ; free virtual = 14534
Read PulsedLatchDB: Time (s): cpu = 00:00:00 ; elapsed = 00:00:00 . Memory (MB): peak = 3834.785 ; gain = 0.000 ; free physical = 238 ; free virtual = 14534
Reading routing.
Read RouteStorage: Time (s): cpu = 00:00:00.27 ; elapsed = 00:00:00.28 . Memory (MB): peak = 3845.613 ; gain = 10.828 ; free physical = 231 ; free virtual = 14527
Read Physdb Files: Time (s): cpu = 00:00:00.96 ; elapsed = 00:00:00.98 . Memory (MB): peak = 3845.613 ; gain = 37.180 ; free physical = 231 ; free virtual = 14527
Restored from archive | CPU: 0.970000 secs | Memory: 29.858833 MB |
Finished XDEF File Restore: Time (s): cpu = 00:00:00.96 ; elapsed = 00:00:00.98 . Memory (MB): peak = 3845.613 ; gain = 37.180 ; free physical = 231 ; free virtual = 14527
Netlist sorting complete. Time (s): cpu = 00:00:00 ; elapsed = 00:00:00.01 . Memory (MB): peak = 3845.613 ; gain = 0.000 ; free physical = 231 ; free virtual = 14527
INFO: [Project 1-604] Checkpoint was created with Vivado v2024.1 (64-bit) build 5076996
INFO: [Constraints 18-1020] PR Verify Summary:
DCP1: /home/jsp/Storage/CFU-Playground/soc/build/digilent_arty.example_cfu/gateware/digilent_arty.runs/impl_1/top_arty_cfu_routed.dcp
  Number of reconfigurable modules compared = 1
  Number of partition pins compared         = 115
  Number of static tiles compared           = 1938
  Number of static sites compared           = 4653
  Number of static cells compared           = 30077
  Number of static routed nodes compared    = 355502
  Number of static routed pips compared     = 329270

DCP2: /home/jsp/Storage/CFU-Playground/soc/build/digilent_arty.example_cfu/gateware/digilent_arty.runs/child_0_impl_1/top_arty_cfu_routed.dcp
  Number of reconfigurable modules compared = 1
  Number of partition pins compared         = 115
  Number of static tiles compared           = 1938
  Number of static sites compared           = 4653
  Number of static cells compared           = 30077
  Number of static routed nodes compared    = 355502
  Number of static routed pips compared     = 329270
INFO: [Vivado 12-3253] PR_VERIFY: check points /home/jsp/Storage/CFU-Playground/soc/build/digilent_arty.example_cfu/gateware/digilent_arty.runs/impl_1/top_arty_cfu_routed.dcp and /home/jsp/Storage/CFU-Playground/soc/build/digilent_arty.example_cfu/gateware/digilent_arty.runs/child_0_impl_1/top_arty_cfu_routed.dcp are compatible
pr_verify: Time (s): cpu = 00:00:16 ; elapsed = 00:00:16 . Memory (MB): peak = 3954.613 ; gain = 566.738 ; free physical = 196 ; free virtual = 14424
INFO: [Memdata 28-167] Found XPM memory block control_system/design_1_i/dfx_controller_0/U0/i_cp0/i_bs_fifo/xpm_fifo_base_inst/gen_sdpram.xpm_memory_base_inst with a P_MEMORY_PRIMITIVE property set to distributed. A value of block is required. You will not be able to use the updatemem program to update the bitstream with new data for the control_system/design_1_i/dfx_controller_0/U0/i_cp0/i_bs_fifo/xpm_fifo_base_inst/gen_sdpram.xpm_memory_base_inst block.
INFO: [Memdata 28-167] Found XPM memory block control_system/design_1_i/dfx_controller_0/U0/i_cp0/blk_id_fifo.xpm_fifo_sync_inst/xpm_fifo_base_inst/gen_sdpram.xpm_memory_base_inst with a P_MEMORY_PRIMITIVE property set to distributed. A value of block is required. You will not be able to use the updatemem program to update the bitstream with new data for the control_system/design_1_i/dfx_controller_0/U0/i_cp0/blk_id_fifo.xpm_fifo_sync_inst/xpm_fifo_base_inst/gen_sdpram.xpm_memory_base_inst block.
INFO: [Memdata 28-167] Found XPM memory block control_system/design_1_i/axi_quad_spi_0/U0/NO_DUAL_QUAD_MODE.QSPI_NORMAL/QSPI_LEGACY_MD_GEN.QSPI_CORE_INTERFACE_I/FIFO_EXISTS.TX_FIFO_II/xpm_fifo_instance.xpm_fifo_async_inst/gnuram_async_fifo.xpm_fifo_base_inst/gen_sdpram.xpm_memory_base_inst with a P_MEMORY_PRIMITIVE property set to auto. A value of block is required. You will not be able to use the updatemem program to update the bitstream with new data for the control_system/design_1_i/axi_quad_spi_0/U0/NO_DUAL_QUAD_MODE.QSPI_NORMAL/QSPI_LEGACY_MD_GEN.QSPI_CORE_INTERFACE_I/FIFO_EXISTS.TX_FIFO_II/xpm_fifo_instance.xpm_fifo_async_inst/gnuram_async_fifo.xpm_fifo_base_inst/gen_sdpram.xpm_memory_base_inst block.
INFO: [Memdata 28-167] Found XPM memory block control_system/design_1_i/axi_quad_spi_0/U0/NO_DUAL_QUAD_MODE.QSPI_NORMAL/QSPI_LEGACY_MD_GEN.QSPI_CORE_INTERFACE_I/FIFO_EXISTS.RX_FIFO_II/gnuram_async_fifo.xpm_fifo_base_inst/gen_sdpram.xpm_memory_base_inst with a P_MEMORY_PRIMITIVE property set to auto. A value of block is required. You will not be able to use the updatemem program to update the bitstream with new data for the control_system/design_1_i/axi_quad_spi_0/U0/NO_DUAL_QUAD_MODE.QSPI_NORMAL/QSPI_LEGACY_MD_GEN.QSPI_CORE_INTERFACE_I/FIFO_EXISTS.RX_FIFO_II/gnuram_async_fifo.xpm_fifo_base_inst/gen_sdpram.xpm_memory_base_inst block.
Partition pblock_compute Reconfigurable Module arty_system/Cfu/compute.
Command: write_bitstream -force -no_partial_bitfile top_arty_cfu.bit
Attempting to get a license for feature 'Implementation' and/or device 'xc7a35ti'
INFO: [Common 17-349] Got license for feature 'Implementation' and/or device 'xc7a35ti'
Running DRC as a precondition to command write_bitstream
INFO: [IP_Flow 19-1839] IP Catalog is up to date.
INFO: [DRC 23-27] Running DRC with 8 threads
WARNING: [DRC BUFC-1] Input Buffer Connections: Input buffer arty_system/IOBUFDS/IBUFDS has no loads. It is recommended to have an input buffer drive an internal load.
WARNING: [DRC BUFC-1] Input Buffer Connections: Input buffer arty_system/IOBUFDS_1/IBUFDS has no loads. It is recommended to have an input buffer drive an internal load.
WARNING: [DRC CFGBVS-1] Missing CFGBVS and CONFIG_VOLTAGE Design Properties: Neither the CFGBVS nor CONFIG_VOLTAGE voltage property is set in the current_design.  Configuration bank voltage select (CFGBVS) must be set to VCCO or GND, and CONFIG_VOLTAGE must be set to the correct configuration voltage, in order to determine the I/O voltage support for the pins in bank 0.  It is suggested to specify these either using the 'Edit Device Properties' function in the GUI or directly in the XDC file using the following syntax:

 set_property CFGBVS value1 [current_design]
 #where value1 is either VCCO or GND

 set_property CONFIG_VOLTAGE value2 [current_design]
 #where value2 is the voltage provided to configuration bank 0

Refer to the device configuration user guide for more information.
WARNING: [DRC DPIP-1] Input pipelining: DSP arty_system/VexRiscv/execute_to_memory_MUL_HL_reg input arty_system/VexRiscv/execute_to_memory_MUL_HL_reg/A[29:0] is not pipelined. Pipelining DSP48 input will improve performance.
WARNING: [DRC DPIP-1] Input pipelining: DSP arty_system/VexRiscv/execute_to_memory_MUL_HL_reg input arty_system/VexRiscv/execute_to_memory_MUL_HL_reg/B[17:0] is not pipelined. Pipelining DSP48 input will improve performance.
WARNING: [DRC DPIP-1] Input pipelining: DSP arty_system/VexRiscv/execute_to_memory_MUL_LH_reg input arty_system/VexRiscv/execute_to_memory_MUL_LH_reg/A[29:0] is not pipelined. Pipelining DSP48 input will improve performance.
WARNING: [DRC DPIP-1] Input pipelining: DSP arty_system/VexRiscv/execute_to_memory_MUL_LH_reg input arty_system/VexRiscv/execute_to_memory_MUL_LH_reg/B[17:0] is not pipelined. Pipelining DSP48 input will improve performance.
WARNING: [DRC DPIP-1] Input pipelining: DSP arty_system/VexRiscv/execute_to_memory_MUL_LL_reg input arty_system/VexRiscv/execute_to_memory_MUL_LL_reg/A[29:0] is not pipelined. Pipelining DSP48 input will improve performance.
WARNING: [DRC DPIP-1] Input pipelining: DSP arty_system/VexRiscv/execute_to_memory_MUL_LL_reg input arty_system/VexRiscv/execute_to_memory_MUL_LL_reg/B[17:0] is not pipelined. Pipelining DSP48 input will improve performance.
WARNING: [DRC DPIP-1] Input pipelining: DSP arty_system/VexRiscv/memory_to_writeBack_MUL_HH_reg input arty_system/VexRiscv/memory_to_writeBack_MUL_HH_reg/A[29:0] is not pipelined. Pipelining DSP48 input will improve performance.
WARNING: [DRC DPIP-1] Input pipelining: DSP arty_system/VexRiscv/memory_to_writeBack_MUL_HH_reg input arty_system/VexRiscv/memory_to_writeBack_MUL_HH_reg/B[17:0] is not pipelined. Pipelining DSP48 input will improve performance.
WARNING: [DRC DPOP-2] MREG Output pipelining: DSP arty_system/VexRiscv/execute_to_memory_MUL_HL_reg multiplier stage arty_system/VexRiscv/execute_to_memory_MUL_HL_reg/P[47:0] is not pipelined (MREG=0). Pipelining the multiplier function will improve performance and will save significant power so it is suggested whenever possible to fully pipeline this function.  If this multiplier was inferred, it is suggested to describe an additional register stage after this function.  If there is no registered adder/accumulator following the multiply function, two pipeline stages are suggested to allow both the MREG and PREG registers to be used.  If the DSP48 was instantiated in the design, it is suggested to set both the MREG and PREG attributes to 1 when performing multiply functions.
WARNING: [DRC DPOP-2] MREG Output pipelining: DSP arty_system/VexRiscv/execute_to_memory_MUL_LH_reg multiplier stage arty_system/VexRiscv/execute_to_memory_MUL_LH_reg/P[47:0] is not pipelined (MREG=0). Pipelining the multiplier function will improve performance and will save significant power so it is suggested whenever possible to fully pipeline this function.  If this multiplier was inferred, it is suggested to describe an additional register stage after this function.  If there is no registered adder/accumulator following the multiply function, two pipeline stages are suggested to allow both the MREG and PREG registers to be used.  If the DSP48 was instantiated in the design, it is suggested to set both the MREG and PREG attributes to 1 when performing multiply functions.
WARNING: [DRC DPOP-2] MREG Output pipelining: DSP arty_system/VexRiscv/execute_to_memory_MUL_LL_reg multiplier stage arty_system/VexRiscv/execute_to_memory_MUL_LL_reg/P[47:0] is not pipelined (MREG=0). Pipelining the multiplier function will improve performance and will save significant power so it is suggested whenever possible to fully pipeline this function.  If this multiplier was inferred, it is suggested to describe an additional register stage after this function.  If there is no registered adder/accumulator following the multiply function, two pipeline stages are suggested to allow both the MREG and PREG registers to be used.  If the DSP48 was instantiated in the design, it is suggested to set both the MREG and PREG attributes to 1 when performing multiply functions.
WARNING: [DRC PDCN-1569] LUT equation term check: Used physical LUT pin 'A1' of cell dbg_hub/inst/BSCANID.u_xsdbm_id/SWITCH_N_EXT_BSCAN.bscan_switch/temp_curid[31]_i_1 (pin dbg_hub/inst/BSCANID.u_xsdbm_id/SWITCH_N_EXT_BSCAN.bscan_switch/temp_curid[31]_i_1/I1) is not included in the LUT equation: 'O5=(A2*A5)+(A2*(~A5)*(~A3))+((~A2))'. If this cell is a user instantiated LUT in the design, please remove connectivity to the pin or change the equation and/or INIT string of the LUT to prevent this issue. If the cell is inferred or IP created LUT, please regenerate the IP and/or resynthesize the design to attempt to correct the issue.
WARNING: [DRC PDCN-1569] LUT equation term check: Used physical LUT pin 'A1' of cell dbg_hub/inst/BSCANID.u_xsdbm_id/SWITCH_N_EXT_BSCAN.id_state[0]_i_1 (pin dbg_hub/inst/BSCANID.u_xsdbm_id/SWITCH_N_EXT_BSCAN.id_state[0]_i_1/I0) is not included in the LUT equation: 'O6=(A6+~A6)*((A5))'. If this cell is a user instantiated LUT in the design, please remove connectivity to the pin or change the equation and/or INIT string of the LUT to prevent this issue. If the cell is inferred or IP created LUT, please regenerate the IP and/or resynthesize the design to attempt to correct the issue.
WARNING: [DRC PDCN-1569] LUT equation term check: Used physical LUT pin 'A4' of cell dbg_hub/inst/BSCANID.u_xsdbm_id/SWITCH_N_EXT_BSCAN.bscan_switch/temp_curid[31]_i_1 (pin dbg_hub/inst/BSCANID.u_xsdbm_id/SWITCH_N_EXT_BSCAN.bscan_switch/temp_curid[31]_i_1/I0) is not included in the LUT equation: 'O5=(A2*A5)+(A2*(~A5)*(~A3))+((~A2))'. If this cell is a user instantiated LUT in the design, please remove connectivity to the pin or change the equation and/or INIT string of the LUT to prevent this issue. If the cell is inferred or IP created LUT, please regenerate the IP and/or resynthesize the design to attempt to correct the issue.
WARNING: [DRC RTSTAT-10] No routable loads: 44 net(s) have no routable loads. The problem bus(es) and/or net(s) are dbg_hub/inst/BSCANID.u_xsdbm_id/SWITCH_N_EXT_BSCAN.bscan_inst/TMS, dbg_hub/inst/BSCANID.u_xsdbm_id/CORE_XSDB.UUT_MASTER/U_ICON_INTERFACE/U_CMD6_RD/U_RD_FIFO/SUBCORE_FIFO.xsdbm_v3_0_2_rdfifo_inst/inst_fifo_gen/gconvfifo.rf/grf.rf/gntv_or_sync_fifo.gl0.rd/gr1.gr1_int.rfwft/aempty_fwft_i, control_system/design_1_i/dfx_controller_0/U0/i_vsm_vs_compute/b_bs_info.axi_write_complete, dbg_hub/inst/BSCANID.u_xsdbm_id/CORE_XSDB.UUT_MASTER/U_ICON_INTERFACE/U_CMD7_CTL/ctl_reg[2:0], dbg_hub/inst/BSCANID.u_xsdbm_id/CORE_XSDB.UUT_MASTER/U_ICON_INTERFACE/U_CMD1/ctl_reg_en_2[1], dbg_hub/inst/BSCANID.u_xsdbm_id/CORE_XSDB.UUT_MASTER/U_ICON_INTERFACE/U_CMD7_CTL/ctl_reg_en_2[1], dbg_hub/inst/BSCANID.u_xsdbm_id/SWITCH_N_EXT_BSCAN.bscan_switch/m_bscan_capture[0], dbg_hub/inst/BSCANID.u_xsdbm_id/SWITCH_N_EXT_BSCAN.bscan_switch/m_bscan_drck[0], dbg_hub/inst/BSCANID.u_xsdbm_id/SWITCH_N_EXT_BSCAN.bscan_switch/m_bscan_runtest[0], dbg_hub/inst/BSCANID.u_xsdbm_id/CORE_XSDB.UUT_MASTER/U_ICON_INTERFACE/U_CMD6_WR/U_WR_FIFO/SUBCORE_FIFO.xsdbm_v3_0_2_wrfifo_inst/inst_fifo_gen/gconvfifo.rf/grf.rf/rstblk/ngwrdrst.grst.rd_rst_reg[0], dbg_hub/inst/BSCANID.u_xsdbm_id/CORE_XSDB.UUT_MASTER/U_ICON_INTERFACE/U_CMD6_WR/U_WR_FIFO/SUBCORE_FIFO.xsdbm_v3_0_2_wrfifo_inst/inst_fifo_gen/gconvfifo.rf/grf.rf/rstblk/ngwrdrst.grst.wr_rst_reg[2], dbg_hub/inst/BSCANID.u_xsdbm_id/CORE_XSDB.UUT_MASTER/U_ICON_INTERFACE/U_CMD6_RD/U_RD_FIFO/SUBCORE_FIFO.xsdbm_v3_0_2_rdfifo_inst/inst_fifo_gen/gconvfifo.rf/grf.rf/rstblk/ngwrdrst.grst.wr_rst_reg[2], dbg_hub/inst/BSCANID.u_xsdbm_id/CORE_XSDB.UUT_MASTER/U_ICON_INTERFACE/U_CMD6_RD/U_RD_FIFO/SUBCORE_FIFO.xsdbm_v3_0_2_rdfifo_inst/inst_fifo_gen/gconvfifo.rf/grf.rf/gntv_or_sync_fifo.gl0.wr/gwhf.whf/overflow, dbg_hub/inst/BSCANID.u_xsdbm_id/CORE_XSDB.UUT_MASTER/U_ICON_INTERFACE/U_CMD6_WR/U_WR_FIFO/SUBCORE_FIFO.xsdbm_v3_0_2_wrfifo_inst/inst_fifo_gen/gconvfifo.rf/grf.rf/gntv_or_sync_fifo.gl0.wr/gwhf.whf/overflow, dbg_hub/inst/BSCANID.u_xsdbm_id/CORE_XSDB.UUT_MASTER/U_ICON_INTERFACE/U_CMD6_RD/U_RD_FIFO/SUBCORE_FIFO.xsdbm_v3_0_2_rdfifo_inst/inst_fifo_gen/gconvfifo.rf/grf.rf/gntv_or_sync_fifo.gl0.rd/gras.rsts/ram_empty_i... and (the first 15 of 42 listed).
INFO: [Vivado 12-3199] DRC finished with 0 Errors, 18 Warnings
INFO: [Vivado 12-3200] Please refer to the DRC report (report_drc) for more information.
Partition "pblock_compute" Reconfigurable Module "arty_system/Cfu/compute"
INFO: [Vivado 12-4752] Design contains reconfigurable partitions, but no partial bit files will be generated since -no_partial_bitfile option was specified.
INFO: [Designutils 20-2272] Running write_bitstream with 8 threads.
Loading data files...
Loading site data...
Loading route data...
Processing options...
WARNING: [Designutils 12-1515] STARTUP component has an active signal connected to CLK pin. Setting StartupClk to UserClk.
Creating bitmap...
Creating bitstream...
Writing bitstream ./top_arty_cfu.bit...
INFO: [Vivado 12-1842] Bitgen Completed Successfully.
INFO: [Project 1-1876] WebTalk data collection is mandatory when using a ULT device. To see the specific WebTalk data collected for your design, open the usage_statistics_webtalk.html or usage_statistics_webtalk.xml file in the implementation directory.
INFO: [Common 17-83] Releasing license: Implementation
167 Infos, 49 Warnings, 7 Critical Warnings and 0 Errors encountered.
write_bitstream completed successfully
write_bitstream: Time (s): cpu = 00:00:28 ; elapsed = 00:00:21 . Memory (MB): peak = 3986.629 ; gain = 32.016 ; free physical = 193 ; free virtual = 14424
Command: write_bitstream -force -cell arty_system/Cfu/compute arty_system_Cfu_compute_example_partial.bit
Attempting to get a license for feature 'Implementation' and/or device 'xc7a35ti'
INFO: [Common 17-349] Got license for feature 'Implementation' and/or device 'xc7a35ti'
Running DRC as a precondition to command write_bitstream
INFO: [IP_Flow 19-1839] IP Catalog is up to date.
INFO: [DRC 23-27] Running DRC with 8 threads
WARNING: [DRC BUFC-1] Input Buffer Connections: Input buffer arty_system/IOBUFDS/IBUFDS has no loads. It is recommended to have an input buffer drive an internal load.
WARNING: [DRC BUFC-1] Input Buffer Connections: Input buffer arty_system/IOBUFDS_1/IBUFDS has no loads. It is recommended to have an input buffer drive an internal load.
WARNING: [DRC CFGBVS-1] Missing CFGBVS and CONFIG_VOLTAGE Design Properties: Neither the CFGBVS nor CONFIG_VOLTAGE voltage property is set in the current_design.  Configuration bank voltage select (CFGBVS) must be set to VCCO or GND, and CONFIG_VOLTAGE must be set to the correct configuration voltage, in order to determine the I/O voltage support for the pins in bank 0.  It is suggested to specify these either using the 'Edit Device Properties' function in the GUI or directly in the XDC file using the following syntax:

 set_property CFGBVS value1 [current_design]
 #where value1 is either VCCO or GND

 set_property CONFIG_VOLTAGE value2 [current_design]
 #where value2 is the voltage provided to configuration bank 0

Refer to the device configuration user guide for more information.
WARNING: [DRC DPIP-1] Input pipelining: DSP arty_system/VexRiscv/execute_to_memory_MUL_HL_reg input arty_system/VexRiscv/execute_to_memory_MUL_HL_reg/A[29:0] is not pipelined. Pipelining DSP48 input will improve performance.
WARNING: [DRC DPIP-1] Input pipelining: DSP arty_system/VexRiscv/execute_to_memory_MUL_HL_reg input arty_system/VexRiscv/execute_to_memory_MUL_HL_reg/B[17:0] is not pipelined. Pipelining DSP48 input will improve performance.
WARNING: [DRC DPIP-1] Input pipelining: DSP arty_system/VexRiscv/execute_to_memory_MUL_LH_reg input arty_system/VexRiscv/execute_to_memory_MUL_LH_reg/A[29:0] is not pipelined. Pipelining DSP48 input will improve performance.
WARNING: [DRC DPIP-1] Input pipelining: DSP arty_system/VexRiscv/execute_to_memory_MUL_LH_reg input arty_system/VexRiscv/execute_to_memory_MUL_LH_reg/B[17:0] is not pipelined. Pipelining DSP48 input will improve performance.
WARNING: [DRC DPIP-1] Input pipelining: DSP arty_system/VexRiscv/execute_to_memory_MUL_LL_reg input arty_system/VexRiscv/execute_to_memory_MUL_LL_reg/A[29:0] is not pipelined. Pipelining DSP48 input will improve performance.
WARNING: [DRC DPIP-1] Input pipelining: DSP arty_system/VexRiscv/execute_to_memory_MUL_LL_reg input arty_system/VexRiscv/execute_to_memory_MUL_LL_reg/B[17:0] is not pipelined. Pipelining DSP48 input will improve performance.
WARNING: [DRC DPIP-1] Input pipelining: DSP arty_system/VexRiscv/memory_to_writeBack_MUL_HH_reg input arty_system/VexRiscv/memory_to_writeBack_MUL_HH_reg/A[29:0] is not pipelined. Pipelining DSP48 input will improve performance.
WARNING: [DRC DPIP-1] Input pipelining: DSP arty_system/VexRiscv/memory_to_writeBack_MUL_HH_reg input arty_system/VexRiscv/memory_to_writeBack_MUL_HH_reg/B[17:0] is not pipelined. Pipelining DSP48 input will improve performance.
WARNING: [DRC DPOP-2] MREG Output pipelining: DSP arty_system/VexRiscv/execute_to_memory_MUL_HL_reg multiplier stage arty_system/VexRiscv/execute_to_memory_MUL_HL_reg/P[47:0] is not pipelined (MREG=0). Pipelining the multiplier function will improve performance and will save significant power so it is suggested whenever possible to fully pipeline this function.  If this multiplier was inferred, it is suggested to describe an additional register stage after this function.  If there is no registered adder/accumulator following the multiply function, two pipeline stages are suggested to allow both the MREG and PREG registers to be used.  If the DSP48 was instantiated in the design, it is suggested to set both the MREG and PREG attributes to 1 when performing multiply functions.
WARNING: [DRC DPOP-2] MREG Output pipelining: DSP arty_system/VexRiscv/execute_to_memory_MUL_LH_reg multiplier stage arty_system/VexRiscv/execute_to_memory_MUL_LH_reg/P[47:0] is not pipelined (MREG=0). Pipelining the multiplier function will improve performance and will save significant power so it is suggested whenever possible to fully pipeline this function.  If this multiplier was inferred, it is suggested to describe an additional register stage after this function.  If there is no registered adder/accumulator following the multiply function, two pipeline stages are suggested to allow both the MREG and PREG registers to be used.  If the DSP48 was instantiated in the design, it is suggested to set both the MREG and PREG attributes to 1 when performing multiply functions.
WARNING: [DRC DPOP-2] MREG Output pipelining: DSP arty_system/VexRiscv/execute_to_memory_MUL_LL_reg multiplier stage arty_system/VexRiscv/execute_to_memory_MUL_LL_reg/P[47:0] is not pipelined (MREG=0). Pipelining the multiplier function will improve performance and will save significant power so it is suggested whenever possible to fully pipeline this function.  If this multiplier was inferred, it is suggested to describe an additional register stage after this function.  If there is no registered adder/accumulator following the multiply function, two pipeline stages are suggested to allow both the MREG and PREG registers to be used.  If the DSP48 was instantiated in the design, it is suggested to set both the MREG and PREG attributes to 1 when performing multiply functions.
WARNING: [DRC PDCN-1569] LUT equation term check: Used physical LUT pin 'A1' of cell dbg_hub/inst/BSCANID.u_xsdbm_id/SWITCH_N_EXT_BSCAN.bscan_switch/temp_curid[31]_i_1 (pin dbg_hub/inst/BSCANID.u_xsdbm_id/SWITCH_N_EXT_BSCAN.bscan_switch/temp_curid[31]_i_1/I1) is not included in the LUT equation: 'O5=(A2*A5)+(A2*(~A5)*(~A3))+((~A2))'. If this cell is a user instantiated LUT in the design, please remove connectivity to the pin or change the equation and/or INIT string of the LUT to prevent this issue. If the cell is inferred or IP created LUT, please regenerate the IP and/or resynthesize the design to attempt to correct the issue.
WARNING: [DRC PDCN-1569] LUT equation term check: Used physical LUT pin 'A1' of cell dbg_hub/inst/BSCANID.u_xsdbm_id/SWITCH_N_EXT_BSCAN.id_state[0]_i_1 (pin dbg_hub/inst/BSCANID.u_xsdbm_id/SWITCH_N_EXT_BSCAN.id_state[0]_i_1/I0) is not included in the LUT equation: 'O6=(A6+~A6)*((A5))'. If this cell is a user instantiated LUT in the design, please remove connectivity to the pin or change the equation and/or INIT string of the LUT to prevent this issue. If the cell is inferred or IP created LUT, please regenerate the IP and/or resynthesize the design to attempt to correct the issue.
WARNING: [DRC PDCN-1569] LUT equation term check: Used physical LUT pin 'A4' of cell dbg_hub/inst/BSCANID.u_xsdbm_id/SWITCH_N_EXT_BSCAN.bscan_switch/temp_curid[31]_i_1 (pin dbg_hub/inst/BSCANID.u_xsdbm_id/SWITCH_N_EXT_BSCAN.bscan_switch/temp_curid[31]_i_1/I0) is not included in the LUT equation: 'O5=(A2*A5)+(A2*(~A5)*(~A3))+((~A2))'. If this cell is a user instantiated LUT in the design, please remove connectivity to the pin or change the equation and/or INIT string of the LUT to prevent this issue. If the cell is inferred or IP created LUT, please regenerate the IP and/or resynthesize the design to attempt to correct the issue.
WARNING: [DRC RTSTAT-10] No routable loads: 44 net(s) have no routable loads. The problem bus(es) and/or net(s) are dbg_hub/inst/BSCANID.u_xsdbm_id/SWITCH_N_EXT_BSCAN.bscan_inst/TMS, dbg_hub/inst/BSCANID.u_xsdbm_id/CORE_XSDB.UUT_MASTER/U_ICON_INTERFACE/U_CMD6_RD/U_RD_FIFO/SUBCORE_FIFO.xsdbm_v3_0_2_rdfifo_inst/inst_fifo_gen/gconvfifo.rf/grf.rf/gntv_or_sync_fifo.gl0.rd/gr1.gr1_int.rfwft/aempty_fwft_i, control_system/design_1_i/dfx_controller_0/U0/i_vsm_vs_compute/b_bs_info.axi_write_complete, dbg_hub/inst/BSCANID.u_xsdbm_id/CORE_XSDB.UUT_MASTER/U_ICON_INTERFACE/U_CMD7_CTL/ctl_reg[2:0], dbg_hub/inst/BSCANID.u_xsdbm_id/CORE_XSDB.UUT_MASTER/U_ICON_INTERFACE/U_CMD1/ctl_reg_en_2[1], dbg_hub/inst/BSCANID.u_xsdbm_id/CORE_XSDB.UUT_MASTER/U_ICON_INTERFACE/U_CMD7_CTL/ctl_reg_en_2[1], dbg_hub/inst/BSCANID.u_xsdbm_id/SWITCH_N_EXT_BSCAN.bscan_switch/m_bscan_capture[0], dbg_hub/inst/BSCANID.u_xsdbm_id/SWITCH_N_EXT_BSCAN.bscan_switch/m_bscan_drck[0], dbg_hub/inst/BSCANID.u_xsdbm_id/SWITCH_N_EXT_BSCAN.bscan_switch/m_bscan_runtest[0], dbg_hub/inst/BSCANID.u_xsdbm_id/CORE_XSDB.UUT_MASTER/U_ICON_INTERFACE/U_CMD6_WR/U_WR_FIFO/SUBCORE_FIFO.xsdbm_v3_0_2_wrfifo_inst/inst_fifo_gen/gconvfifo.rf/grf.rf/rstblk/ngwrdrst.grst.rd_rst_reg[0], dbg_hub/inst/BSCANID.u_xsdbm_id/CORE_XSDB.UUT_MASTER/U_ICON_INTERFACE/U_CMD6_WR/U_WR_FIFO/SUBCORE_FIFO.xsdbm_v3_0_2_wrfifo_inst/inst_fifo_gen/gconvfifo.rf/grf.rf/rstblk/ngwrdrst.grst.wr_rst_reg[2], dbg_hub/inst/BSCANID.u_xsdbm_id/CORE_XSDB.UUT_MASTER/U_ICON_INTERFACE/U_CMD6_RD/U_RD_FIFO/SUBCORE_FIFO.xsdbm_v3_0_2_rdfifo_inst/inst_fifo_gen/gconvfifo.rf/grf.rf/rstblk/ngwrdrst.grst.wr_rst_reg[2], dbg_hub/inst/BSCANID.u_xsdbm_id/CORE_XSDB.UUT_MASTER/U_ICON_INTERFACE/U_CMD6_RD/U_RD_FIFO/SUBCORE_FIFO.xsdbm_v3_0_2_rdfifo_inst/inst_fifo_gen/gconvfifo.rf/grf.rf/gntv_or_sync_fifo.gl0.wr/gwhf.whf/overflow, dbg_hub/inst/BSCANID.u_xsdbm_id/CORE_XSDB.UUT_MASTER/U_ICON_INTERFACE/U_CMD6_WR/U_WR_FIFO/SUBCORE_FIFO.xsdbm_v3_0_2_wrfifo_inst/inst_fifo_gen/gconvfifo.rf/grf.rf/gntv_or_sync_fifo.gl0.wr/gwhf.whf/overflow, dbg_hub/inst/BSCANID.u_xsdbm_id/CORE_XSDB.UUT_MASTER/U_ICON_INTERFACE/U_CMD6_RD/U_RD_FIFO/SUBCORE_FIFO.xsdbm_v3_0_2_rdfifo_inst/inst_fifo_gen/gconvfifo.rf/grf.rf/gntv_or_sync_fifo.gl0.rd/gras.rsts/ram_empty_i... and (the first 15 of 42 listed).
INFO: [Vivado 12-3199] DRC finished with 0 Errors, 18 Warnings
INFO: [Vivado 12-3200] Please refer to the DRC report (report_drc) for more information.
Partition "pblock_compute" Reconfigurable Module "arty_system/Cfu/compute"
INFO: [Vivado 12-4077] No full design bitstream will be created with the use of the -cell option.
Process Partition "pblock_compute"
INFO: [Designutils 20-2272] Running write_bitstream with 8 threads.
Loading data files...
Loading site data...
Loading route data...
Processing options...
WARNING: [Designutils 12-1515] STARTUP component has an active signal connected to CLK pin. Setting StartupClk to UserClk.
Partition "pblock_compute" has RESET_AFTER_RECONFIG = TRUE.
Creating bitmap...
Creating bitstream...
Partial bitstream contains 5672544 bits.
Writing bitstream ./arty_system_Cfu_compute_example_partial.bit...
INFO: [Vivado 12-1842] Bitgen Completed Successfully.
INFO: [Project 1-1876] WebTalk data collection is mandatory when using a ULT device. To see the specific WebTalk data collected for your design, open the usage_statistics_webtalk.html or usage_statistics_webtalk.xml file in the implementation directory.
INFO: [Common 17-83] Releasing license: Implementation
177 Infos, 68 Warnings, 7 Critical Warnings and 0 Errors encountered.
write_bitstream completed successfully
write_bitstream: Time (s): cpu = 00:00:19 ; elapsed = 00:00:12 . Memory (MB): peak = 3986.629 ; gain = 0.000 ; free physical = 197 ; free virtual = 14428
INFO: [Common 17-206] Exiting Vivado at Thu Dec  4 13:10:37 2025...
