Copyright 1986-2022 Xilinx, Inc. All Rights Reserved. Copyright 2022-2024 Advanced Micro Devices, Inc. All Rights Reserved.
--------------------------------------------------------------------------------------------------------------------------------------------------
| Tool Version      : Vivado v.2024.1 (lin64) Build 5076996 Wed May 22 18:36:09 MDT 2024
| Date              : Thu Dec  4 13:09:44 2025
| Host              : jsp-H370M-D3H running 64-bit Ubuntu 24.04.3 LTS
| Command           : report_clock_utilization -file top_arty_cfu_clock_utilization_routed.rpt
| Design            : top_arty_cfu
| Device            : 7a35ti-csg324
| Speed File        : -1L  PRODUCTION 1.23 2018-06-13
| Temperature Grade : I
| Design State      : Routed
--------------------------------------------------------------------------------------------------------------------------------------------------

Clock Utilization Report

Table of Contents
-----------------
1. Clock Primitive Utilization
2. Global Clock Resources
3. Global Clock Source Details
4. Clock Regions: Key Resource Utilization
5. Clock Regions : Global Clock Summary
6. Device Cell Placement Summary for Global Clock g0
7. Device Cell Placement Summary for Global Clock g1
8. Device Cell Placement Summary for Global Clock g2
9. Device Cell Placement Summary for Global Clock g3
10. Device Cell Placement Summary for Global Clock g4
11. Device Cell Placement Summary for Global Clock g5
12. Device Cell Placement Summary for Global Clock g6
13. Device Cell Placement Summary for Global Clock g7
14. Device Cell Placement Summary for Global Clock g8
15. Clock Region Cell Placement per Global Clock: Region X0Y0
16. Clock Region Cell Placement per Global Clock: Region X1Y0
17. Clock Region Cell Placement per Global Clock: Region X0Y1
18. Clock Region Cell Placement per Global Clock: Region X1Y1
19. Clock Region Cell Placement per Global Clock: Region X0Y2
20. Clock Region Cell Placement per Global Clock: Region X1Y2

1. Clock Primitive Utilization
------------------------------

+----------+------+-----------+-----+--------------+--------+
| Type     | Used | Available | LOC | Clock Region | Pblock |
+----------+------+-----------+-----+--------------+--------+
| BUFGCTRL |    9 |        32 |   9 |            0 |      0 |
| BUFH     |    0 |        72 |   0 |            0 |      0 |
| BUFIO    |    0 |        20 |   0 |            0 |      0 |
| BUFMR    |    0 |        10 |   0 |            0 |      0 |
| BUFR     |    0 |        20 |   0 |            0 |      0 |
| MMCM     |    1 |         5 |   1 |            0 |      0 |
| PLL      |    1 |         5 |   1 |            0 |      0 |
+----------+------+-----------+-----+--------------+--------+


2. Global Clock Resources
-------------------------

+-----------+-----------+-----------------+----------------+----------------+--------------+-------------------+-------------+-----------------+--------------+--------------------------------------------------------------------------------------------+----------------------------------------------------------------------+------------------------------------------------------------------------+---------------+
| Global Id | Source Id | Driver Type/Pin | Constraint     | Site           | Clock Region | Load Clock Region | Clock Loads | Non-Clock Loads | Clock Period | Clock                                                                                      | Driver Pin                                                           | Net                                                                    | PR Clock Type |
+-----------+-----------+-----------------+----------------+----------------+--------------+-------------------+-------------+-----------------+--------------+--------------------------------------------------------------------------------------------+----------------------------------------------------------------------+------------------------------------------------------------------------+---------------+
| g0        | src0      | BUFG/O          | BUFGCTRL_X0Y16 | BUFGCTRL_X0Y16 | n/a          |                 6 |        7487 |               0 |       10.000 | clk100                                                                                     | clk100_IBUF_BUFG_inst/O                                              | clk100_IBUF_BUFG                                                       |               |
| g1        | src1      | BUFG/O          | BUFGCTRL_X0Y0  | BUFGCTRL_X0Y0  | n/a          |                 5 |        4791 |               0 |       10.000 | soc_crg_clkout0                                                                            | arty_system/BUFG/O                                                   | arty_system/sys_clk                                                    |               |
| g2        | src2      | BUFG/O          | BUFGCTRL_X0Y1  | BUFGCTRL_X0Y1  | n/a          |                 5 |        3016 |               0 |       10.000 | clk_out1_design_1_clk_wiz_1_1                                                              | control_system/design_1_i/clk_wiz/inst/clkout1_buf/O                 | control_system/design_1_i/clk_wiz/inst/clk_out1                        |               |
| g3        | src3      | BUFG/O          | BUFGCTRL_X0Y6  | BUFGCTRL_X0Y6  | n/a          |                 3 |         473 |               0 |       33.000 | dbg_hub/inst/BSCANID.u_xsdbm_id/SWITCH_N_EXT_BSCAN.bscan_inst/SERIES7_BSCAN.bscan_inst/TCK | dbg_hub/inst/BSCANID.u_xsdbm_id/SWITCH_N_EXT_BSCAN.u_bufg_icon_tck/O | dbg_hub/inst/BSCANID.u_xsdbm_id/itck_i                                 |               |
| g4        | src4      | BUFG/O          | BUFGCTRL_X0Y2  | BUFGCTRL_X0Y2  | n/a          |                 1 |          59 |               0 |        2.500 | soc_crg_clkout2                                                                            | arty_system/BUFG_2/O                                                 | arty_system/sys4x_clk                                                  |               |
| g5        | src5      | BUFG/O          | BUFGCTRL_X0Y3  | BUFGCTRL_X0Y3  | n/a          |                 1 |           8 |               0 |        5.000 | soc_crg_clkout4                                                                            | arty_system/BUFG_4/O                                                 | arty_system/idelay_clk                                                 |               |
| g6        | src6      | BUFG/O          | BUFGCTRL_X0Y4  | BUFGCTRL_X0Y4  | n/a          |                 1 |           2 |               0 |        2.500 | soc_crg_clkout3                                                                            | arty_system/BUFG_3/O                                                 | arty_system/sys4x_dqs_clk                                              |               |
| g7        | src7      | BUFG/O          | BUFGCTRL_X0Y7  | BUFGCTRL_X0Y7  | n/a          |                 1 |           1 |               0 |       10.000 | clkfbout_design_1_clk_wiz_1_1                                                              | control_system/design_1_i/clk_wiz/inst/clkf_buf/O                    | control_system/design_1_i/clk_wiz/inst/clkfbout_buf_design_1_clk_wiz_1 |               |
| g8        | src8      | BUFG/O          | BUFGCTRL_X0Y5  | BUFGCTRL_X0Y5  | n/a          |                 1 |           0 |               1 |       40.000 | soc_crg_clkout1                                                                            | arty_system/BUFG_1/O                                                 | arty_system/eth_ref_clk_OBUF                                           |               |
+-----------+-----------+-----------------+----------------+----------------+--------------+-------------------+-------------+-----------------+--------------+--------------------------------------------------------------------------------------------+----------------------------------------------------------------------+------------------------------------------------------------------------+---------------+
* Clock Loads column represents cell count of net connects that connect to a clock pin. Internal cell leaf pins are not considered
** Non-Clock Loads column represents cell count of non-clock pin loads
*** PR Clock Type column represents the clock spine usage in the clock regions (by module requirement)


3. Global Clock Source Details
------------------------------

+-----------+-----------+---------------------+-----------------+-----------------+--------------+-------------+-----------------+---------------------+--------------------------------------------------------------------------------------------+--------------------------------------------------------------------------------------------+--------------------------------------------------------------------+-----------------+
| Source Id | Global Id | Driver Type/Pin     | Constraint      | Site            | Clock Region | Clock Loads | Non-Clock Loads | Source Clock Period | Source Clock                                                                               | Driver Pin                                                                                 | Net                                                                | PR Clock Source |
+-----------+-----------+---------------------+-----------------+-----------------+--------------+-------------+-----------------+---------------------+--------------------------------------------------------------------------------------------+--------------------------------------------------------------------------------------------+--------------------------------------------------------------------+-----------------+
| src0      | g0        | IBUF/O              | IOB_X1Y76       | IOB_X1Y76       | X1Y1         |           1 |               0 |              10.000 | clk100                                                                                     | clk100_IBUF_inst/O                                                                         | clk100_IBUF                                                        | Static          |
| src1      | g1        | PLLE2_ADV/CLKOUT0   | PLLE2_ADV_X1Y0  | PLLE2_ADV_X1Y0  | X1Y0         |           1 |               0 |              10.000 | soc_crg_clkout0                                                                            | arty_system/PLLE2_ADV/CLKOUT0                                                              | arty_system/soc_crg_clkout0                                        | Static          |
| src2      | g2        | MMCME2_ADV/CLKOUT0  | MMCME2_ADV_X1Y0 | MMCME2_ADV_X1Y0 | X1Y0         |           1 |               0 |              10.000 | clk_out1_design_1_clk_wiz_1_1                                                              | control_system/design_1_i/clk_wiz/inst/mmcm_adv_inst/CLKOUT0                               | control_system/design_1_i/clk_wiz/inst/clk_out1_design_1_clk_wiz_1 | Static          |
| src3      | g3        | BSCANE2/TCK         | BSCAN_X0Y0      | BSCAN_X0Y0      | X0Y0         |           1 |               0 |              33.000 | dbg_hub/inst/BSCANID.u_xsdbm_id/SWITCH_N_EXT_BSCAN.bscan_inst/SERIES7_BSCAN.bscan_inst/TCK | dbg_hub/inst/BSCANID.u_xsdbm_id/SWITCH_N_EXT_BSCAN.bscan_inst/SERIES7_BSCAN.bscan_inst/TCK | dbg_hub/inst/BSCANID.u_xsdbm_id/SWITCH_N_EXT_BSCAN.bscan_inst/TCK  | Static          |
| src4      | g4        | PLLE2_ADV/CLKOUT2   | PLLE2_ADV_X1Y0  | PLLE2_ADV_X1Y0  | X1Y0         |           1 |               0 |               2.500 | soc_crg_clkout2                                                                            | arty_system/PLLE2_ADV/CLKOUT2                                                              | arty_system/soc_crg_clkout2                                        | Static          |
| src5      | g5        | PLLE2_ADV/CLKOUT4   | PLLE2_ADV_X1Y0  | PLLE2_ADV_X1Y0  | X1Y0         |           1 |               0 |               5.000 | soc_crg_clkout4                                                                            | arty_system/PLLE2_ADV/CLKOUT4                                                              | arty_system/soc_crg_clkout4                                        | Static          |
| src6      | g6        | PLLE2_ADV/CLKOUT3   | PLLE2_ADV_X1Y0  | PLLE2_ADV_X1Y0  | X1Y0         |           1 |               0 |               2.500 | soc_crg_clkout3                                                                            | arty_system/PLLE2_ADV/CLKOUT3                                                              | arty_system/soc_crg_clkout3                                        | Static          |
| src7      | g7        | MMCME2_ADV/CLKFBOUT | MMCME2_ADV_X1Y0 | MMCME2_ADV_X1Y0 | X1Y0         |           1 |               0 |              10.000 | clkfbout_design_1_clk_wiz_1_1                                                              | control_system/design_1_i/clk_wiz/inst/mmcm_adv_inst/CLKFBOUT                              | control_system/design_1_i/clk_wiz/inst/clkfbout_design_1_clk_wiz_1 | Static          |
| src8      | g8        | PLLE2_ADV/CLKOUT1   | PLLE2_ADV_X1Y0  | PLLE2_ADV_X1Y0  | X1Y0         |           1 |               0 |              40.000 | soc_crg_clkout1                                                                            | arty_system/PLLE2_ADV/CLKOUT1                                                              | arty_system/soc_crg_clkout1                                        | Static          |
+-----------+-----------+---------------------+-----------------+-----------------+--------------+-------------+-----------------+---------------------+--------------------------------------------------------------------------------------------+--------------------------------------------------------------------------------------------+--------------------------------------------------------------------+-----------------+
* Clock Loads column represents cell count of net connects that connect to a clock pin. Internal cell leaf pins are not considered
** Non-Clock Loads column represents cell count of non-clock pin loads


4. Clock Regions: Key Resource Utilization
------------------------------------------

+-------------------+--------------+--------------+--------------+--------------+--------------+--------------+--------------+--------------+--------------+--------------+--------------+--------------+--------------+--------------+--------------+
|                   | Global Clock |     BUFRs    |    BUFMRs    |    BUFIOs    |     MMCM     |      PLL     |      GT      |      PCI     |    ILOGIC    |    OLOGIC    |      FF      |     LUTM     |    RAMB18    |    RAMB36    |    DSP48E2   |
+-------------------+------+-------+------+-------+------+-------+------+-------+------+-------+------+-------+------+-------+------+-------+------+-------+------+-------+------+-------+------+-------+------+-------+------+-------+------+-------+
| Clock Region Name | Used | Avail | Used | Avail | Used | Avail | Used | Avail | Used | Avail | Used | Avail | Used | Avail | Used | Avail | Used | Avail | Used | Avail | Used | Avail | Used | Avail | Used | Avail | Used | Avail | Used | Avail |
+-------------------+------+-------+------+-------+------+-------+------+-------+------+-------+------+-------+------+-------+------+-------+------+-------+------+-------+------+-------+------+-------+------+-------+------+-------+------+-------+
| X0Y0              |    4 |    12 |    0 |     4 |    0 |     2 |    0 |     4 |    0 |     1 |    0 |     1 |    0 |     0 |    0 |     0 |    4 |    50 |    0 |    50 | 2425 |  1200 |  958 |   400 |    2 |    20 |    3 |    10 |    0 |    20 |
| X1Y0              |    7 |    12 |    0 |     4 |    0 |     2 |    0 |     4 |    1 |     1 |    1 |     1 |    0 |     0 |    0 |     0 |   16 |    50 |   45 |    50 |  445 |  1500 |  137 |   450 |    0 |    40 |    0 |    20 |    0 |    20 |
| X0Y1              |    4 |    12 |    0 |     4 |    0 |     2 |    0 |     4 |    0 |     1 |    0 |     1 |    0 |     0 |    0 |     0 |    0 |    50 |    0 |    50 | 3506 |  1200 | 1404 |   400 |    3 |    20 |    7 |    10 |    4 |    20 |
| X1Y1              |    4 |    12 |    0 |     4 |    0 |     2 |    0 |     4 |    0 |     1 |    0 |     1 |    0 |     0 |    0 |     0 |    0 |    50 |    0 |    50 | 4988 |  1500 | 1586 |   450 |    6 |    40 |   11 |    20 |    0 |    20 |
| X0Y2              |    2 |    12 |    0 |     4 |    0 |     2 |    0 |     4 |    0 |     1 |    0 |     1 |    0 |     0 |    0 |     0 |    0 |    50 |    0 |    50 | 2121 |  1800 |  351 |   400 |    0 |    20 |    1 |    10 |    0 |    20 |
| X1Y2              |    3 |    12 |    0 |     0 |    0 |     0 |    0 |     0 |    0 |     0 |    0 |     0 |    0 |     4 |    0 |     1 |    0 |     0 |    0 |     0 |  806 |   950 |  252 |   300 |    0 |    10 |    0 |     5 |    0 |    20 |
+-------------------+------+-------+------+-------+------+-------+------+-------+------+-------+------+-------+------+-------+------+-------+------+-------+------+-------+------+-------+------+-------+------+-------+------+-------+------+-------+
* Global Clock column represents track count; while other columns represents cell counts


5. Clock Regions : Global Clock Summary
---------------------------------------

All Modules - Total Usage Sums of Static and RP modules
+----+----+----+
|    | X0 | X1 |
+----+----+----+
| Y2 |  0 |  0 |
| Y1 |  0 |  0 |
| Y0 |  0 |  0 |
+----+----+----+


arty_system/Cfu/compute - Usages of Clock Resources for Clocks Sourced (if any) in this RP Module
+----+----+----+
|    | X0 | X1 |
+----+----+----+
| Y2 |  0 |  0 |
| Y1 |  0 |  0 |
| Y0 |  0 |  0 |
+----+----+----+


6. Device Cell Placement Summary for Global Clock g0
----------------------------------------------------

+-----------+-----------------+-------------------+--------+-------------+---------------+-------------+----------+----------------+----------+------------------+-----------------+
| Global Id | Driver Type/Pin | Driver Region (D) | Clock  | Period (ns) | Waveform (ns) | Slice Loads | IO Loads | Clocking Loads | GT Loads | Net              | PR Clock Source |
+-----------+-----------------+-------------------+--------+-------------+---------------+-------------+----------+----------------+----------+------------------+-----------------+
| g0        | BUFG/O          | n/a               | clk100 |      10.000 | {0.000 5.000} |        7018 |        0 |              2 |        0 | clk100_IBUF_BUFG | Static          |
+-----------+-----------------+-------------------+--------+-------------+---------------+-------------+----------+----------------+----------+------------------+-----------------+
* Slice Loads column represents load cell count of all cell types other than IO, GT and clock resources
** IO Loads column represents load cell count of IO types
*** Clocking Loads column represents load cell count that are clock resources (global clock buffer, MMCM, PLL, etc)
**** GT Loads column represents load cell count of GT types


+----+-------+-------+-----------------------+
|    | X0    | X1    | HORIZONTAL PROG DELAY |
+----+-------+-------+-----------------------+
| Y2 |  1956 |   806 |                     0 |
| Y1 |   546 |  2417 |                     0 |
| Y0 |  1292 |     3 |                     0 |
+----+-------+-------+-----------------------+


7. Device Cell Placement Summary for Global Clock g1
----------------------------------------------------

+-----------+-----------------+-------------------+-----------------+-------------+---------------+-------------+----------+----------------+----------+---------------------+-----------------+
| Global Id | Driver Type/Pin | Driver Region (D) | Clock           | Period (ns) | Waveform (ns) | Slice Loads | IO Loads | Clocking Loads | GT Loads | Net                 | PR Clock Source |
+-----------+-----------------+-------------------+-----------------+-------------+---------------+-------------+----------+----------------+----------+---------------------+-----------------+
| g1        | BUFG/O          | n/a               | soc_crg_clkout0 |      10.000 | {0.000 5.000} |        4694 |       61 |              0 |        0 | arty_system/sys_clk | Static          |
+-----------+-----------------+-------------------+-----------------+-------------+---------------+-------------+----------+----------------+----------+---------------------+-----------------+
* Slice Loads column represents load cell count of all cell types other than IO, GT and clock resources
** IO Loads column represents load cell count of IO types
*** Clocking Loads column represents load cell count that are clock resources (global clock buffer, MMCM, PLL, etc)
**** GT Loads column represents load cell count of GT types


+----+-------+-------+-----------------------+
|    | X0    | X1    | HORIZONTAL PROG DELAY |
+----+-------+-------+-----------------------+
| Y2 |     0 |     6 |                     0 |
| Y1 |  1194 |  2144 |                     0 |
| Y0 |   889 |   522 |                     0 |
+----+-------+-------+-----------------------+


8. Device Cell Placement Summary for Global Clock g2
----------------------------------------------------

+-----------+-----------------+-------------------+-------------------------------+-------------+---------------+-------------+----------+----------------+----------+-------------------------------------------------+-----------------+
| Global Id | Driver Type/Pin | Driver Region (D) | Clock                         | Period (ns) | Waveform (ns) | Slice Loads | IO Loads | Clocking Loads | GT Loads | Net                                             | PR Clock Source |
+-----------+-----------------+-------------------+-------------------------------+-------------+---------------+-------------+----------+----------------+----------+-------------------------------------------------+-----------------+
| g2        | BUFG/O          | n/a               | clk_out1_design_1_clk_wiz_1_1 |      10.000 | {0.000 5.000} |        2925 |        0 |              0 |        0 | control_system/design_1_i/clk_wiz/inst/clk_out1 | Static          |
+-----------+-----------------+-------------------+-------------------------------+-------------+---------------+-------------+----------+----------------+----------+-------------------------------------------------+-----------------+
* Slice Loads column represents load cell count of all cell types other than IO, GT and clock resources
** IO Loads column represents load cell count of IO types
*** Clocking Loads column represents load cell count that are clock resources (global clock buffer, MMCM, PLL, etc)
**** GT Loads column represents load cell count of GT types


+----+-------+------+-----------------------+
|    | X0    | X1   | HORIZONTAL PROG DELAY |
+----+-------+------+-----------------------+
| Y2 |   218 |    6 |                     0 |
| Y1 |  2106 |  367 |                     0 |
| Y0 |   228 |    0 |                     0 |
+----+-------+------+-----------------------+


9. Device Cell Placement Summary for Global Clock g3
----------------------------------------------------

+-----------+-----------------+-------------------+--------------------------------------------------------------------------------------------+-------------+----------------+-------------+----------+----------------+----------+----------------------------------------+-----------------+
| Global Id | Driver Type/Pin | Driver Region (D) | Clock                                                                                      | Period (ns) | Waveform (ns)  | Slice Loads | IO Loads | Clocking Loads | GT Loads | Net                                    | PR Clock Source |
+-----------+-----------------+-------------------+--------------------------------------------------------------------------------------------+-------------+----------------+-------------+----------+----------------+----------+----------------------------------------+-----------------+
| g3        | BUFG/O          | n/a               | dbg_hub/inst/BSCANID.u_xsdbm_id/SWITCH_N_EXT_BSCAN.bscan_inst/SERIES7_BSCAN.bscan_inst/TCK |      33.000 | {0.000 16.500} |         470 |        0 |              0 |        0 | dbg_hub/inst/BSCANID.u_xsdbm_id/itck_i | Static          |
+-----------+-----------------+-------------------+--------------------------------------------------------------------------------------------+-------------+----------------+-------------+----------+----------------+----------+----------------------------------------+-----------------+
* Slice Loads column represents load cell count of all cell types other than IO, GT and clock resources
** IO Loads column represents load cell count of IO types
*** Clocking Loads column represents load cell count that are clock resources (global clock buffer, MMCM, PLL, etc)
**** GT Loads column represents load cell count of GT types


+----+------+------+-----------------------+
|    | X0   | X1   | HORIZONTAL PROG DELAY |
+----+------+------+-----------------------+
| Y2 |    0 |    0 |                     - |
| Y1 |    0 |  310 |                     0 |
| Y0 |  159 |    1 |                     0 |
+----+------+------+-----------------------+


10. Device Cell Placement Summary for Global Clock g4
-----------------------------------------------------

+-----------+-----------------+-------------------+-----------------+-------------+---------------+-------------+----------+----------------+----------+-----------------------+-----------------+
| Global Id | Driver Type/Pin | Driver Region (D) | Clock           | Period (ns) | Waveform (ns) | Slice Loads | IO Loads | Clocking Loads | GT Loads | Net                   | PR Clock Source |
+-----------+-----------------+-------------------+-----------------+-------------+---------------+-------------+----------+----------------+----------+-----------------------+-----------------+
| g4        | BUFG/O          | n/a               | soc_crg_clkout2 |       2.500 | {0.000 1.250} |           0 |       59 |              0 |        0 | arty_system/sys4x_clk | Static          |
+-----------+-----------------+-------------------+-----------------+-------------+---------------+-------------+----------+----------------+----------+-----------------------+-----------------+
* Slice Loads column represents load cell count of all cell types other than IO, GT and clock resources
** IO Loads column represents load cell count of IO types
*** Clocking Loads column represents load cell count that are clock resources (global clock buffer, MMCM, PLL, etc)
**** GT Loads column represents load cell count of GT types


+----+----+-----+-----------------------+
|    | X0 | X1  | HORIZONTAL PROG DELAY |
+----+----+-----+-----------------------+
| Y2 |  0 |   0 |                     - |
| Y1 |  0 |   0 |                     - |
| Y0 |  0 |  59 |                     0 |
+----+----+-----+-----------------------+


11. Device Cell Placement Summary for Global Clock g5
-----------------------------------------------------

+-----------+-----------------+-------------------+-----------------+-------------+---------------+-------------+----------+----------------+----------+------------------------+-----------------+
| Global Id | Driver Type/Pin | Driver Region (D) | Clock           | Period (ns) | Waveform (ns) | Slice Loads | IO Loads | Clocking Loads | GT Loads | Net                    | PR Clock Source |
+-----------+-----------------+-------------------+-----------------+-------------+---------------+-------------+----------+----------------+----------+------------------------+-----------------+
| g5        | BUFG/O          | n/a               | soc_crg_clkout4 |       5.000 | {0.000 2.500} |           8 |        0 |              0 |        0 | arty_system/idelay_clk | Static          |
+-----------+-----------------+-------------------+-----------------+-------------+---------------+-------------+----------+----------------+----------+------------------------+-----------------+
* Slice Loads column represents load cell count of all cell types other than IO, GT and clock resources
** IO Loads column represents load cell count of IO types
*** Clocking Loads column represents load cell count that are clock resources (global clock buffer, MMCM, PLL, etc)
**** GT Loads column represents load cell count of GT types


+----+----+----+-----------------------+
|    | X0 | X1 | HORIZONTAL PROG DELAY |
+----+----+----+-----------------------+
| Y2 |  0 |  0 |                     - |
| Y1 |  0 |  0 |                     - |
| Y0 |  0 |  8 |                     0 |
+----+----+----+-----------------------+


12. Device Cell Placement Summary for Global Clock g6
-----------------------------------------------------

+-----------+-----------------+-------------------+-----------------+-------------+---------------+-------------+----------+----------------+----------+---------------------------+-----------------+
| Global Id | Driver Type/Pin | Driver Region (D) | Clock           | Period (ns) | Waveform (ns) | Slice Loads | IO Loads | Clocking Loads | GT Loads | Net                       | PR Clock Source |
+-----------+-----------------+-------------------+-----------------+-------------+---------------+-------------+----------+----------------+----------+---------------------------+-----------------+
| g6        | BUFG/O          | n/a               | soc_crg_clkout3 |       2.500 | {0.625 1.875} |           0 |        2 |              0 |        0 | arty_system/sys4x_dqs_clk | Static          |
+-----------+-----------------+-------------------+-----------------+-------------+---------------+-------------+----------+----------------+----------+---------------------------+-----------------+
* Slice Loads column represents load cell count of all cell types other than IO, GT and clock resources
** IO Loads column represents load cell count of IO types
*** Clocking Loads column represents load cell count that are clock resources (global clock buffer, MMCM, PLL, etc)
**** GT Loads column represents load cell count of GT types


+----+----+----+-----------------------+
|    | X0 | X1 | HORIZONTAL PROG DELAY |
+----+----+----+-----------------------+
| Y2 |  0 |  0 |                     - |
| Y1 |  0 |  0 |                     - |
| Y0 |  0 |  2 |                     0 |
+----+----+----+-----------------------+


13. Device Cell Placement Summary for Global Clock g7
-----------------------------------------------------

+-----------+-----------------+-------------------+-------------------------------+-------------+---------------+-------------+----------+----------------+----------+------------------------------------------------------------------------+-----------------+
| Global Id | Driver Type/Pin | Driver Region (D) | Clock                         | Period (ns) | Waveform (ns) | Slice Loads | IO Loads | Clocking Loads | GT Loads | Net                                                                    | PR Clock Source |
+-----------+-----------------+-------------------+-------------------------------+-------------+---------------+-------------+----------+----------------+----------+------------------------------------------------------------------------+-----------------+
| g7        | BUFG/O          | n/a               | clkfbout_design_1_clk_wiz_1_1 |      10.000 | {0.000 5.000} |           0 |        0 |              1 |        0 | control_system/design_1_i/clk_wiz/inst/clkfbout_buf_design_1_clk_wiz_1 | Static          |
+-----------+-----------------+-------------------+-------------------------------+-------------+---------------+-------------+----------+----------------+----------+------------------------------------------------------------------------+-----------------+
* Slice Loads column represents load cell count of all cell types other than IO, GT and clock resources
** IO Loads column represents load cell count of IO types
*** Clocking Loads column represents load cell count that are clock resources (global clock buffer, MMCM, PLL, etc)
**** GT Loads column represents load cell count of GT types


+----+----+----+-----------------------+
|    | X0 | X1 | HORIZONTAL PROG DELAY |
+----+----+----+-----------------------+
| Y2 |  0 |  0 |                     - |
| Y1 |  0 |  0 |                     - |
| Y0 |  0 |  1 |                     0 |
+----+----+----+-----------------------+


14. Device Cell Placement Summary for Global Clock g8
-----------------------------------------------------

+-----------+-----------------+-------------------+-----------------+-------------+----------------+-------------+----------+----------------+----------+------------------------------+-----------------+
| Global Id | Driver Type/Pin | Driver Region (D) | Clock           | Period (ns) | Waveform (ns)  | Slice Loads | IO Loads | Clocking Loads | GT Loads | Net                          | PR Clock Source |
+-----------+-----------------+-------------------+-----------------+-------------+----------------+-------------+----------+----------------+----------+------------------------------+-----------------+
| g8        | BUFG/O          | n/a               | soc_crg_clkout1 |      40.000 | {0.000 20.000} |           0 |        1 |              0 |        0 | arty_system/eth_ref_clk_OBUF | Static          |
+-----------+-----------------+-------------------+-----------------+-------------+----------------+-------------+----------+----------------+----------+------------------------------+-----------------+
* Slice Loads column represents load cell count of all cell types other than IO, GT and clock resources
** IO Loads column represents load cell count of IO types
*** Clocking Loads column represents load cell count that are clock resources (global clock buffer, MMCM, PLL, etc)
**** GT Loads column represents load cell count of GT types


+----+----+----+-----------------------+
|    | X0 | X1 | HORIZONTAL PROG DELAY |
+----+----+----+-----------------------+
| Y2 |  0 |  0 |                     - |
| Y1 |  1 |  0 |                     0 |
| Y0 |  0 |  0 |                     - |
+----+----+----+-----------------------+


15. Clock Region Cell Placement per Global Clock: Region X0Y0
-------------------------------------------------------------

+-----------+-------+-----------------+----------------+-------------+-----------------+------+-------------+------+-----+----+------+-----+---------+-------------------------------------------------+
| Global Id | Track | Driver Type/Pin | Constraint     | Clock Loads | Non-Clock Loads | FF   | Memory LUTs | RAMB | DSP | GT | MMCM | PLL | Hard IP | Net                                             |
+-----------+-------+-----------------+----------------+-------------+-----------------+------+-------------+------+-----+----+------+-----+---------+-------------------------------------------------+
| g0        | n/a   | BUFG/O          | BUFGCTRL_X0Y16 |        1292 |               0 | 1192 |          96 |    3 |   0 |  0 |    0 |   0 |       0 | clk100_IBUF_BUFG                                |
| g1        | n/a   | BUFG/O          | BUFGCTRL_X0Y0  |         889 |               0 |  848 |          34 |    3 |   0 |  0 |    0 |   0 |       0 | arty_system/sys_clk                             |
| g2        | n/a   | BUFG/O          | BUFGCTRL_X0Y1  |         228 |               0 |  226 |           1 |    0 |   0 |  0 |    0 |   0 |       0 | control_system/design_1_i/clk_wiz/inst/clk_out1 |
| g3        | n/a   | BUFG/O          | BUFGCTRL_X0Y6  |         159 |               0 |  159 |           0 |    0 |   0 |  0 |    0 |   0 |       0 | dbg_hub/inst/BSCANID.u_xsdbm_id/itck_i          |
+-----------+-------+-----------------+----------------+-------------+-----------------+------+-------------+------+-----+----+------+-----+---------+-------------------------------------------------+
* Clock Loads column represents cell count of net connects that connect to a clock pin. Internal cell leaf pins are not considered
** Non-Clock Loads column represents cell count of non-clock pin loads
*** Columns FF, LUTRAM, RAMB through 'Hard IP' represents load cell counts


16. Clock Region Cell Placement per Global Clock: Region X1Y0
-------------------------------------------------------------

+-----------+-------+-----------------+----------------+-------------+-----------------+-----+-------------+------+-----+----+------+-----+---------+------------------------------------------------------------------------+
| Global Id | Track | Driver Type/Pin | Constraint     | Clock Loads | Non-Clock Loads | FF  | Memory LUTs | RAMB | DSP | GT | MMCM | PLL | Hard IP | Net                                                                    |
+-----------+-------+-----------------+----------------+-------------+-----------------+-----+-------------+------+-----+----+------+-----+---------+------------------------------------------------------------------------+
| g0        | n/a   | BUFG/O          | BUFGCTRL_X0Y16 |           3 |               0 |   0 |           1 |    0 |   0 |  0 |    1 |   1 |       0 | clk100_IBUF_BUFG                                                       |
| g1        | n/a   | BUFG/O          | BUFGCTRL_X0Y0  |         522 |               0 | 437 |           8 |    0 |   0 |  0 |    0 |   0 |       0 | arty_system/sys_clk                                                    |
| g3        | n/a   | BUFG/O          | BUFGCTRL_X0Y6  |           1 |               0 |   1 |           0 |    0 |   0 |  0 |    0 |   0 |       0 | dbg_hub/inst/BSCANID.u_xsdbm_id/itck_i                                 |
| g4        | n/a   | BUFG/O          | BUFGCTRL_X0Y2  |          59 |               0 |   0 |           0 |    0 |   0 |  0 |    0 |   0 |       0 | arty_system/sys4x_clk                                                  |
| g5        | n/a   | BUFG/O          | BUFGCTRL_X0Y3  |           8 |               0 |   7 |           0 |    0 |   0 |  0 |    0 |   0 |       0 | arty_system/idelay_clk                                                 |
| g6        | n/a   | BUFG/O          | BUFGCTRL_X0Y4  |           2 |               0 |   0 |           0 |    0 |   0 |  0 |    0 |   0 |       0 | arty_system/sys4x_dqs_clk                                              |
| g7        | n/a   | BUFG/O          | BUFGCTRL_X0Y7  |           1 |               0 |   0 |           0 |    0 |   0 |  0 |    1 |   0 |       0 | control_system/design_1_i/clk_wiz/inst/clkfbout_buf_design_1_clk_wiz_1 |
+-----------+-------+-----------------+----------------+-------------+-----------------+-----+-------------+------+-----+----+------+-----+---------+------------------------------------------------------------------------+
* Clock Loads column represents cell count of net connects that connect to a clock pin. Internal cell leaf pins are not considered
** Non-Clock Loads column represents cell count of non-clock pin loads
*** Columns FF, LUTRAM, RAMB through 'Hard IP' represents load cell counts


17. Clock Region Cell Placement per Global Clock: Region X0Y1
-------------------------------------------------------------

+-----------+-------+-----------------+----------------+-------------+-----------------+------+-------------+------+-----+----+------+-----+---------+-------------------------------------------------+
| Global Id | Track | Driver Type/Pin | Constraint     | Clock Loads | Non-Clock Loads | FF   | Memory LUTs | RAMB | DSP | GT | MMCM | PLL | Hard IP | Net                                             |
+-----------+-------+-----------------+----------------+-------------+-----------------+------+-------------+------+-----+----+------+-----+---------+-------------------------------------------------+
| g0        | n/a   | BUFG/O          | BUFGCTRL_X0Y16 |         546 |               0 |  514 |          28 |    4 |   0 |  0 |    0 |   0 |       0 | clk100_IBUF_BUFG                                |
| g1        | n/a   | BUFG/O          | BUFGCTRL_X0Y0  |        1194 |               0 | 1181 |           0 |    6 |   4 |  0 |    0 |   0 |       0 | arty_system/sys_clk                             |
| g2        | n/a   | BUFG/O          | BUFGCTRL_X0Y1  |        2106 |               0 | 1811 |         291 |    4 |   0 |  0 |    0 |   0 |       0 | control_system/design_1_i/clk_wiz/inst/clk_out1 |
| g8        | n/a   | BUFG/O          | BUFGCTRL_X0Y5  |           0 |               1 |    0 |           0 |    0 |   0 |  0 |    0 |   0 |       0 | arty_system/eth_ref_clk_OBUF                    |
+-----------+-------+-----------------+----------------+-------------+-----------------+------+-------------+------+-----+----+------+-----+---------+-------------------------------------------------+
* Clock Loads column represents cell count of net connects that connect to a clock pin. Internal cell leaf pins are not considered
** Non-Clock Loads column represents cell count of non-clock pin loads
*** Columns FF, LUTRAM, RAMB through 'Hard IP' represents load cell counts


18. Clock Region Cell Placement per Global Clock: Region X1Y1
-------------------------------------------------------------

+-----------+-------+-----------------+----------------+-------------+-----------------+------+-------------+------+-----+----+------+-----+---------+-------------------------------------------------+
| Global Id | Track | Driver Type/Pin | Constraint     | Clock Loads | Non-Clock Loads | FF   | Memory LUTs | RAMB | DSP | GT | MMCM | PLL | Hard IP | Net                                             |
+-----------+-------+-----------------+----------------+-------------+-----------------+------+-------------+------+-----+----+------+-----+---------+-------------------------------------------------+
| g0        | n/a   | BUFG/O          | BUFGCTRL_X0Y16 |        2417 |               0 | 2351 |          62 |    3 |   0 |  0 |    0 |   0 |       0 | clk100_IBUF_BUFG                                |
| g1        | n/a   | BUFG/O          | BUFGCTRL_X0Y0  |        2144 |               0 | 2018 |         102 |   17 |   0 |  0 |    0 |   0 |       0 | arty_system/sys_clk                             |
| g2        | n/a   | BUFG/O          | BUFGCTRL_X0Y1  |         367 |               0 |  309 |          58 |    0 |   0 |  0 |    0 |   0 |       0 | control_system/design_1_i/clk_wiz/inst/clk_out1 |
| g3        | n/a   | BUFG/O          | BUFGCTRL_X0Y6  |         310 |               0 |  310 |           0 |    0 |   0 |  0 |    0 |   0 |       0 | dbg_hub/inst/BSCANID.u_xsdbm_id/itck_i          |
+-----------+-------+-----------------+----------------+-------------+-----------------+------+-------------+------+-----+----+------+-----+---------+-------------------------------------------------+
* Clock Loads column represents cell count of net connects that connect to a clock pin. Internal cell leaf pins are not considered
** Non-Clock Loads column represents cell count of non-clock pin loads
*** Columns FF, LUTRAM, RAMB through 'Hard IP' represents load cell counts


19. Clock Region Cell Placement per Global Clock: Region X0Y2
-------------------------------------------------------------

+-----------+-------+-----------------+----------------+-------------+-----------------+------+-------------+------+-----+----+------+-----+---------+-------------------------------------------------+
| Global Id | Track | Driver Type/Pin | Constraint     | Clock Loads | Non-Clock Loads | FF   | Memory LUTs | RAMB | DSP | GT | MMCM | PLL | Hard IP | Net                                             |
+-----------+-------+-----------------+----------------+-------------+-----------------+------+-------------+------+-----+----+------+-----+---------+-------------------------------------------------+
| g0        | n/a   | BUFG/O          | BUFGCTRL_X0Y16 |        1956 |               0 | 1920 |          35 |    1 |   0 |  0 |    0 |   0 |       0 | clk100_IBUF_BUFG                                |
| g2        | n/a   | BUFG/O          | BUFGCTRL_X0Y1  |         218 |               0 |  201 |          16 |    1 |   0 |  0 |    0 |   0 |       0 | control_system/design_1_i/clk_wiz/inst/clk_out1 |
+-----------+-------+-----------------+----------------+-------------+-----------------+------+-------------+------+-----+----+------+-----+---------+-------------------------------------------------+
* Clock Loads column represents cell count of net connects that connect to a clock pin. Internal cell leaf pins are not considered
** Non-Clock Loads column represents cell count of non-clock pin loads
*** Columns FF, LUTRAM, RAMB through 'Hard IP' represents load cell counts


20. Clock Region Cell Placement per Global Clock: Region X1Y2
-------------------------------------------------------------

+-----------+-------+-----------------+----------------+-------------+-----------------+-----+-------------+------+-----+----+------+-----+---------+-------------------------------------------------+
| Global Id | Track | Driver Type/Pin | Constraint     | Clock Loads | Non-Clock Loads | FF  | Memory LUTs | RAMB | DSP | GT | MMCM | PLL | Hard IP | Net                                             |
+-----------+-------+-----------------+----------------+-------------+-----------------+-----+-------------+------+-----+----+------+-----+---------+-------------------------------------------------+
| g0        | n/a   | BUFG/O          | BUFGCTRL_X0Y16 |         806 |               0 | 794 |          12 |    0 |   0 |  0 |    0 |   0 |       0 | clk100_IBUF_BUFG                                |
| g1        | n/a   | BUFG/O          | BUFGCTRL_X0Y0  |           6 |               0 |   6 |           0 |    0 |   0 |  0 |    0 |   0 |       0 | arty_system/sys_clk                             |
| g2        | n/a   | BUFG/O          | BUFGCTRL_X0Y1  |           6 |               0 |   6 |           0 |    0 |   0 |  0 |    0 |   0 |       0 | control_system/design_1_i/clk_wiz/inst/clk_out1 |
+-----------+-------+-----------------+----------------+-------------+-----------------+-----+-------------+------+-----+----+------+-----+---------+-------------------------------------------------+
* Clock Loads column represents cell count of net connects that connect to a clock pin. Internal cell leaf pins are not considered
** Non-Clock Loads column represents cell count of non-clock pin loads
*** Columns FF, LUTRAM, RAMB through 'Hard IP' represents load cell counts



# Location of BUFG Primitives 
set_property LOC BUFGCTRL_X0Y6 [get_cells dbg_hub/inst/BSCANID.u_xsdbm_id/SWITCH_N_EXT_BSCAN.u_bufg_icon_tck]
set_property LOC BUFGCTRL_X0Y7 [get_cells control_system/design_1_i/clk_wiz/inst/clkf_buf]
set_property LOC BUFGCTRL_X0Y1 [get_cells control_system/design_1_i/clk_wiz/inst/clkout1_buf]
set_property LOC BUFGCTRL_X0Y16 [get_cells clk100_IBUF_BUFG_inst]
set_property LOC BUFGCTRL_X0Y0 [get_cells arty_system/BUFG]
set_property LOC BUFGCTRL_X0Y4 [get_cells arty_system/BUFG_3]
set_property LOC BUFGCTRL_X0Y2 [get_cells arty_system/BUFG_2]
set_property LOC BUFGCTRL_X0Y3 [get_cells arty_system/BUFG_4]
set_property LOC BUFGCTRL_X0Y5 [get_cells arty_system/BUFG_1]

# Location of IO Primitives which is load of clock spine
set_property LOC IOB_X0Y56 [get_cells eth_ref_clk_OBUF_inst]

# Location of clock ports
set_property LOC IOB_X1Y76 [get_ports clk100]

# Clock net "dbg_hub/inst/BSCANID.u_xsdbm_id/itck_i" driven by instance "dbg_hub/inst/BSCANID.u_xsdbm_id/SWITCH_N_EXT_BSCAN.u_bufg_icon_tck" located at site "BUFGCTRL_X0Y6"
#startgroup
create_pblock {CLKAG_dbg_hub/inst/BSCANID.u_xsdbm_id/itck_i}
add_cells_to_pblock [get_pblocks  {CLKAG_dbg_hub/inst/BSCANID.u_xsdbm_id/itck_i}] [get_cells -filter { PRIMITIVE_GROUP != I/O && IS_PRIMITIVE==1 && PRIMITIVE_LEVEL !=INTERNAL } -of_object [get_pins -filter {DIRECTION==IN} -of_objects [get_nets -hierarchical -filter {PARENT=="dbg_hub/inst/BSCANID.u_xsdbm_id/itck_i"}]]]
resize_pblock [get_pblocks {CLKAG_dbg_hub/inst/BSCANID.u_xsdbm_id/itck_i}] -add {CLOCKREGION_X0Y0:CLOCKREGION_X0Y0 CLOCKREGION_X0Y1:CLOCKREGION_X0Y1 CLOCKREGION_X0Y2:CLOCKREGION_X0Y2 CLOCKREGION_X1Y0:CLOCKREGION_X1Y0 CLOCKREGION_X1Y1:CLOCKREGION_X1Y1 CLOCKREGION_X1Y2:CLOCKREGION_X1Y2}
#endgroup

# Clock net "control_system/design_1_i/clk_wiz/inst/clk_out1" driven by instance "control_system/design_1_i/clk_wiz/inst/clkout1_buf" located at site "BUFGCTRL_X0Y1"
#startgroup
create_pblock {CLKAG_control_system/design_1_i/clk_wiz/inst/clk_out1}
add_cells_to_pblock [get_pblocks  {CLKAG_control_system/design_1_i/clk_wiz/inst/clk_out1}] [get_cells -filter { PRIMITIVE_GROUP != I/O && IS_PRIMITIVE==1 && PRIMITIVE_LEVEL !=INTERNAL } -of_object [get_pins -filter {DIRECTION==IN} -of_objects [get_nets -hierarchical -filter {PARENT=="control_system/design_1_i/clk_wiz/inst/clk_out1"}]]]
resize_pblock [get_pblocks {CLKAG_control_system/design_1_i/clk_wiz/inst/clk_out1}] -add {CLOCKREGION_X0Y0:CLOCKREGION_X0Y0 CLOCKREGION_X0Y1:CLOCKREGION_X0Y1 CLOCKREGION_X0Y2:CLOCKREGION_X0Y2 CLOCKREGION_X1Y0:CLOCKREGION_X1Y0 CLOCKREGION_X1Y1:CLOCKREGION_X1Y1 CLOCKREGION_X1Y2:CLOCKREGION_X1Y2}
#endgroup

# Clock net "clk100_IBUF_BUFG" driven by instance "clk100_IBUF_BUFG_inst" located at site "BUFGCTRL_X0Y16"
#startgroup
create_pblock {CLKAG_clk100_IBUF_BUFG}
add_cells_to_pblock [get_pblocks  {CLKAG_clk100_IBUF_BUFG}] [get_cells -filter { PRIMITIVE_GROUP != I/O && IS_PRIMITIVE==1 && PRIMITIVE_LEVEL !=INTERNAL && NAME!=control_system/design_1_i/clk_wiz/inst/mmcm_adv_inst && NAME!=arty_system/PLLE2_ADV} -of_object [get_pins -filter {DIRECTION==IN} -of_objects [get_nets -hierarchical -filter {PARENT=="clk100_IBUF_BUFG"}]]]
resize_pblock [get_pblocks {CLKAG_clk100_IBUF_BUFG}] -add {CLOCKREGION_X0Y0:CLOCKREGION_X0Y0 CLOCKREGION_X0Y1:CLOCKREGION_X0Y1 CLOCKREGION_X0Y2:CLOCKREGION_X0Y2 CLOCKREGION_X1Y0:CLOCKREGION_X1Y0 CLOCKREGION_X1Y1:CLOCKREGION_X1Y1 CLOCKREGION_X1Y2:CLOCKREGION_X1Y2}
#endgroup

# Clock net "arty_system/sys_clk" driven by instance "arty_system/BUFG" located at site "BUFGCTRL_X0Y0"
#startgroup
create_pblock {CLKAG_arty_system/sys_clk}
add_cells_to_pblock [get_pblocks  {CLKAG_arty_system/sys_clk}] [get_cells -filter { PRIMITIVE_GROUP != I/O && IS_PRIMITIVE==1 && PRIMITIVE_LEVEL !=INTERNAL } -of_object [get_pins -filter {DIRECTION==IN} -of_objects [get_nets -hierarchical -filter {PARENT=="arty_system/sys_clk"}]]]
resize_pblock [get_pblocks {CLKAG_arty_system/sys_clk}] -add {CLOCKREGION_X0Y0:CLOCKREGION_X0Y0 CLOCKREGION_X0Y1:CLOCKREGION_X0Y1 CLOCKREGION_X0Y2:CLOCKREGION_X0Y2 CLOCKREGION_X1Y0:CLOCKREGION_X1Y0 CLOCKREGION_X1Y1:CLOCKREGION_X1Y1 CLOCKREGION_X1Y2:CLOCKREGION_X1Y2}
#endgroup

# Clock net "arty_system/sys4x_dqs_clk" driven by instance "arty_system/BUFG_3" located at site "BUFGCTRL_X0Y4"
#startgroup
create_pblock {CLKAG_arty_system/sys4x_dqs_clk}
add_cells_to_pblock [get_pblocks  {CLKAG_arty_system/sys4x_dqs_clk}] [get_cells -filter { PRIMITIVE_GROUP != I/O && IS_PRIMITIVE==1 && PRIMITIVE_LEVEL !=INTERNAL } -of_object [get_pins -filter {DIRECTION==IN} -of_objects [get_nets -hierarchical -filter {PARENT=="arty_system/sys4x_dqs_clk"}]]]
resize_pblock [get_pblocks {CLKAG_arty_system/sys4x_dqs_clk}] -add {CLOCKREGION_X0Y0:CLOCKREGION_X0Y0 CLOCKREGION_X0Y1:CLOCKREGION_X0Y1 CLOCKREGION_X0Y2:CLOCKREGION_X0Y2 CLOCKREGION_X1Y0:CLOCKREGION_X1Y0 CLOCKREGION_X1Y1:CLOCKREGION_X1Y1 CLOCKREGION_X1Y2:CLOCKREGION_X1Y2}
#endgroup

# Clock net "arty_system/sys4x_clk" driven by instance "arty_system/BUFG_2" located at site "BUFGCTRL_X0Y2"
#startgroup
create_pblock {CLKAG_arty_system/sys4x_clk}
add_cells_to_pblock [get_pblocks  {CLKAG_arty_system/sys4x_clk}] [get_cells -filter { PRIMITIVE_GROUP != I/O && IS_PRIMITIVE==1 && PRIMITIVE_LEVEL !=INTERNAL } -of_object [get_pins -filter {DIRECTION==IN} -of_objects [get_nets -hierarchical -filter {PARENT=="arty_system/sys4x_clk"}]]]
resize_pblock [get_pblocks {CLKAG_arty_system/sys4x_clk}] -add {CLOCKREGION_X0Y0:CLOCKREGION_X0Y0 CLOCKREGION_X0Y1:CLOCKREGION_X0Y1 CLOCKREGION_X0Y2:CLOCKREGION_X0Y2 CLOCKREGION_X1Y0:CLOCKREGION_X1Y0 CLOCKREGION_X1Y1:CLOCKREGION_X1Y1 CLOCKREGION_X1Y2:CLOCKREGION_X1Y2}
#endgroup

# Clock net "arty_system/idelay_clk" driven by instance "arty_system/BUFG_4" located at site "BUFGCTRL_X0Y3"
#startgroup
create_pblock {CLKAG_arty_system/idelay_clk}
add_cells_to_pblock [get_pblocks  {CLKAG_arty_system/idelay_clk}] [get_cells -filter { PRIMITIVE_GROUP != I/O && IS_PRIMITIVE==1 && PRIMITIVE_LEVEL !=INTERNAL } -of_object [get_pins -filter {DIRECTION==IN} -of_objects [get_nets -hierarchical -filter {PARENT=="arty_system/idelay_clk"}]]]
resize_pblock [get_pblocks {CLKAG_arty_system/idelay_clk}] -add {CLOCKREGION_X0Y0:CLOCKREGION_X0Y0 CLOCKREGION_X0Y1:CLOCKREGION_X0Y1 CLOCKREGION_X0Y2:CLOCKREGION_X0Y2 CLOCKREGION_X1Y0:CLOCKREGION_X1Y0 CLOCKREGION_X1Y1:CLOCKREGION_X1Y1 CLOCKREGION_X1Y2:CLOCKREGION_X1Y2}
#endgroup
