#-----------------------------------------------------------
# Vivado v2024.1 (64-bit)
# SW Build 5076996 on Wed May 22 18:36:09 MDT 2024
# IP Build 5075265 on Wed May 22 21:45:21 MDT 2024
# SharedData Build 5076995 on Wed May 22 18:29:18 MDT 2024
# Start of session at: Thu Dec  4 13:07:57 2025
# Process ID: 73942
# Current directory: /home/jsp/Storage/CFU-Playground/soc/build/digilent_arty.example_cfu/gateware/digilent_arty.runs/child_0_impl_1
# Command line: vivado -log top_arty_cfu.vdi -applog -product Vivado -messageDb vivado.pb -mode batch -source top_arty_cfu.tcl -notrace
# Log file: /home/jsp/Storage/CFU-Playground/soc/build/digilent_arty.example_cfu/gateware/digilent_arty.runs/child_0_impl_1/top_arty_cfu.vdi
# Journal file: /home/jsp/Storage/CFU-Playground/soc/build/digilent_arty.example_cfu/gateware/digilent_arty.runs/child_0_impl_1/vivado.jou
# Running On        :jsp-H370M-D3H
# Platform          :Ubuntu
# Operating System  :Ubuntu 24.04.3 LTS
# Processor Detail  :Intel(R) Core(TM) i7-8700 CPU @ 3.20GHz
# CPU Frequency     :4304.276 MHz
# CPU Physical cores:6
# CPU Logical cores :12
# Host memory       :16696 MB
# Swap memory       :8589 MB
# Total Virtual     :25285 MB
# Available Virtual :17913 MB
#-----------------------------------------------------------
source top_arty_cfu.tcl -notrace
