Copyright 1986-2022 Xilinx, Inc. All Rights Reserved. Copyright 2022-2024 Advanced Micro Devices, Inc. All Rights Reserved.
---------------------------------------------------------------------------------------------------------------------------------------------
| Tool Version : Vivado v.2024.1 (lin64) Build 5076996 Wed May 22 18:36:09 MDT 2024
| Date         : Fri Nov 28 23:49:58 2025
| Host         : jsp-H370M-D3H running 64-bit Ubuntu 24.04.3 LTS
| Command      : report_utilization -file top_arty_cfu_utilization_synth.rpt -pb top_arty_cfu_utilization_synth.pb
| Design       : top_arty_cfu
| Device       : xc7a35ticsg324-1L
| Speed File   : -1L
| Design State : Synthesized
---------------------------------------------------------------------------------------------------------------------------------------------

Utilization Design Information

Table of Contents
-----------------
1. Slice Logic
1.1 Summary of Registers by Type
2. Memory
3. DSP
4. IO and GT Specific
5. Clocking
6. Specific Feature
7. Primitives
8. Black Boxes
9. Instantiated Netlists

1. Slice Logic
--------------

+----------------------------+------+-------+------------+-----------+-------+
|          Site Type         | Used | Fixed | Prohibited | Available | Util% |
+----------------------------+------+-------+------------+-----------+-------+
| Slice LUTs*                | 4965 |     0 |          0 |     20800 | 23.87 |
|   LUT as Logic             | 4819 |     0 |          0 |     20800 | 23.17 |
|   LUT as Memory            |  146 |     0 |          0 |      9600 |  1.52 |
|     LUT as Distributed RAM |  144 |     0 |            |           |       |
|     LUT as Shift Register  |    2 |     0 |            |           |       |
| Slice Registers            | 3786 |     0 |          0 |     41600 |  9.10 |
|   Register as Flip Flop    | 3786 |     0 |          0 |     41600 |  9.10 |
|   Register as Latch        |    0 |     0 |          0 |     41600 |  0.00 |
| F7 Muxes                   |   23 |     0 |          0 |     16300 |  0.14 |
| F8 Muxes                   |    0 |     0 |          0 |      8150 |  0.00 |
+----------------------------+------+-------+------------+-----------+-------+
* Warning! The Final LUT count, after physical optimizations and full implementation, is typically lower. Run opt_design after synthesis, if not already completed, for a more realistic count.
Warning! LUT value is adjusted to account for LUT combining.
Warning! For any ECO changes, please run place_design if there are unplaced instances


1.1 Summary of Registers by Type
--------------------------------

+-------+--------------+-------------+--------------+
| Total | Clock Enable | Synchronous | Asynchronous |
+-------+--------------+-------------+--------------+
| 0     |            _ |           - |            - |
| 0     |            _ |           - |          Set |
| 0     |            _ |           - |        Reset |
| 0     |            _ |         Set |            - |
| 0     |            _ |       Reset |            - |
| 0     |          Yes |           - |            - |
| 4     |          Yes |           - |          Set |
| 8     |          Yes |           - |        Reset |
| 211   |          Yes |         Set |            - |
| 3563  |          Yes |       Reset |            - |
+-------+--------------+-------------+--------------+


2. Memory
---------

+-------------------+------+-------+------------+-----------+-------+
|     Site Type     | Used | Fixed | Prohibited | Available | Util% |
+-------------------+------+-------+------------+-----------+-------+
| Block RAM Tile    | 23.5 |     0 |          0 |        50 | 47.00 |
|   RAMB36/FIFO*    |   11 |     0 |          0 |        50 | 22.00 |
|     RAMB36E1 only |   11 |       |            |           |       |
|   RAMB18          |   25 |     0 |          0 |       100 | 25.00 |
|     RAMB18E1 only |   25 |       |            |           |       |
+-------------------+------+-------+------------+-----------+-------+
* Note: Each Block RAM Tile only has one FIFO logic available and therefore can accommodate only one FIFO36E1 or one FIFO18E1. However, if a FIFO18E1 occupies a Block RAM Tile, that tile can still accommodate a RAMB18E1


3. DSP
------

+----------------+------+-------+------------+-----------+-------+
|    Site Type   | Used | Fixed | Prohibited | Available | Util% |
+----------------+------+-------+------------+-----------+-------+
| DSPs           |    4 |     0 |          0 |        90 |  4.44 |
|   DSP48E1 only |    4 |       |            |           |       |
+----------------+------+-------+------------+-----------+-------+


4. IO and GT Specific
---------------------

+-----------------------------+------+-------+------------+-----------+-------+
|          Site Type          | Used | Fixed | Prohibited | Available | Util% |
+-----------------------------+------+-------+------------+-----------+-------+
| Bonded IOB                  |   68 |     0 |          0 |       210 | 32.38 |
| Bonded IPADs                |    0 |     0 |          0 |         2 |  0.00 |
| PHY_CONTROL                 |    0 |     0 |          0 |         5 |  0.00 |
| PHASER_REF                  |    0 |     0 |          0 |         5 |  0.00 |
| OUT_FIFO                    |    0 |     0 |          0 |        20 |  0.00 |
| IN_FIFO                     |    0 |     0 |          0 |        20 |  0.00 |
| IDELAYCTRL                  |    1 |     0 |          0 |         5 | 20.00 |
| IBUFDS                      |    2 |     0 |          0 |       202 |  0.99 |
| PHASER_OUT/PHASER_OUT_PHY   |    0 |     0 |          0 |        20 |  0.00 |
| PHASER_IN/PHASER_IN_PHY     |    0 |     0 |          0 |        20 |  0.00 |
| IDELAYE2/IDELAYE2_FINEDELAY |   16 |     0 |          0 |       250 |  6.40 |
|   IDELAYE2 only             |   16 |     0 |            |           |       |
| ILOGIC                      |   16 |     0 |          0 |       210 |  7.62 |
|   ISERDES                   |   16 |       |          0 |       210 |       |
| OLOGIC                      |   45 |     0 |          0 |       210 | 21.43 |
|   OSERDES                   |   45 |       |          0 |       210 |       |
+-----------------------------+------+-------+------------+-----------+-------+


5. Clocking
-----------

+------------+------+-------+------------+-----------+-------+
|  Site Type | Used | Fixed | Prohibited | Available | Util% |
+------------+------+-------+------------+-----------+-------+
| BUFGCTRL   |    5 |     0 |          0 |        32 | 15.63 |
| BUFIO      |    0 |     0 |          0 |        20 |  0.00 |
| MMCME2_ADV |    0 |     0 |          0 |         5 |  0.00 |
| PLLE2_ADV  |    1 |     0 |          0 |         5 | 20.00 |
| BUFMRCE    |    0 |     0 |          0 |        10 |  0.00 |
| BUFHCE     |    0 |     0 |          0 |        72 |  0.00 |
| BUFR       |    0 |     0 |          0 |        20 |  0.00 |
+------------+------+-------+------------+-----------+-------+


6. Specific Feature
-------------------

+-------------+------+-------+------------+-----------+--------+
|  Site Type  | Used | Fixed | Prohibited | Available |  Util% |
+-------------+------+-------+------------+-----------+--------+
| BSCANE2     |    0 |     0 |          0 |         4 |   0.00 |
| CAPTUREE2   |    0 |     0 |          0 |         1 |   0.00 |
| DNA_PORT    |    0 |     0 |          0 |         1 |   0.00 |
| EFUSE_USR   |    0 |     0 |          0 |         1 |   0.00 |
| FRAME_ECCE2 |    0 |     0 |          0 |         1 |   0.00 |
| ICAPE2      |    1 |     0 |          0 |         2 |  50.00 |
| PCIE_2_1    |    0 |     0 |          0 |         1 |   0.00 |
| STARTUPE2   |    1 |     0 |          0 |         1 | 100.00 |
| XADC        |    0 |     0 |          0 |         1 |   0.00 |
+-------------+------+-------+------------+-----------+--------+


7. Primitives
-------------

+------------+------+---------------------+
|  Ref Name  | Used | Functional Category |
+------------+------+---------------------+
| FDRE       | 3563 |        Flop & Latch |
| LUT6       | 2059 |                 LUT |
| LUT3       | 1177 |                 LUT |
| LUT5       |  939 |                 LUT |
| LUT4       |  702 |                 LUT |
| LUT2       |  462 |                 LUT |
| LUT1       |  326 |                 LUT |
| RAMD32     |  216 |  Distributed Memory |
| CARRY4     |  216 |          CarryLogic |
| FDSE       |  211 |        Flop & Latch |
| RAMS32     |   72 |  Distributed Memory |
| OSERDESE2  |   45 |                  IO |
| OBUF       |   32 |                  IO |
| IBUF       |   30 |                  IO |
| RAMB18E1   |   25 |        Block Memory |
| MUXF7      |   23 |               MuxFx |
| OBUFT      |   22 |                  IO |
| ISERDESE2  |   16 |                  IO |
| IDELAYE2   |   16 |                  IO |
| RAMB36E1   |   11 |        Block Memory |
| FDCE       |    8 |        Flop & Latch |
| BUFG       |    5 |               Clock |
| OBUFTDS    |    4 |                  IO |
| FDPE       |    4 |        Flop & Latch |
| DSP48E1    |    4 |    Block Arithmetic |
| INV        |    3 |                 LUT |
| SRL16E     |    2 |  Distributed Memory |
| OBUFDS     |    2 |                  IO |
| IBUFDS     |    2 |                  IO |
| STARTUPE2  |    1 |              Others |
| PLLE2_ADV  |    1 |               Clock |
| IDELAYCTRL |    1 |                  IO |
| ICAPE2     |    1 |              Others |
+------------+------+---------------------+


8. Black Boxes
--------------

+-----------------------------+------+
|           Ref Name          | Used |
+-----------------------------+------+
| ila_1                       |    1 |
| ila_0                       |    1 |
| dfx_decoupler_0             |    1 |
| design_1_system_ila_0_0     |    1 |
| design_1_rst_clk_wiz_100M_1 |    1 |
| design_1_ila_0_1            |    1 |
| design_1_dfx_controller_0_0 |    1 |
| design_1_clk_wiz_1          |    1 |
| design_1_axi_quad_spi_0_1   |    1 |
| design_1_auto_pc_0          |    1 |
| cfu_compute                 |    1 |
+-----------------------------+------+


9. Instantiated Netlists
------------------------

+----------+------+
| Ref Name | Used |
+----------+------+


