Copyright 1986-2022 Xilinx, Inc. All Rights Reserved. Copyright 2022-2024 Advanced Micro Devices, Inc. All Rights Reserved.
--------------------------------------------------------------------------------------------------------------------------------------------------------------------------
| Tool Version : Vivado v.2024.1 (lin64) Build 5076996 Wed May 22 18:36:09 MDT 2024
| Date         : Thu Dec  4 13:07:04 2025
| Host         : jsp-H370M-D3H running 64-bit Ubuntu 24.04.3 LTS
| Command      : report_methodology -file top_arty_cfu_methodology_drc_routed.rpt -pb top_arty_cfu_methodology_drc_routed.pb -rpx top_arty_cfu_methodology_drc_routed.rpx
| Design       : top_arty_cfu
| Device       : xc7a35ticsg324-1L
| Speed File   : -1L
| Design State : Fully Routed
--------------------------------------------------------------------------------------------------------------------------------------------------------------------------

Report Methodology

Table of Contents
-----------------
1. REPORT SUMMARY
2. REPORT DETAILS

1. REPORT SUMMARY
-----------------
            Netlist: netlist
          Floorplan: checkpoint_top_arty_cfu
      Design limits: <entire design considered>
             Max violations: <unlimited>
             Violations found: 83
+-----------+------------------+----------------------------------------------------+------------+
| Rule      | Severity         | Description                                        | Violations |
+-----------+------------------+----------------------------------------------------+------------+
| TIMING-4  | Critical Warning | Invalid primary clock redefinition on a clock tree | 1          |
| TIMING-6  | Critical Warning | No common primary clock between related clocks     | 3          |
| TIMING-7  | Critical Warning | No common node between related clocks              | 1          |
| TIMING-27 | Critical Warning | Invalid primary clock on hierarchical pin          | 1          |
| LUTAR-1   | Warning          | LUT drives async reset alert                       | 5          |
| SYNTH-10  | Warning          | Wide multiplier                                    | 3          |
| TIMING-9  | Warning          | Unknown CDC Logic                                  | 1          |
| TIMING-18 | Warning          | Missing input or output delay                      | 44         |
| XDCB-5    | Warning          | Runtime inefficient way to find pin objects        | 8          |
| REQP-1959 | Advisory         | connects_SERDES_RST_driver_not_FF                  | 16         |
+-----------+------------------+----------------------------------------------------+------------+

2. REPORT DETAILS
-----------------
TIMING-4#1 Critical Warning
Invalid primary clock redefinition on a clock tree  
Invalid clock redefinition on a clock tree. The primary clock control_system/design_1_i/clk_wiz/inst/clk_in1 is defined downstream of clock clk100 and overrides its insertion delay and/or waveform definition
Related violations: <none>

TIMING-6#1 Critical Warning
No common primary clock between related clocks  
The clocks clk_out1_design_1_clk_wiz_1_1 and clk100 are related (timed together) but they have no common primary clock. The design could fail in hardware. To find a timing path between these clocks, run the following command: report_timing -from [get_clocks clk_out1_design_1_clk_wiz_1_1] -to [get_clocks clk100]
Related violations: <none>

TIMING-6#2 Critical Warning
No common primary clock between related clocks  
The clocks clk_out1_design_1_clk_wiz_1_1 and soc_crg_clkout0 are related (timed together) but they have no common primary clock. The design could fail in hardware. To find a timing path between these clocks, run the following command: report_timing -from [get_clocks clk_out1_design_1_clk_wiz_1_1] -to [get_clocks soc_crg_clkout0]
Related violations: <none>

TIMING-6#3 Critical Warning
No common primary clock between related clocks  
The clocks soc_crg_clkout0 and clk_out1_design_1_clk_wiz_1_1 are related (timed together) but they have no common primary clock. The design could fail in hardware. To find a timing path between these clocks, run the following command: report_timing -from [get_clocks soc_crg_clkout0] -to [get_clocks clk_out1_design_1_clk_wiz_1_1]
Related violations: <none>

TIMING-7#1 Critical Warning
No common node between related clocks  
The clocks clk_out1_design_1_clk_wiz_1_1 and clk100 are related (timed together) but they have no common node. The design could fail in hardware. To find a timing path between these clocks, run the following command: report_timing -from [get_clocks clk_out1_design_1_clk_wiz_1_1] -to [get_clocks clk100]
Related violations: <none>

TIMING-27#1 Critical Warning
Invalid primary clock on hierarchical pin  
A primary clock control_system/design_1_i/clk_wiz/inst/clk_in1 is created on an inappropriate internal pin control_system/design_1_i/clk_wiz/inst/clk_in1. It is not recommended to create a primary clock on a hierarchical pin when its driver pin has a fanout connected to multiple clock pins
Related violations: <none>

LUTAR-1#1 Warning
LUT drives async reset alert  
LUT cell arty_system/OSERDESE2_i_1, with 2 or more inputs, drives asynchronous preset/clear pin(s) arty_system/ISERDESE2_1/RST, arty_system/ISERDESE2_10/RST,
arty_system/ISERDESE2_11/RST, arty_system/ISERDESE2_12/RST,
arty_system/ISERDESE2_13/RST, arty_system/ISERDESE2_14/RST,
arty_system/ISERDESE2_15/RST, arty_system/ISERDESE2_2/RST,
arty_system/ISERDESE2_3/RST, arty_system/ISERDESE2_4/RST,
arty_system/ISERDESE2_5/RST, arty_system/ISERDESE2_6/RST,
arty_system/ISERDESE2_7/RST, arty_system/ISERDESE2_8/RST,
arty_system/ISERDESE2_9/RST (the first 15 of 16 listed). The LUT may glitch and trigger an unexpected reset, even if it is a properly timed path.
Related violations: <none>

LUTAR-1#2 Warning
LUT drives async reset alert  
LUT cell dbg_hub/inst/BSCANID.u_xsdbm_id/CORE_XSDB.UUT_MASTER/U_ICON_INTERFACE/U_CMD6_RD/U_RD_FIFO/SUBCORE_FIFO.xsdbm_v3_0_2_rdfifo_inst/inst_fifo_gen/gconvfifo.rf/grf.rf/rstblk/ngwrdrst.grst.g7serrst.gwrrd_rst_sync_stage[2].rrst_inst/ngwrdrst.grst.g7serrst.rd_rst_reg[2]_i_1, with 2 or more inputs, drives asynchronous preset/clear pin(s) dbg_hub/inst/BSCANID.u_xsdbm_id/CORE_XSDB.UUT_MASTER/U_ICON_INTERFACE/U_CMD6_RD/U_RD_FIFO/SUBCORE_FIFO.xsdbm_v3_0_2_rdfifo_inst/inst_fifo_gen/gconvfifo.rf/grf.rf/rstblk/ngwrdrst.grst.g7serrst.rd_rst_reg_reg[0]/PRE,
dbg_hub/inst/BSCANID.u_xsdbm_id/CORE_XSDB.UUT_MASTER/U_ICON_INTERFACE/U_CMD6_RD/U_RD_FIFO/SUBCORE_FIFO.xsdbm_v3_0_2_rdfifo_inst/inst_fifo_gen/gconvfifo.rf/grf.rf/rstblk/ngwrdrst.grst.g7serrst.rd_rst_reg_reg[1]/PRE
dbg_hub/inst/BSCANID.u_xsdbm_id/CORE_XSDB.UUT_MASTER/U_ICON_INTERFACE/U_CMD6_RD/U_RD_FIFO/SUBCORE_FIFO.xsdbm_v3_0_2_rdfifo_inst/inst_fifo_gen/gconvfifo.rf/grf.rf/rstblk/ngwrdrst.grst.g7serrst.rd_rst_reg_reg[2]/PRE. The LUT may glitch and trigger an unexpected reset, even if it is a properly timed path.
Related violations: <none>

LUTAR-1#3 Warning
LUT drives async reset alert  
LUT cell dbg_hub/inst/BSCANID.u_xsdbm_id/CORE_XSDB.UUT_MASTER/U_ICON_INTERFACE/U_CMD6_RD/U_RD_FIFO/SUBCORE_FIFO.xsdbm_v3_0_2_rdfifo_inst/inst_fifo_gen/gconvfifo.rf/grf.rf/rstblk/ngwrdrst.grst.g7serrst.gwrrd_rst_sync_stage[2].wrst_inst/ngwrdrst.grst.g7serrst.wr_rst_reg[2]_i_1, with 2 or more inputs, drives asynchronous preset/clear pin(s) dbg_hub/inst/BSCANID.u_xsdbm_id/CORE_XSDB.UUT_MASTER/U_ICON_INTERFACE/U_CMD6_RD/U_RD_FIFO/SUBCORE_FIFO.xsdbm_v3_0_2_rdfifo_inst/inst_fifo_gen/gconvfifo.rf/grf.rf/rstblk/ngwrdrst.grst.g7serrst.wr_rst_reg_reg[0]/PRE,
dbg_hub/inst/BSCANID.u_xsdbm_id/CORE_XSDB.UUT_MASTER/U_ICON_INTERFACE/U_CMD6_RD/U_RD_FIFO/SUBCORE_FIFO.xsdbm_v3_0_2_rdfifo_inst/inst_fifo_gen/gconvfifo.rf/grf.rf/rstblk/ngwrdrst.grst.g7serrst.wr_rst_reg_reg[1]/PRE
dbg_hub/inst/BSCANID.u_xsdbm_id/CORE_XSDB.UUT_MASTER/U_ICON_INTERFACE/U_CMD6_RD/U_RD_FIFO/SUBCORE_FIFO.xsdbm_v3_0_2_rdfifo_inst/inst_fifo_gen/gconvfifo.rf/grf.rf/rstblk/ngwrdrst.grst.g7serrst.wr_rst_reg_reg[2]/PRE. The LUT may glitch and trigger an unexpected reset, even if it is a properly timed path.
Related violations: <none>

LUTAR-1#4 Warning
LUT drives async reset alert  
LUT cell dbg_hub/inst/BSCANID.u_xsdbm_id/CORE_XSDB.UUT_MASTER/U_ICON_INTERFACE/U_CMD6_WR/U_WR_FIFO/SUBCORE_FIFO.xsdbm_v3_0_2_wrfifo_inst/inst_fifo_gen/gconvfifo.rf/grf.rf/rstblk/ngwrdrst.grst.g7serrst.gwrrd_rst_sync_stage[2].rrst_inst/ngwrdrst.grst.g7serrst.rd_rst_reg[2]_i_1, with 2 or more inputs, drives asynchronous preset/clear pin(s) dbg_hub/inst/BSCANID.u_xsdbm_id/CORE_XSDB.UUT_MASTER/U_ICON_INTERFACE/U_CMD6_WR/U_WR_FIFO/SUBCORE_FIFO.xsdbm_v3_0_2_wrfifo_inst/inst_fifo_gen/gconvfifo.rf/grf.rf/rstblk/ngwrdrst.grst.g7serrst.rd_rst_reg_reg[0]/PRE,
dbg_hub/inst/BSCANID.u_xsdbm_id/CORE_XSDB.UUT_MASTER/U_ICON_INTERFACE/U_CMD6_WR/U_WR_FIFO/SUBCORE_FIFO.xsdbm_v3_0_2_wrfifo_inst/inst_fifo_gen/gconvfifo.rf/grf.rf/rstblk/ngwrdrst.grst.g7serrst.rd_rst_reg_reg[1]/PRE
dbg_hub/inst/BSCANID.u_xsdbm_id/CORE_XSDB.UUT_MASTER/U_ICON_INTERFACE/U_CMD6_WR/U_WR_FIFO/SUBCORE_FIFO.xsdbm_v3_0_2_wrfifo_inst/inst_fifo_gen/gconvfifo.rf/grf.rf/rstblk/ngwrdrst.grst.g7serrst.rd_rst_reg_reg[2]/PRE. The LUT may glitch and trigger an unexpected reset, even if it is a properly timed path.
Related violations: <none>

LUTAR-1#5 Warning
LUT drives async reset alert  
LUT cell dbg_hub/inst/BSCANID.u_xsdbm_id/CORE_XSDB.UUT_MASTER/U_ICON_INTERFACE/U_CMD6_WR/U_WR_FIFO/SUBCORE_FIFO.xsdbm_v3_0_2_wrfifo_inst/inst_fifo_gen/gconvfifo.rf/grf.rf/rstblk/ngwrdrst.grst.g7serrst.gwrrd_rst_sync_stage[2].wrst_inst/ngwrdrst.grst.g7serrst.wr_rst_reg[2]_i_1, with 2 or more inputs, drives asynchronous preset/clear pin(s) dbg_hub/inst/BSCANID.u_xsdbm_id/CORE_XSDB.UUT_MASTER/U_ICON_INTERFACE/U_CMD6_WR/U_WR_FIFO/SUBCORE_FIFO.xsdbm_v3_0_2_wrfifo_inst/inst_fifo_gen/gconvfifo.rf/grf.rf/rstblk/ngwrdrst.grst.g7serrst.wr_rst_reg_reg[0]/PRE,
dbg_hub/inst/BSCANID.u_xsdbm_id/CORE_XSDB.UUT_MASTER/U_ICON_INTERFACE/U_CMD6_WR/U_WR_FIFO/SUBCORE_FIFO.xsdbm_v3_0_2_wrfifo_inst/inst_fifo_gen/gconvfifo.rf/grf.rf/rstblk/ngwrdrst.grst.g7serrst.wr_rst_reg_reg[1]/PRE
dbg_hub/inst/BSCANID.u_xsdbm_id/CORE_XSDB.UUT_MASTER/U_ICON_INTERFACE/U_CMD6_WR/U_WR_FIFO/SUBCORE_FIFO.xsdbm_v3_0_2_wrfifo_inst/inst_fifo_gen/gconvfifo.rf/grf.rf/rstblk/ngwrdrst.grst.g7serrst.wr_rst_reg_reg[2]/PRE. The LUT may glitch and trigger an unexpected reset, even if it is a properly timed path.
Related violations: <none>

SYNTH-10#1 Warning
Wide multiplier  
Detected multiplier at arty_system/Cfu/compute/mul of size 15x18, it is decomposed from a wide multipler into 4 DSP blocks.
Related violations: <none>

SYNTH-10#2 Warning
Wide multiplier  
Detected multiplier at arty_system/Cfu/compute/mul__0 of size 18x18, it is decomposed from a wide multipler into 4 DSP blocks.
Related violations: <none>

SYNTH-10#3 Warning
Wide multiplier  
Detected multiplier at arty_system/Cfu/compute/mul__1 of size 18x15, it is decomposed from a wide multipler into 4 DSP blocks.
Related violations: <none>

TIMING-9#1 Warning
Unknown CDC Logic  
One or more asynchronous Clock Domain Crossing has been detected between 2 clock domains through a set_false_path or a set_clock_groups or set_max_delay -datapath_only constraint but no double-registers logic synchronizer has been found on the side of the capture clock. It is recommended to run report_cdc for a complete and detailed CDC coverage. Please consider using XPM_CDC to avoid Critical severities
Related violations: <none>

TIMING-18#1 Warning
Missing input or output delay  
An input delay is missing on cfu_reset relative to the rising and/or falling clock edge(s) of clk100, control_system/design_1_i/clk_wiz/inst/clk_in1.
Related violations: <none>

TIMING-18#2 Warning
Missing input or output delay  
An input delay is missing on cpu_reset relative to the rising and/or falling clock edge(s) of clk100.
Related violations: <none>

TIMING-18#3 Warning
Missing input or output delay  
An input delay is missing on decouple_switch relative to the rising and/or falling clock edge(s) of clk100.
Related violations: <none>

TIMING-18#4 Warning
Missing input or output delay  
An input delay is missing on hw_trigger_switch[0] relative to the rising and/or falling clock edge(s) of clk100, control_system/design_1_i/clk_wiz/inst/clk_in1.
Related violations: <none>

TIMING-18#5 Warning
Missing input or output delay  
An input delay is missing on hw_trigger_switch[1] relative to the rising and/or falling clock edge(s) of clk100, control_system/design_1_i/clk_wiz/inst/clk_in1.
Related violations: <none>

TIMING-18#6 Warning
Missing input or output delay  
An input delay is missing on hw_trigger_switch[2] relative to the rising and/or falling clock edge(s) of clk100, control_system/design_1_i/clk_wiz/inst/clk_in1.
Related violations: <none>

TIMING-18#7 Warning
Missing input or output delay  
An input delay is missing on qspi_flash_io0_io relative to the rising and/or falling clock edge(s) of control_system/design_1_i/clk_wiz/inst/clk_in1.
Related violations: <none>

TIMING-18#8 Warning
Missing input or output delay  
An input delay is missing on qspi_flash_io1_io relative to the rising and/or falling clock edge(s) of control_system/design_1_i/clk_wiz/inst/clk_in1.
Related violations: <none>

TIMING-18#9 Warning
Missing input or output delay  
An input delay is missing on qspi_flash_io2_io relative to the rising and/or falling clock edge(s) of control_system/design_1_i/clk_wiz/inst/clk_in1.
Related violations: <none>

TIMING-18#10 Warning
Missing input or output delay  
An input delay is missing on qspi_flash_io3_io relative to the rising and/or falling clock edge(s) of control_system/design_1_i/clk_wiz/inst/clk_in1.
Related violations: <none>

TIMING-18#11 Warning
Missing input or output delay  
An input delay is missing on qspi_flash_sck_io relative to the rising and/or falling clock edge(s) of control_system/design_1_i/clk_wiz/inst/clk_in1.
Related violations: <none>

TIMING-18#12 Warning
Missing input or output delay  
An input delay is missing on qspi_flash_ss_io relative to the rising and/or falling clock edge(s) of control_system/design_1_i/clk_wiz/inst/clk_in1.
Related violations: <none>

TIMING-18#13 Warning
Missing input or output delay  
An input delay is missing on serial_rx relative to the rising and/or falling clock edge(s) of clk100.
Related violations: <none>

TIMING-18#14 Warning
Missing input or output delay  
An output delay is missing on ddram_dq[0] relative to the rising and/or falling clock edge(s) of clk100.
Related violations: <none>

TIMING-18#15 Warning
Missing input or output delay  
An output delay is missing on ddram_dq[10] relative to the rising and/or falling clock edge(s) of clk100.
Related violations: <none>

TIMING-18#16 Warning
Missing input or output delay  
An output delay is missing on ddram_dq[11] relative to the rising and/or falling clock edge(s) of clk100.
Related violations: <none>

TIMING-18#17 Warning
Missing input or output delay  
An output delay is missing on ddram_dq[12] relative to the rising and/or falling clock edge(s) of clk100.
Related violations: <none>

TIMING-18#18 Warning
Missing input or output delay  
An output delay is missing on ddram_dq[13] relative to the rising and/or falling clock edge(s) of clk100.
Related violations: <none>

TIMING-18#19 Warning
Missing input or output delay  
An output delay is missing on ddram_dq[14] relative to the rising and/or falling clock edge(s) of clk100.
Related violations: <none>

TIMING-18#20 Warning
Missing input or output delay  
An output delay is missing on ddram_dq[15] relative to the rising and/or falling clock edge(s) of clk100.
Related violations: <none>

TIMING-18#21 Warning
Missing input or output delay  
An output delay is missing on ddram_dq[1] relative to the rising and/or falling clock edge(s) of clk100.
Related violations: <none>

TIMING-18#22 Warning
Missing input or output delay  
An output delay is missing on ddram_dq[2] relative to the rising and/or falling clock edge(s) of clk100.
Related violations: <none>

TIMING-18#23 Warning
Missing input or output delay  
An output delay is missing on ddram_dq[3] relative to the rising and/or falling clock edge(s) of clk100.
Related violations: <none>

TIMING-18#24 Warning
Missing input or output delay  
An output delay is missing on ddram_dq[4] relative to the rising and/or falling clock edge(s) of clk100.
Related violations: <none>

TIMING-18#25 Warning
Missing input or output delay  
An output delay is missing on ddram_dq[5] relative to the rising and/or falling clock edge(s) of clk100.
Related violations: <none>

TIMING-18#26 Warning
Missing input or output delay  
An output delay is missing on ddram_dq[6] relative to the rising and/or falling clock edge(s) of clk100.
Related violations: <none>

TIMING-18#27 Warning
Missing input or output delay  
An output delay is missing on ddram_dq[7] relative to the rising and/or falling clock edge(s) of clk100.
Related violations: <none>

TIMING-18#28 Warning
Missing input or output delay  
An output delay is missing on ddram_dq[8] relative to the rising and/or falling clock edge(s) of clk100.
Related violations: <none>

TIMING-18#29 Warning
Missing input or output delay  
An output delay is missing on ddram_dq[9] relative to the rising and/or falling clock edge(s) of clk100.
Related violations: <none>

TIMING-18#30 Warning
Missing input or output delay  
An output delay is missing on ddram_dqs_n[0] relative to the rising and/or falling clock edge(s) of clk100.
Related violations: <none>

TIMING-18#31 Warning
Missing input or output delay  
An output delay is missing on ddram_dqs_n[1] relative to the rising and/or falling clock edge(s) of clk100.
Related violations: <none>

TIMING-18#32 Warning
Missing input or output delay  
An output delay is missing on ddram_dqs_p[0] relative to the rising and/or falling clock edge(s) of clk100.
Related violations: <none>

TIMING-18#33 Warning
Missing input or output delay  
An output delay is missing on ddram_dqs_p[1] relative to the rising and/or falling clock edge(s) of clk100.
Related violations: <none>

TIMING-18#34 Warning
Missing input or output delay  
An output delay is missing on qspi_flash_io0_io relative to the rising and/or falling clock edge(s) of control_system/design_1_i/clk_wiz/inst/clk_in1.
Related violations: <none>

TIMING-18#35 Warning
Missing input or output delay  
An output delay is missing on qspi_flash_io1_io relative to the rising and/or falling clock edge(s) of control_system/design_1_i/clk_wiz/inst/clk_in1.
Related violations: <none>

TIMING-18#36 Warning
Missing input or output delay  
An output delay is missing on qspi_flash_io2_io relative to the rising and/or falling clock edge(s) of control_system/design_1_i/clk_wiz/inst/clk_in1.
Related violations: <none>

TIMING-18#37 Warning
Missing input or output delay  
An output delay is missing on qspi_flash_io3_io relative to the rising and/or falling clock edge(s) of control_system/design_1_i/clk_wiz/inst/clk_in1.
Related violations: <none>

TIMING-18#38 Warning
Missing input or output delay  
An output delay is missing on qspi_flash_sck_io relative to the rising and/or falling clock edge(s) of control_system/design_1_i/clk_wiz/inst/clk_in1.
Related violations: <none>

TIMING-18#39 Warning
Missing input or output delay  
An output delay is missing on qspi_flash_ss_io relative to the rising and/or falling clock edge(s) of control_system/design_1_i/clk_wiz/inst/clk_in1.
Related violations: <none>

TIMING-18#40 Warning
Missing input or output delay  
An output delay is missing on serial_tx relative to the rising and/or falling clock edge(s) of clk100.
Related violations: <none>

TIMING-18#41 Warning
Missing input or output delay  
An output delay is missing on user_led0 relative to the rising and/or falling clock edge(s) of clk100.
Related violations: <none>

TIMING-18#42 Warning
Missing input or output delay  
An output delay is missing on user_led1 relative to the rising and/or falling clock edge(s) of clk100.
Related violations: <none>

TIMING-18#43 Warning
Missing input or output delay  
An output delay is missing on user_led2 relative to the rising and/or falling clock edge(s) of clk100.
Related violations: <none>

TIMING-18#44 Warning
Missing input or output delay  
An output delay is missing on user_led3 relative to the rising and/or falling clock edge(s) of clk100.
Related violations: <none>

XDCB-5#1 Warning
Runtime inefficient way to find pin objects  
The option '-from : [get_pins -hierarchical -filter {NAME =~ *ila_core_inst/u_trig/N_DDR_TC.N_DDR_TC_INST[*].U_TC/allx_typeA_match_detection.ltlib_v1_0_2_allx_typeA_inst/DUT/u_srl_drive/CLK}]' of constraint 'set_false_path' uses inefficient query to find pin objects (see constraint position '105' in the Timing Constraint window in Vivado IDE). To reduce runtime, it is recommended to get the pins through the cell objects. Please refer to Using Constraints Guide (Constraints Efficiency). An example of optimal query is: get_pins -filter {REF_PIN_NAME=~yy*} -of_objects [get_cells -hierarchical xx*].
Current XDC: /home/jsp/Storage/CFU-Playground/soc/build/digilent_arty.example_cfu/gateware/digilent_arty.gen/sources_1/bd/design_1/ip/design_1_system_ila_0_0/bd_0/ip/ip_0/ila_v6_2/constraints/ila.xdc (Line: 72)
Related violations: <none>

XDCB-5#2 Warning
Runtime inefficient way to find pin objects  
The option '-from : [get_pins -hierarchical -filter {NAME =~ *ila_core_inst/u_trig/N_DDR_TC.N_DDR_TC_INST[*].U_TC/allx_typeA_match_detection.ltlib_v1_0_2_allx_typeA_inst/DUT/u_srl_drive/CLK}]' of constraint 'set_false_path' uses inefficient query to find pin objects (see constraint position '160' in the Timing Constraint window in Vivado IDE). To reduce runtime, it is recommended to get the pins through the cell objects. Please refer to Using Constraints Guide (Constraints Efficiency). An example of optimal query is: get_pins -filter {REF_PIN_NAME=~yy*} -of_objects [get_cells -hierarchical xx*].
Current XDC: /home/jsp/Storage/CFU-Playground/soc/build/digilent_arty.example_cfu/gateware/digilent_arty.gen/sources_1/ip/ila_0/ila_v6_2/constraints/ila.xdc (Line: 72)
Related violations: <none>

XDCB-5#3 Warning
Runtime inefficient way to find pin objects  
The option '-from : [get_pins -hierarchical -filter {NAME =~ *ila_core_inst/u_trig/N_DDR_TC.N_DDR_TC_INST[*].U_TC/allx_typeA_match_detection.ltlib_v1_0_2_allx_typeA_inst/DUT/u_srl_drive/CLK}]' of constraint 'set_false_path' uses inefficient query to find pin objects (see constraint position '215' in the Timing Constraint window in Vivado IDE). To reduce runtime, it is recommended to get the pins through the cell objects. Please refer to Using Constraints Guide (Constraints Efficiency). An example of optimal query is: get_pins -filter {REF_PIN_NAME=~yy*} -of_objects [get_cells -hierarchical xx*].
Current XDC: /home/jsp/Storage/CFU-Playground/soc/build/digilent_arty.example_cfu/gateware/digilent_arty.gen/sources_1/ip/ila_1/ila_v6_2/constraints/ila.xdc (Line: 72)
Related violations: <none>

XDCB-5#4 Warning
Runtime inefficient way to find pin objects  
The option '-from : [get_pins -hierarchical -filter {NAME =~ *ila_core_inst/u_trig/N_DDR_TC.N_DDR_TC_INST[*].U_TC/allx_typeA_match_detection.ltlib_v1_0_2_allx_typeA_inst/DUT/u_srl_drive/CLK}]' of constraint 'set_false_path' uses inefficient query to find pin objects (see constraint position '50' in the Timing Constraint window in Vivado IDE). To reduce runtime, it is recommended to get the pins through the cell objects. Please refer to Using Constraints Guide (Constraints Efficiency). An example of optimal query is: get_pins -filter {REF_PIN_NAME=~yy*} -of_objects [get_cells -hierarchical xx*].
Current XDC: /home/jsp/Storage/CFU-Playground/soc/build/digilent_arty.example_cfu/gateware/digilent_arty.gen/sources_1/bd/design_1/ip/design_1_ila_0_1/ila_v6_2/constraints/ila.xdc (Line: 72)
Related violations: <none>

XDCB-5#5 Warning
Runtime inefficient way to find pin objects  
The option '-to : [get_pins -hierarchical -filter {NAME =~ *ila_core_inst/u_trig/N_DDR_TC.N_DDR_TC_INST[*].U_TC/yes_output_reg.dout_reg_reg/D}]' of constraint 'set_false_path' uses inefficient query to find pin objects (see constraint position '105' in the Timing Constraint window in Vivado IDE). To reduce runtime, it is recommended to get the pins through the cell objects. Please refer to Using Constraints Guide (Constraints Efficiency). An example of optimal query is: get_pins -filter {REF_PIN_NAME=~yy*} -of_objects [get_cells -hierarchical xx*].
Current XDC: /home/jsp/Storage/CFU-Playground/soc/build/digilent_arty.example_cfu/gateware/digilent_arty.gen/sources_1/bd/design_1/ip/design_1_system_ila_0_0/bd_0/ip/ip_0/ila_v6_2/constraints/ila.xdc (Line: 72)
Related violations: <none>

XDCB-5#6 Warning
Runtime inefficient way to find pin objects  
The option '-to : [get_pins -hierarchical -filter {NAME =~ *ila_core_inst/u_trig/N_DDR_TC.N_DDR_TC_INST[*].U_TC/yes_output_reg.dout_reg_reg/D}]' of constraint 'set_false_path' uses inefficient query to find pin objects (see constraint position '160' in the Timing Constraint window in Vivado IDE). To reduce runtime, it is recommended to get the pins through the cell objects. Please refer to Using Constraints Guide (Constraints Efficiency). An example of optimal query is: get_pins -filter {REF_PIN_NAME=~yy*} -of_objects [get_cells -hierarchical xx*].
Current XDC: /home/jsp/Storage/CFU-Playground/soc/build/digilent_arty.example_cfu/gateware/digilent_arty.gen/sources_1/ip/ila_0/ila_v6_2/constraints/ila.xdc (Line: 72)
Related violations: <none>

XDCB-5#7 Warning
Runtime inefficient way to find pin objects  
The option '-to : [get_pins -hierarchical -filter {NAME =~ *ila_core_inst/u_trig/N_DDR_TC.N_DDR_TC_INST[*].U_TC/yes_output_reg.dout_reg_reg/D}]' of constraint 'set_false_path' uses inefficient query to find pin objects (see constraint position '215' in the Timing Constraint window in Vivado IDE). To reduce runtime, it is recommended to get the pins through the cell objects. Please refer to Using Constraints Guide (Constraints Efficiency). An example of optimal query is: get_pins -filter {REF_PIN_NAME=~yy*} -of_objects [get_cells -hierarchical xx*].
Current XDC: /home/jsp/Storage/CFU-Playground/soc/build/digilent_arty.example_cfu/gateware/digilent_arty.gen/sources_1/ip/ila_1/ila_v6_2/constraints/ila.xdc (Line: 72)
Related violations: <none>

XDCB-5#8 Warning
Runtime inefficient way to find pin objects  
The option '-to : [get_pins -hierarchical -filter {NAME =~ *ila_core_inst/u_trig/N_DDR_TC.N_DDR_TC_INST[*].U_TC/yes_output_reg.dout_reg_reg/D}]' of constraint 'set_false_path' uses inefficient query to find pin objects (see constraint position '50' in the Timing Constraint window in Vivado IDE). To reduce runtime, it is recommended to get the pins through the cell objects. Please refer to Using Constraints Guide (Constraints Efficiency). An example of optimal query is: get_pins -filter {REF_PIN_NAME=~yy*} -of_objects [get_cells -hierarchical xx*].
Current XDC: /home/jsp/Storage/CFU-Playground/soc/build/digilent_arty.example_cfu/gateware/digilent_arty.gen/sources_1/bd/design_1/ip/design_1_ila_0_1/ila_v6_2/constraints/ila.xdc (Line: 72)
Related violations: <none>

REQP-1959#1 Advisory
connects_SERDES_RST_driver_not_FF  
arty_system/ISERDESE2: The RST pin should only be driven by a Flip-flop.
Related violations: <none>

REQP-1959#2 Advisory
connects_SERDES_RST_driver_not_FF  
arty_system/ISERDESE2_10: The RST pin should only be driven by a Flip-flop.
Related violations: <none>

REQP-1959#3 Advisory
connects_SERDES_RST_driver_not_FF  
arty_system/ISERDESE2_11: The RST pin should only be driven by a Flip-flop.
Related violations: <none>

REQP-1959#4 Advisory
connects_SERDES_RST_driver_not_FF  
arty_system/ISERDESE2_12: The RST pin should only be driven by a Flip-flop.
Related violations: <none>

REQP-1959#5 Advisory
connects_SERDES_RST_driver_not_FF  
arty_system/ISERDESE2_13: The RST pin should only be driven by a Flip-flop.
Related violations: <none>

REQP-1959#6 Advisory
connects_SERDES_RST_driver_not_FF  
arty_system/ISERDESE2_14: The RST pin should only be driven by a Flip-flop.
Related violations: <none>

REQP-1959#7 Advisory
connects_SERDES_RST_driver_not_FF  
arty_system/ISERDESE2_15: The RST pin should only be driven by a Flip-flop.
Related violations: <none>

REQP-1959#8 Advisory
connects_SERDES_RST_driver_not_FF  
arty_system/ISERDESE2_1: The RST pin should only be driven by a Flip-flop.
Related violations: <none>

REQP-1959#9 Advisory
connects_SERDES_RST_driver_not_FF  
arty_system/ISERDESE2_2: The RST pin should only be driven by a Flip-flop.
Related violations: <none>

REQP-1959#10 Advisory
connects_SERDES_RST_driver_not_FF  
arty_system/ISERDESE2_3: The RST pin should only be driven by a Flip-flop.
Related violations: <none>

REQP-1959#11 Advisory
connects_SERDES_RST_driver_not_FF  
arty_system/ISERDESE2_4: The RST pin should only be driven by a Flip-flop.
Related violations: <none>

REQP-1959#12 Advisory
connects_SERDES_RST_driver_not_FF  
arty_system/ISERDESE2_5: The RST pin should only be driven by a Flip-flop.
Related violations: <none>

REQP-1959#13 Advisory
connects_SERDES_RST_driver_not_FF  
arty_system/ISERDESE2_6: The RST pin should only be driven by a Flip-flop.
Related violations: <none>

REQP-1959#14 Advisory
connects_SERDES_RST_driver_not_FF  
arty_system/ISERDESE2_7: The RST pin should only be driven by a Flip-flop.
Related violations: <none>

REQP-1959#15 Advisory
connects_SERDES_RST_driver_not_FF  
arty_system/ISERDESE2_8: The RST pin should only be driven by a Flip-flop.
Related violations: <none>

REQP-1959#16 Advisory
connects_SERDES_RST_driver_not_FF  
arty_system/ISERDESE2_9: The RST pin should only be driven by a Flip-flop.
Related violations: <none>


