Copyright 1986-2022 Xilinx, Inc. All Rights Reserved. Copyright 2022-2024 Advanced Micro Devices, Inc. All Rights Reserved.
----------------------------------------------------------------------------------------------------------------------------------------------------------
| Tool Version     : Vivado v.2024.1 (lin64) Build 5076996 Wed May 22 18:36:09 MDT 2024
| Date             : Thu Dec  4 13:07:10 2025
| Host             : jsp-H370M-D3H running 64-bit Ubuntu 24.04.3 LTS
| Command          : report_power -file top_arty_cfu_power_routed.rpt -pb top_arty_cfu_power_summary_routed.pb -rpx top_arty_cfu_power_routed.rpx
| Design           : top_arty_cfu
| Device           : xc7a35ticsg324-1L
| Design State     : routed
| Grade            : industrial
| Process          : typical
| Characterization : Production
----------------------------------------------------------------------------------------------------------------------------------------------------------

Power Report

Table of Contents
-----------------
1. Summary
1.1 On-Chip Components
1.2 Power Supply Summary
1.3 Confidence Level
2. Settings
2.1 Environment
2.2 Clock Constraints
3. Detailed Reports
3.1 By Hierarchy

1. Summary
----------

+--------------------------+--------------+
| Total On-Chip Power (W)  | 0.701        |
| Design Power Budget (W)  | Unspecified* |
| Power Budget Margin (W)  | NA           |
| Dynamic (W)              | 0.636        |
| Device Static (W)        | 0.065        |
| Effective TJA (C/W)      | 4.8          |
| Max Ambient (C)          | 96.6         |
| Junction Temperature (C) | 28.4         |
| Confidence Level         | Low          |
| Setting File             | ---          |
| Simulation Activity File | ---          |
| Design Nets Matched      | NA           |
+--------------------------+--------------+
* Specify Design Power Budget using, set_operating_conditions -design_power_budget <value in Watts>


1.1 On-Chip Components
----------------------

+--------------------------+-----------+----------+-----------+-----------------+
| On-Chip                  | Power (W) | Used     | Available | Utilization (%) |
+--------------------------+-----------+----------+-----------+-----------------+
| Clocks                   |     0.061 |       13 |       --- |             --- |
| Slice Logic              |     0.031 |    31340 |       --- |             --- |
|   LUT as Logic           |     0.027 |    10676 |     20800 |           51.33 |
|   Register               |     0.002 |    14223 |     41600 |           34.19 |
|   CARRY4                 |    <0.001 |      467 |      8150 |            5.73 |
|   LUT as Distributed RAM |    <0.001 |      286 |      9600 |            2.98 |
|   LUT as Shift Register  |    <0.001 |      934 |      9600 |            9.73 |
|   F7/F8 Muxes            |    <0.001 |      165 |     32600 |            0.51 |
|   Others                 |     0.000 |     1336 |       --- |             --- |
| Signals                  |     0.047 |    23959 |       --- |             --- |
| Block RAM                |     0.053 |       35 |        50 |           70.00 |
| MMCM                     |     0.106 |        1 |         5 |           20.00 |
| PLL                      |     0.128 |        1 |         5 |           20.00 |
| DSPs                     |     0.004 |        7 |        90 |            7.78 |
| I/O                      |     0.207 |       68 |       210 |           32.38 |
| Static Power             |     0.065 |          |           |                 |
| Total                    |     0.701 |          |           |                 |
+--------------------------+-----------+----------+-----------+-----------------+


1.2 Power Supply Summary
------------------------

+-----------+-------------+-----------+-------------+------------+-------------+-------------+------------+
| Source    | Voltage (V) | Total (A) | Dynamic (A) | Static (A) | Powerup (A) | Budget (A)  | Margin (A) |
+-----------+-------------+-----------+-------------+------------+-------------+-------------+------------+
| Vccint    |       0.950 |     0.228 |       0.221 |      0.007 |       NA    | Unspecified | NA         |
| Vccaux    |       1.800 |     0.186 |       0.174 |      0.011 |       NA    | Unspecified | NA         |
| Vcco33    |       3.300 |     0.002 |       0.001 |      0.001 |       NA    | Unspecified | NA         |
| Vcco25    |       2.500 |     0.000 |       0.000 |      0.000 |       NA    | Unspecified | NA         |
| Vcco18    |       1.800 |     0.000 |       0.000 |      0.000 |       NA    | Unspecified | NA         |
| Vcco15    |       1.500 |     0.000 |       0.000 |      0.000 |       NA    | Unspecified | NA         |
| Vcco135   |       1.350 |     0.080 |       0.079 |      0.001 |       NA    | Unspecified | NA         |
| Vcco12    |       1.200 |     0.000 |       0.000 |      0.000 |       NA    | Unspecified | NA         |
| Vccaux_io |       1.800 |     0.000 |       0.000 |      0.000 |       NA    | Unspecified | NA         |
| Vccbram   |       0.950 |     0.004 |       0.004 |      0.001 |       NA    | Unspecified | NA         |
| MGTAVcc   |       1.000 |     0.000 |       0.000 |      0.000 |       NA    | Unspecified | NA         |
| MGTAVtt   |       1.200 |     0.000 |       0.000 |      0.000 |       NA    | Unspecified | NA         |
| Vccadc    |       1.800 |     0.018 |       0.000 |      0.018 |       NA    | Unspecified | NA         |
+-----------+-------------+-----------+-------------+------------+-------------+-------------+------------+


1.3 Confidence Level
--------------------

+-----------------------------+------------+--------------------------------------------------------+------------------------------------------------------------------------------------------------------------+
| User Input Data             | Confidence | Details                                                | Action                                                                                                     |
+-----------------------------+------------+--------------------------------------------------------+------------------------------------------------------------------------------------------------------------+
| Design implementation state | High       | Design is routed                                       |                                                                                                            |
| Clock nodes activity        | High       | User specified more than 95% of clocks                 |                                                                                                            |
| I/O nodes activity          | Low        | More than 75% of inputs are missing user specification | Provide missing input activity with simulation results or by editing the "By Resource Type -> I/Os" view   |
| Internal nodes activity     | Medium     | User specified less than 25% of internal nodes         | Provide missing internal nodes activity with simulation results or by editing the "By Resource Type" views |
| Device models               | High       | Device models are Production                           |                                                                                                            |
|                             |            |                                                        |                                                                                                            |
| Overall confidence level    | Low        |                                                        |                                                                                                            |
+-----------------------------+------------+--------------------------------------------------------+------------------------------------------------------------------------------------------------------------+


2. Settings
-----------

2.1 Environment
---------------

+-----------------------+--------------------------+
| Ambient Temp (C)      | 25.0                     |
| ThetaJA (C/W)         | 4.8                      |
| Airflow (LFM)         | 250                      |
| Heat Sink             | medium (Medium Profile)  |
| ThetaSA (C/W)         | 4.6                      |
| Board Selection       | medium (10"x10")         |
| # of Board Layers     | 12to15 (12 to 15 Layers) |
| Board Temperature (C) | 25.0                     |
+-----------------------+--------------------------+


2.2 Clock Constraints
---------------------

+--------------------------------------------------------------------------------------------+--------------------------------------------------------------------+-----------------+
| Clock                                                                                      | Domain                                                             | Constraint (ns) |
+--------------------------------------------------------------------------------------------+--------------------------------------------------------------------+-----------------+
| clk100                                                                                     | clk100                                                             |            10.0 |
| clk100                                                                                     | clk100_IBUF_BUFG                                                   |            10.0 |
| clk_out1_design_1_clk_wiz_1_1                                                              | control_system/design_1_i/clk_wiz/inst/clk_out1_design_1_clk_wiz_1 |            10.0 |
| clkfbout_design_1_clk_wiz_1_1                                                              | control_system/design_1_i/clk_wiz/inst/clkfbout_design_1_clk_wiz_1 |            10.0 |
| dbg_hub/inst/BSCANID.u_xsdbm_id/SWITCH_N_EXT_BSCAN.bscan_inst/SERIES7_BSCAN.bscan_inst/TCK | dbg_hub/inst/BSCANID.u_xsdbm_id/SWITCH_N_EXT_BSCAN.bscan_inst/TCK  |            33.0 |
| soc_builder_basesoc_pll_fb                                                                 | arty_system/soc_builder_basesoc_pll_fb                             |            10.0 |
| soc_crg_clkout0                                                                            | arty_system/soc_crg_clkout0                                        |            10.0 |
| soc_crg_clkout1                                                                            | arty_system/soc_crg_clkout1                                        |            40.0 |
| soc_crg_clkout2                                                                            | arty_system/soc_crg_clkout2                                        |             2.5 |
| soc_crg_clkout3                                                                            | arty_system/soc_crg_clkout3                                        |             2.5 |
| soc_crg_clkout4                                                                            | arty_system/soc_crg_clkout4                                        |             5.0 |
+--------------------------------------------------------------------------------------------+--------------------------------------------------------------------+-----------------+


3. Detailed Reports
-------------------

3.1 By Hierarchy
----------------

+-----------------------------------+-----------+
| Name                              | Power (W) |
+-----------------------------------+-----------+
| top_arty_cfu                      |     0.636 |
|   arty_system                     |     0.429 |
|     Cfu                           |     0.013 |
|       ila                         |     0.013 |
|     IOBUF                         |     0.004 |
|     IOBUFDS                       |     0.015 |
|       OBUFTDS                     |     0.003 |
|     IOBUFDS_1                     |     0.015 |
|       OBUFTDS                     |     0.003 |
|     IOBUF_1                       |     0.004 |
|     IOBUF_10                      |     0.004 |
|     IOBUF_11                      |     0.004 |
|     IOBUF_12                      |     0.004 |
|     IOBUF_13                      |     0.004 |
|     IOBUF_14                      |     0.004 |
|     IOBUF_15                      |     0.004 |
|     IOBUF_2                       |     0.004 |
|     IOBUF_3                       |     0.004 |
|     IOBUF_4                       |     0.004 |
|     IOBUF_5                       |     0.004 |
|     IOBUF_6                       |     0.004 |
|     IOBUF_7                       |     0.004 |
|     IOBUF_8                       |     0.004 |
|     IOBUF_9                       |     0.004 |
|     OBUFDS                        |     0.002 |
|     VexRiscv                      |     0.067 |
|       IBusCachedPlugin_cache      |     0.019 |
|       dataCache_1                 |     0.007 |
|   control_system                  |     0.143 |
|     design_1_i                    |     0.142 |
|       axi_quad_spi_0              |     0.004 |
|       clk_wiz                     |     0.106 |
|       dfx_controller_0            |     0.008 |
|       dfx_controller_0_axi_periph |     0.001 |
|       ila_0                       |     0.006 |
|       system_ila_0                |     0.017 |
|   dbg_hub                         |     0.003 |
|     inst                          |     0.003 |
|       BSCANID.u_xsdbm_id          |     0.003 |
|   top_ila                         |     0.008 |
|     inst                          |     0.008 |
|       ila_core_inst               |     0.008 |
+-----------------------------------+-----------+


