
*** Running vivado
    with args -log cfu_compute.vds -m64 -product Vivado -mode batch -messageDb vivado.pb -notrace -source cfu_compute.tcl


****** Vivado v2024.1 (64-bit)
  **** SW Build 5076996 on Wed May 22 18:36:09 MDT 2024
  **** IP Build 5075265 on Wed May 22 21:45:21 MDT 2024
  **** SharedData Build 5076995 on Wed May 22 18:29:18 MDT 2024
  **** Start of session at: Wed Nov 26 14:43:12 2025
    ** Copyright 1986-2022 Xilinx, Inc. All Rights Reserved.
    ** Copyright 2022-2024 Advanced Micro Devices, Inc. All Rights Reserved.

source cfu_compute.tcl -notrace
create_project: Time (s): cpu = 00:00:13 ; elapsed = 00:00:14 . Memory (MB): peak = 1360.551 ; gain = 24.840 ; free physical = 149 ; free virtual = 12021
INFO: [IP_Flow 19-234] Refreshing IP repositories
WARNING: [IP_Flow 19-2248] Failed to load user IP repository '/home/work/Xilinx/Vivado/2024.2/data/ip'; Can't find the specified path.
If this directory should no longer be in your list of user repositories, go to the IP Settings dialog and remove it.
WARNING: [IP_Flow 19-2248] Failed to load user IP repository '/home/primary/vivado-library/ip'; Can't find the specified path.
If this directory should no longer be in your list of user repositories, go to the IP Settings dialog and remove it.
INFO: [IP_Flow 19-2313] Loaded Vivado IP repository '/home/jsp/Storage/Vivado/2024.1/data/ip'.
Command: synth_design -top cfu_compute -part xc7z020clg400-1 -mode out_of_context
Starting synth_design
Attempting to get a license for feature 'Synthesis' and/or device 'xc7z020'
INFO: [Common 17-349] Got license for feature 'Synthesis' and/or device 'xc7z020'
INFO: [Device 21-403] Loading part xc7z020clg400-1
INFO: [Device 21-9227] Part: xc7z020clg400-1 does not have CEAM library.
INFO: [Synth 8-7079] Multithreading enabled for synth_design using a maximum of 4 processes.
INFO: [Synth 8-7078] Launching helper process for spawning children vivado processes
INFO: [Synth 8-7075] Helper process launched with PID 343731
---------------------------------------------------------------------------------
Starting RTL Elaboration : Time (s): cpu = 00:00:04 ; elapsed = 00:00:13 . Memory (MB): peak = 2152.578 ; gain = 412.715 ; free physical = 161 ; free virtual = 9303
---------------------------------------------------------------------------------
WARNING: [Synth 8-6901] identifier 'mul' is used before its declaration [/home/jsp/Storage/CFU_PYNQ_FIles/CFU_SRC/pynq_z2/pynq_z2/arunQAFDHGDZXVNBDXG_gae.srcs/Shift_Mul/imports/CFU_SRC/cfu2.v:48]
WARNING: [Synth 8-6901] identifier 'mulsh' is used before its declaration [/home/jsp/Storage/CFU_PYNQ_FIles/CFU_SRC/pynq_z2/pynq_z2/arunQAFDHGDZXVNBDXG_gae.srcs/Shift_Mul/imports/CFU_SRC/cfu2.v:48]
INFO: [Synth 8-6157] synthesizing module 'cfu_compute' [/home/jsp/Storage/CFU_PYNQ_FIles/CFU_SRC/pynq_z2/pynq_z2/arunQAFDHGDZXVNBDXG_gae.srcs/Shift_Mul/imports/CFU_SRC/cfu2.v:17]
INFO: [Synth 8-6155] done synthesizing module 'cfu_compute' (0#1) [/home/jsp/Storage/CFU_PYNQ_FIles/CFU_SRC/pynq_z2/pynq_z2/arunQAFDHGDZXVNBDXG_gae.srcs/Shift_Mul/imports/CFU_SRC/cfu2.v:17]
WARNING: [Synth 8-6014] Unused sequential element rsp_valid_s0_reg was removed.  [/home/jsp/Storage/CFU_PYNQ_FIles/CFU_SRC/pynq_z2/pynq_z2/arunQAFDHGDZXVNBDXG_gae.srcs/Shift_Mul/imports/CFU_SRC/cfu2.v:41]
WARNING: [Synth 8-3917] design cfu_compute has port cfu_id[2] driven by constant 0
WARNING: [Synth 8-3917] design cfu_compute has port cfu_id[1] driven by constant 1
WARNING: [Synth 8-3917] design cfu_compute has port cfu_id[0] driven by constant 0
WARNING: [Synth 8-7129] Port cmd_payload_function_id[9] in module cfu_compute is either unconnected or has no load
WARNING: [Synth 8-7129] Port cmd_payload_function_id[8] in module cfu_compute is either unconnected or has no load
WARNING: [Synth 8-7129] Port cmd_payload_function_id[7] in module cfu_compute is either unconnected or has no load
WARNING: [Synth 8-7129] Port cmd_payload_function_id[6] in module cfu_compute is either unconnected or has no load
WARNING: [Synth 8-7129] Port cmd_payload_function_id[5] in module cfu_compute is either unconnected or has no load
WARNING: [Synth 8-7129] Port cmd_payload_function_id[4] in module cfu_compute is either unconnected or has no load
WARNING: [Synth 8-7129] Port cmd_payload_function_id[2] in module cfu_compute is either unconnected or has no load
WARNING: [Synth 8-7129] Port cmd_payload_function_id[1] in module cfu_compute is either unconnected or has no load
WARNING: [Synth 8-7129] Port cmd_payload_function_id[0] in module cfu_compute is either unconnected or has no load
WARNING: [Synth 8-7129] Port reset in module cfu_compute is either unconnected or has no load
---------------------------------------------------------------------------------
Finished RTL Elaboration : Time (s): cpu = 00:00:06 ; elapsed = 00:00:23 . Memory (MB): peak = 2233.547 ; gain = 493.684 ; free physical = 1457 ; free virtual = 10460
---------------------------------------------------------------------------------
---------------------------------------------------------------------------------
Start Handling Custom Attributes
---------------------------------------------------------------------------------
---------------------------------------------------------------------------------
Finished Handling Custom Attributes : Time (s): cpu = 00:00:06 ; elapsed = 00:00:23 . Memory (MB): peak = 2248.391 ; gain = 508.527 ; free physical = 1982 ; free virtual = 10988
---------------------------------------------------------------------------------
---------------------------------------------------------------------------------
Finished RTL Optimization Phase 1 : Time (s): cpu = 00:00:06 ; elapsed = 00:00:23 . Memory (MB): peak = 2248.391 ; gain = 508.527 ; free physical = 1982 ; free virtual = 10988
---------------------------------------------------------------------------------
Netlist sorting complete. Time (s): cpu = 00:00:00 ; elapsed = 00:00:00 . Memory (MB): peak = 2248.391 ; gain = 0.000 ; free physical = 1972 ; free virtual = 10981
INFO: [Project 1-570] Preparing netlist for logic optimization

Processing XDC Constraints
Initializing timing engine
Completed Processing XDC Constraints

Netlist sorting complete. Time (s): cpu = 00:00:00 ; elapsed = 00:00:00 . Memory (MB): peak = 2376.172 ; gain = 0.000 ; free physical = 2180 ; free virtual = 11270
INFO: [Project 1-111] Unisim Transformation Summary:
No Unisim elements were transformed.

Constraint Validation Runtime : Time (s): cpu = 00:00:00.02 ; elapsed = 00:00:00.56 . Memory (MB): peak = 2376.172 ; gain = 0.000 ; free physical = 2164 ; free virtual = 11268
---------------------------------------------------------------------------------
Finished Constraint Validation : Time (s): cpu = 00:00:11 ; elapsed = 00:00:33 . Memory (MB): peak = 2376.172 ; gain = 636.309 ; free physical = 2669 ; free virtual = 11898
---------------------------------------------------------------------------------
---------------------------------------------------------------------------------
Start Loading Part and Timing Information
---------------------------------------------------------------------------------
Loading part: xc7z020clg400-1
---------------------------------------------------------------------------------
Finished Loading Part and Timing Information : Time (s): cpu = 00:00:11 ; elapsed = 00:00:33 . Memory (MB): peak = 2384.176 ; gain = 644.312 ; free physical = 2669 ; free virtual = 11898
---------------------------------------------------------------------------------
---------------------------------------------------------------------------------
Start Applying 'set_property' XDC Constraints
---------------------------------------------------------------------------------
---------------------------------------------------------------------------------
Finished applying 'set_property' XDC Constraints : Time (s): cpu = 00:00:11 ; elapsed = 00:00:33 . Memory (MB): peak = 2384.176 ; gain = 644.312 ; free physical = 2669 ; free virtual = 11898
---------------------------------------------------------------------------------
---------------------------------------------------------------------------------
Finished RTL Optimization Phase 2 : Time (s): cpu = 00:00:12 ; elapsed = 00:00:33 . Memory (MB): peak = 2384.176 ; gain = 644.312 ; free physical = 2631 ; free virtual = 11865
---------------------------------------------------------------------------------
---------------------------------------------------------------------------------
Start RTL Component Statistics 
---------------------------------------------------------------------------------
Detailed RTL Component Info : 
+---Adders : 
	   2 Input   32 Bit       Adders := 1     
+---Registers : 
	               32 Bit    Registers := 3     
	                1 Bit    Registers := 2     
+---Muxes : 
	   2 Input   32 Bit        Muxes := 1     
---------------------------------------------------------------------------------
Finished RTL Component Statistics 
---------------------------------------------------------------------------------
---------------------------------------------------------------------------------
Start Part Resource Summary
---------------------------------------------------------------------------------
Part Resources:
DSPs: 220 (col length:60)
BRAMs: 280 (col length: RAMB18 60 RAMB36 30)
---------------------------------------------------------------------------------
Finished Part Resource Summary
---------------------------------------------------------------------------------
---------------------------------------------------------------------------------
Start Cross Boundary and Area Optimization
---------------------------------------------------------------------------------
WARNING: [Synth 8-7080] Parallel synthesis criteria is not met
WARNING: [Synth 8-3917] design cfu_compute has port cfu_id[2] driven by constant 0
WARNING: [Synth 8-3917] design cfu_compute has port cfu_id[1] driven by constant 1
WARNING: [Synth 8-3917] design cfu_compute has port cfu_id[0] driven by constant 0
WARNING: [Synth 8-7129] Port cmd_payload_function_id[9] in module cfu_compute is either unconnected or has no load
WARNING: [Synth 8-7129] Port cmd_payload_function_id[8] in module cfu_compute is either unconnected or has no load
WARNING: [Synth 8-7129] Port cmd_payload_function_id[7] in module cfu_compute is either unconnected or has no load
WARNING: [Synth 8-7129] Port cmd_payload_function_id[6] in module cfu_compute is either unconnected or has no load
WARNING: [Synth 8-7129] Port cmd_payload_function_id[5] in module cfu_compute is either unconnected or has no load
WARNING: [Synth 8-7129] Port cmd_payload_function_id[4] in module cfu_compute is either unconnected or has no load
WARNING: [Synth 8-7129] Port cmd_payload_function_id[2] in module cfu_compute is either unconnected or has no load
WARNING: [Synth 8-7129] Port cmd_payload_function_id[1] in module cfu_compute is either unconnected or has no load
WARNING: [Synth 8-7129] Port cmd_payload_function_id[0] in module cfu_compute is either unconnected or has no load
WARNING: [Synth 8-7129] Port reset in module cfu_compute is either unconnected or has no load
---------------------------------------------------------------------------------
Finished Cross Boundary and Area Optimization : Time (s): cpu = 00:00:12 ; elapsed = 00:00:34 . Memory (MB): peak = 2384.176 ; gain = 644.312 ; free physical = 2544 ; free virtual = 11832
---------------------------------------------------------------------------------
---------------------------------------------------------------------------------
Start Applying XDC Timing Constraints
---------------------------------------------------------------------------------
---------------------------------------------------------------------------------
Finished Applying XDC Timing Constraints : Time (s): cpu = 00:00:18 ; elapsed = 00:00:40 . Memory (MB): peak = 2384.176 ; gain = 644.312 ; free physical = 2478 ; free virtual = 11813
---------------------------------------------------------------------------------
---------------------------------------------------------------------------------
Start Timing Optimization
---------------------------------------------------------------------------------
---------------------------------------------------------------------------------
Finished Timing Optimization : Time (s): cpu = 00:00:18 ; elapsed = 00:00:40 . Memory (MB): peak = 2384.176 ; gain = 644.312 ; free physical = 2478 ; free virtual = 11813
---------------------------------------------------------------------------------
---------------------------------------------------------------------------------
Start Technology Mapping
---------------------------------------------------------------------------------
---------------------------------------------------------------------------------
Finished Technology Mapping : Time (s): cpu = 00:00:18 ; elapsed = 00:00:40 . Memory (MB): peak = 2384.176 ; gain = 644.312 ; free physical = 2478 ; free virtual = 11813
---------------------------------------------------------------------------------
---------------------------------------------------------------------------------
Start IO Insertion
---------------------------------------------------------------------------------
---------------------------------------------------------------------------------
Start Flattening Before IO Insertion
---------------------------------------------------------------------------------
---------------------------------------------------------------------------------
Finished Flattening Before IO Insertion
---------------------------------------------------------------------------------
---------------------------------------------------------------------------------
Start Final Netlist Cleanup
---------------------------------------------------------------------------------
---------------------------------------------------------------------------------
Finished Final Netlist Cleanup
---------------------------------------------------------------------------------
---------------------------------------------------------------------------------
Finished IO Insertion : Time (s): cpu = 00:00:21 ; elapsed = 00:00:43 . Memory (MB): peak = 2384.176 ; gain = 644.312 ; free physical = 2479 ; free virtual = 11826
---------------------------------------------------------------------------------
---------------------------------------------------------------------------------
Start Renaming Generated Instances
---------------------------------------------------------------------------------
---------------------------------------------------------------------------------
Finished Renaming Generated Instances : Time (s): cpu = 00:00:21 ; elapsed = 00:00:43 . Memory (MB): peak = 2384.176 ; gain = 644.312 ; free physical = 2479 ; free virtual = 11826
---------------------------------------------------------------------------------
---------------------------------------------------------------------------------
Start Rebuilding User Hierarchy
---------------------------------------------------------------------------------
---------------------------------------------------------------------------------
Finished Rebuilding User Hierarchy : Time (s): cpu = 00:00:21 ; elapsed = 00:00:43 . Memory (MB): peak = 2384.176 ; gain = 644.312 ; free physical = 2479 ; free virtual = 11826
---------------------------------------------------------------------------------
---------------------------------------------------------------------------------
Start Renaming Generated Ports
---------------------------------------------------------------------------------
---------------------------------------------------------------------------------
Finished Renaming Generated Ports : Time (s): cpu = 00:00:21 ; elapsed = 00:00:43 . Memory (MB): peak = 2384.176 ; gain = 644.312 ; free physical = 2479 ; free virtual = 11826
---------------------------------------------------------------------------------
---------------------------------------------------------------------------------
Start Handling Custom Attributes
---------------------------------------------------------------------------------
---------------------------------------------------------------------------------
Finished Handling Custom Attributes : Time (s): cpu = 00:00:21 ; elapsed = 00:00:43 . Memory (MB): peak = 2384.176 ; gain = 644.312 ; free physical = 2479 ; free virtual = 11826
---------------------------------------------------------------------------------
---------------------------------------------------------------------------------
Start Renaming Generated Nets
---------------------------------------------------------------------------------
---------------------------------------------------------------------------------
Finished Renaming Generated Nets : Time (s): cpu = 00:00:21 ; elapsed = 00:00:43 . Memory (MB): peak = 2384.176 ; gain = 644.312 ; free physical = 2479 ; free virtual = 11826
---------------------------------------------------------------------------------
---------------------------------------------------------------------------------
Start Writing Synthesis Report
---------------------------------------------------------------------------------

Report BlackBoxes: 
+-+--------------+----------+
| |BlackBox name |Instances |
+-+--------------+----------+
+-+--------------+----------+

Report Cell Usage: 
+------+-------+------+
|      |Cell   |Count |
+------+-------+------+
|1     |CARRY4 |     8|
|2     |LUT3   |     4|
|3     |LUT4   |    28|
|4     |FDRE   |    98|
+------+-------+------+
---------------------------------------------------------------------------------
Finished Writing Synthesis Report : Time (s): cpu = 00:00:21 ; elapsed = 00:00:43 . Memory (MB): peak = 2384.176 ; gain = 644.312 ; free physical = 2479 ; free virtual = 11826
---------------------------------------------------------------------------------
Synthesis finished with 0 errors, 0 critical warnings and 14 warnings.
Synthesis Optimization Runtime : Time (s): cpu = 00:00:20 ; elapsed = 00:00:38 . Memory (MB): peak = 2384.176 ; gain = 516.531 ; free physical = 2479 ; free virtual = 11826
Synthesis Optimization Complete : Time (s): cpu = 00:00:21 ; elapsed = 00:00:43 . Memory (MB): peak = 2384.184 ; gain = 644.312 ; free physical = 2479 ; free virtual = 11826
INFO: [Project 1-571] Translating synthesized netlist
Netlist sorting complete. Time (s): cpu = 00:00:00 ; elapsed = 00:00:00 . Memory (MB): peak = 2384.184 ; gain = 0.000 ; free physical = 2479 ; free virtual = 11826
INFO: [Netlist 29-17] Analyzing 8 Unisim elements for replacement
INFO: [Netlist 29-28] Unisim Transformation completed in 0 CPU seconds
INFO: [Project 1-570] Preparing netlist for logic optimization
INFO: [Opt 31-138] Pushed 0 inverter(s) to 0 load pin(s).
Netlist sorting complete. Time (s): cpu = 00:00:00 ; elapsed = 00:00:00 . Memory (MB): peak = 2384.184 ; gain = 0.000 ; free physical = 2665 ; free virtual = 12014
INFO: [Project 1-111] Unisim Transformation Summary:
No Unisim elements were transformed.

Synth Design complete | Checksum: de0eed4a
INFO: [Common 17-83] Releasing license: Synthesis
19 Infos, 32 Warnings, 0 Critical Warnings and 0 Errors encountered.
synth_design completed successfully
synth_design: Time (s): cpu = 00:00:30 ; elapsed = 00:00:49 . Memory (MB): peak = 2384.184 ; gain = 1009.758 ; free physical = 2663 ; free virtual = 12012
INFO: [Common 17-2834] synth_design peak Physical Memory [PSS] (MB): overall = 1691.993; main = 1342.272; forked = 355.701
INFO: [Common 17-2834] synth_design peak Virtual Memory [VSS] (MB): overall = 3463.352; main = 2384.180; forked = 1079.172
Write ShapeDB Complete: Time (s): cpu = 00:00:00 ; elapsed = 00:00:00 . Memory (MB): peak = 2408.188 ; gain = 0.000 ; free physical = 2663 ; free virtual = 12012
INFO: [Common 17-1381] The checkpoint '/home/jsp/Storage/CFU_PYNQ_FIles/CFU_SRC/pynq_z2/pynq_z2/arunQAFDHGDZXVNBDXG_gae.runs/Shift_Mul_synth_1/cfu_compute.dcp' has been generated.
INFO: [Vivado 12-24828] Executing command : report_utilization -file cfu_compute_utilization_synth.rpt -pb cfu_compute_utilization_synth.pb
INFO: [Common 17-206] Exiting Vivado at Wed Nov 26 14:44:21 2025...
