Archive member included to satisfy reference by file (symbol)

/home/jsp/Storage/CFU-Playground/soc/build/digilent_arty.donut-accel/software/libbase/libbase.a(console.o)
                              src/donut.o (readchar_nonblock)
/home/jsp/Storage/CFU-Playground/soc/build/digilent_arty.donut-accel/software/libbase/libbase.a(uart.o)
                              src/base.o (uart_isr)
/home/jsp/Storage/CFU-Playground/soc/build/digilent_arty.donut-accel/software/libcompiler_rt/libcompiler_rt.a(umodsi3.o)
                              src/third_party/embench_iot_v1/src/nettle-aes/nettle-aes.o (__umodsi3)
/home/jsp/Storage/CFU-Playground/soc/build/digilent_arty.donut-accel/software/libcompiler_rt/libcompiler_rt.a(udivsi3.o)
                              /home/jsp/Storage/CFU-Playground/soc/build/digilent_arty.donut-accel/software/libcompiler_rt/libcompiler_rt.a(umodsi3.o) (__udivsi3)
/home/jsp/Storage/CFU-Playground/soc/build/digilent_arty.donut-accel/software/libcompiler_rt/libcompiler_rt.a(divsi3.o)
                              src/donut.o (__divsi3)
/home/jsp/Storage/CFU-Playground/soc/build/digilent_arty.donut-accel/software/libcompiler_rt/libcompiler_rt.a(modsi3.o)
                              src/third_party/embench_iot_v1/src/wikisort/libwikisort.o (__modsi3)
/home/jsp/Storage/CFU-Playground/soc/build/digilent_arty.donut-accel/software/libcompiler_rt/libcompiler_rt.a(comparesf2.o)
                              src/third_party/embench_iot_v1/src/minver/libminver.o (__lesf2)
/home/jsp/Storage/CFU-Playground/soc/build/digilent_arty.donut-accel/software/libcompiler_rt/libcompiler_rt.a(comparedf2.o)
                              src/third_party/embench_iot_v1/src/cubic/libcubic.o (__ledf2)
/home/jsp/Storage/CFU-Playground/soc/build/digilent_arty.donut-accel/software/libcompiler_rt/libcompiler_rt.a(addsf3.o)
                              src/third_party/embench_iot_v1/src/minver/libminver.o (__addsf3)
/home/jsp/Storage/CFU-Playground/soc/build/digilent_arty.donut-accel/software/libcompiler_rt/libcompiler_rt.a(subsf3.o)
                              src/third_party/embench_iot_v1/src/minver/libminver.o (__subsf3)
/home/jsp/Storage/CFU-Playground/soc/build/digilent_arty.donut-accel/software/libcompiler_rt/libcompiler_rt.a(mulsf3.o)
                              src/third_party/embench_iot_v1/src/minver/libminver.o (__mulsf3)
/home/jsp/Storage/CFU-Playground/soc/build/digilent_arty.donut-accel/software/libcompiler_rt/libcompiler_rt.a(divsf3.o)
                              src/third_party/embench_iot_v1/src/minver/libminver.o (__divsf3)
/home/jsp/Storage/CFU-Playground/soc/build/digilent_arty.donut-accel/software/libcompiler_rt/libcompiler_rt.a(divdi3.o)
                              src/instruction_handler.o (__divdi3)
/home/jsp/Storage/CFU-Playground/soc/build/digilent_arty.donut-accel/software/libcompiler_rt/libcompiler_rt.a(udivmoddi4.o)
                              /home/jsp/Storage/CFU-Playground/soc/build/digilent_arty.donut-accel/software/libcompiler_rt/libcompiler_rt.a(divdi3.o) (__udivmoddi4)
/home/jsp/Storage/CFU-Playground/soc/build/digilent_arty.donut-accel/software/libcompiler_rt/libcompiler_rt.a(floatsisf.o)
                              src/playground_util/util_tests.o (__floatsisf)
/home/jsp/Storage/CFU-Playground/soc/build/digilent_arty.donut-accel/software/libcompiler_rt/libcompiler_rt.a(fixsfsi.o)
                              src/playground_util/util_tests.o (__fixsfsi)
/home/jsp/Storage/CFU-Playground/soc/build/digilent_arty.donut-accel/software/libcompiler_rt/libcompiler_rt.a(adddf3.o)
                              src/third_party/embench_iot_v1/src/cubic/basicmath_small.o (__adddf3)
/home/jsp/Storage/CFU-Playground/soc/build/digilent_arty.donut-accel/software/libcompiler_rt/libcompiler_rt.a(subdf3.o)
                              src/third_party/embench_iot_v1/src/cubic/basicmath_small.o (__subdf3)
/home/jsp/Storage/CFU-Playground/soc/build/digilent_arty.donut-accel/software/libcompiler_rt/libcompiler_rt.a(muldf3.o)
                              src/third_party/embench_iot_v1/src/cubic/libcubic.o (__muldf3)
/home/jsp/Storage/CFU-Playground/soc/build/digilent_arty.donut-accel/software/libcompiler_rt/libcompiler_rt.a(divdf3.o)
                              src/third_party/embench_iot_v1/src/cubic/libcubic.o (__divdf3)
/home/jsp/Storage/CFU-Playground/soc/build/digilent_arty.donut-accel/software/libcompiler_rt/libcompiler_rt.a(floatsidf.o)
                              src/third_party/embench_iot_v1/src/st/libst.o (__floatsidf)
/home/jsp/Storage/CFU-Playground/soc/build/digilent_arty.donut-accel/software/libcompiler_rt/libcompiler_rt.a(fixdfsi.o)
                              src/third_party/embench_iot_v1/src/wikisort/libwikisort.o (__fixdfsi)
/home/jsp/Storage/CFU-Playground/soc/build/digilent_arty.donut-accel/software/libcompiler_rt/libcompiler_rt.a(clzsi2.o)
[...]
Memory Configuration

Name             Origin             Length             Attributes
rom              0x0000000000000000 0x0000000000020000
sram             0x0000000010000000 0x0000000000002000
main_ram         0x0000000040000000 0x0000000010000000
csr              0x00000000f0000000 0x0000000000010000
*default*        0x0000000000000000 0xffffffffffffffff

Linker script and memory map

LOAD src/BigFont.o
LOAD src/base.o
LOAD src/benchmarks.o
LOAD src/donut.o
LOAD src/fb_util.o
LOAD src/main.o
LOAD src/playground_util/random.o
LOAD src/spiflash.o
LOAD src/stdio.o
LOAD src/third_party/embench_iot_v1/embench.o
LOAD src/third_party/embench_iot_v1/src/aha-mont64/mont64.o
LOAD src/third_party/embench_iot_v1/src/crc32/crc_32.o
LOAD src/third_party/embench_iot_v1/src/cubic/basicmath_small.o
LOAD src/third_party/embench_iot_v1/src/cubic/libcubic.o
LOAD src/third_party/embench_iot_v1/src/edn/libedn.o
LOAD src/third_party/embench_iot_v1/src/embench_wrapper.o
LOAD src/third_party/embench_iot_v1/src/huffbench/libhuffbench.o
LOAD src/third_party/embench_iot_v1/src/matmult-int/matmult-int.o
LOAD src/third_party/embench_iot_v1/src/md5sum/md5.o
LOAD src/third_party/embench_iot_v1/src/minver/libminver.o
LOAD src/third_party/embench_iot_v1/src/nbody/nbody.o
LOAD src/third_party/embench_iot_v1/src/nettle-aes/nettle-aes.o
LOAD src/third_party/embench_iot_v1/src/nettle-sha256/nettle-sha256.o
LOAD src/third_party/embench_iot_v1/src/nsichneu/libnsichneu.o
LOAD src/third_party/embench_iot_v1/src/picojpeg/libpicojpeg.o
LOAD src/third_party/embench_iot_v1/src/picojpeg/picojpeg_test.o
LOAD src/third_party/embench_iot_v1/src/primecount/primecount.o
LOAD src/third_party/embench_iot_v1/src/qrduino/qrencode.o
LOAD src/third_party/embench_iot_v1/src/qrduino/qrframe.o
LOAD src/third_party/embench_iot_v1/src/qrduino/qrtest.o
LOAD src/third_party/embench_iot_v1/src/slre/libslre.o
LOAD src/third_party/embench_iot_v1/src/st/libst.o
LOAD src/third_party/embench_iot_v1/src/statemate/libstatemate.o
LOAD src/third_party/embench_iot_v1/src/tarfind/tarfind.o
LOAD src/third_party/embench_iot_v1/src/ud/libud.o
LOAD src/third_party/embench_iot_v1/src/wikisort/libwikisort.o
LOAD src/third_party/embench_iot_v1/support/beebsc.o
LOAD src/functional_cfu_tests.o
LOAD src/instruction_handler.o
LOAD src/menu.o
LOAD src/perf.o
LOAD src/playground_util/dump.o
LOAD src/playground_util/murmurhash.o
LOAD src/playground_util/print_params.o
LOAD src/playground_util/util_tests.o
LOAD src/proj_menu.o
LOAD src/proj_tflite.o
LOAD src/software_cfu.o
LOAD src/tflite.o
LOAD src/tflite_unit_tests.o
LOAD src/crt0-vexriscv.o
LOAD /home/jsp/Storage/CFU-Playground/soc/build/digilent_arty.donut-accel/software/libbase/libbase.a
LOAD /home/jsp/Storage/CFU-Playground/soc/build/digilent_arty.donut-accel/software/libcompiler_rt/libcompiler_rt.a
                0x0000000000000000                __DYNAMIC = 0x0

.text           0x0000000040000000     0x3ac8
                0x0000000040000000                _ftext = .
 *(.text.start)
 .text.start    0x0000000040000000       0x20 src/crt0-vexriscv.o
                0x0000000040000000                _start
 *(.text .stub .text.* .gnu.linkonce.t.*)
 .text.trap_handler
                0x0000000040000020       0x2c src/base.o
                0x0000000040000020                trap_handler
 .text.init_runtime
                0x000000004000004c       0x10 src/base.o
                0x000000004000004c                init_runtime
 .text.read_val
                0x000000004000005c       0xb0 src/base.o
                0x000000004000005c                read_val
 .text.do_increment_mem
                0x000000004000010c       0xb0 src/benchmarks.o
 .text.do_stores
                0x00000000400001bc       0xb0 src/benchmarks.o
 .text.do_loads_strided
                0x000000004000026c       0xa0 src/benchmarks.o
 .text.do_loads_cached
                0x000000004000030c       0xb0 src/benchmarks.o
 .text.do_loads
                0x00000000400003bc       0xa0 src/benchmarks.o
 .text.do_benchmarks_menu
                0x000000004000045c        0xc src/benchmarks.o
                0x000000004000045c                do_benchmarks_menu
 .text.donut    0x0000000040000468      0x494 src/donut.o
                0x0000000040000468                donut
 .text.startup.main
                0x00000000400008fc       0x3c src/main.o
                0x00000000400008fc                main
 .text.readchar
                0x0000000040000938       0x1c src/stdio.o
                0x0000000040000938                readchar
 .text.no_menu  0x0000000040000954        0x4 src/third_party/embench_iot_v1/embench.o
                0x0000000040000954                no_menu
 .text.embench_menu
                0x0000000040000958        0xc src/third_party/embench_iot_v1/embench.o
                0x0000000040000958                embench_menu
 .text._ZN12_GLOBAL__N_120do_interactive_testsEv
                0x0000000040000964      0x158 src/functional_cfu_tests.o
 .text._ZN12_GLOBAL__N_114do_fixed_testsEv
                0x0000000040000abc       0x98 src/functional_cfu_tests.o
 .text._ZN12_GLOBAL__N_116do_compare_testsEv
                0x0000000040000b54      0x1a0 src/functional_cfu_tests.o
 .text.do_functional_cfu_tests
                0x0000000040000cf4        0xc src/functional_cfu_tests.o
                0x0000000040000cf4                do_functional_cfu_tests
 .text.instruction_handler
                0x0000000040000d00      0x144 src/instruction_handler.o
                0x0000000040000d00                instruction_handler
 .text.do_instruction_tests
                0x0000000040000e44        0xc src/instruction_handler.o
                0x0000000040000e44                do_instruction_tests
 .text.menu_run
                0x0000000040000e50      0x170 src/menu.o
                0x0000000040000e50                menu_run
 .text._ZL12do_perf_showv
                0x0000000040000fc0       0x4c src/perf.o
 .text._ZL13do_perf_set_1v
                0x000000004000100c       0x20 src/perf.o
 .text._ZL13do_perf_set_0v
                0x000000004000102c       0x1c src/perf.o
 .text._ZL12do_perf_zerov
                0x0000000040001048       0x30 src/perf.o
 .text._ZL13do_perf_pausev
                0x0000000040001078       0x14 src/perf.o
 .text._ZL14do_perf_enablev
                0x000000004000108c       0x14 src/perf.o
 .text._ZL15do_perf_measurev
                0x00000000400010a0       0xc8 src/perf.o
 .text.perf_test_menu
                0x0000000040001168        0xc src/perf.o
                0x0000000040001168                perf_test_menu
 .text.murmurhash3_32
                0x0000000040001174      0x100 src/playground_util/murmurhash.o
                0x0000000040001174                murmurhash3_32
 .text._ZN12_GLOBAL__N_115do_murmur_testsEv
                0x0000000040001274      0x148 src/playground_util/util_tests.o
 .text._ZN12_GLOBAL__N_16do_fpuEv
                0x00000000400013bc      0x300 src/playground_util/util_tests.o
 .text.do_util_tests_menu
                0x00000000400016bc        0xc src/playground_util/util_tests.o
                0x00000000400016bc                do_util_tests_menu
 .text._ZN12_GLOBAL__N_114do_hello_worldEv
                0x00000000400016c8        0xc src/proj_menu.o
 .text._ZN12_GLOBAL__N_115do_grid_cfu_op1Ev
                0x00000000400016d4       0xcc src/proj_menu.o
 .text._ZN12_GLOBAL__N_115do_grid_cfu_op0Ev
                0x00000000400017a0       0xcc src/proj_menu.o
 .text._ZN12_GLOBAL__N_119do_exercise_cfu_op1Ev
                0x000000004000186c      0x138 src/proj_menu.o
 .text._ZN12_GLOBAL__N_119do_exercise_cfu_op0Ev
                0x00000000400019a4      0x198 src/proj_menu.o
 .text.do_proj_menu
                0x0000000040001b3c        0xc src/proj_menu.o
                0x0000000040001b3c                do_proj_menu
 .text.software_cfu
                0x0000000040001b48       0x14 src/software_cfu.o
                0x0000000040001b48                software_cfu
 .text          0x0000000040001b5c      0x17c src/crt0-vexriscv.o
                0x0000000040001b5c                trap_entry
 .text          0x0000000040001cd8        0x4 /home/jsp/Storage/CFU-Playground/soc/build/digilent_arty.donut-accel/software/libbase/libbase.a(console.o)
                0x0000000040001cd8                readchar_nonblock
 .text          0x0000000040001cdc      0x20c /home/jsp/Storage/CFU-Playground/soc/build/digilent_arty.donut-accel/software/libbase/libbase.a(uart.o)
                0x0000000040001cdc                uart_isr
                0x0000000040001da4                uart_read
                0x0000000040001df8                uart_read_nonblock
                0x0000000040001e14                uart_write
                0x0000000040001e8c                uart_init
                0x0000000040001ed0                uart_sync
 .text          0x0000000040001ee8       0x38 /home/jsp/Storage/CFU-Playground/soc/build/digilent_arty.donut-accel/software/libcompiler_rt/libcompiler_rt.a(umodsi3.o)
                0x0000000040001ee8                __umodsi3
 .text          0x0000000040001f20       0xc0 /home/jsp/Storage/CFU-Playground/soc/build/digilent_arty.donut-accel/software/libcompiler_rt/libcompiler_rt.a(udivsi3.o)
                0x0000000040001f20                __udivsi3
 .text          0x0000000040001fe0       0x44 /home/jsp/Storage/CFU-Playground/soc/build/digilent_arty.donut-accel/software/libcompiler_rt/libcompiler_rt.a(divsi3.o)
                0x0000000040001fe0                __divsi3
 .text          0x0000000040002024      0x100 /home/jsp/Storage/CFU-Playground/soc/build/digilent_arty.donut-accel/software/libcompiler_rt/libcompiler_rt.a(comparesf2.o)
                0x0000000040002024                __lesf2
                0x0000000040002024                __cmpsf2
                0x0000000040002084                __gesf2
                0x00000000400020e4                __unordsf2
                0x0000000040002114                __eqsf2
                0x0000000040002118                __ltsf2
                0x000000004000211c                __nesf2
                0x0000000040002120                __gtsf2
 .text          0x0000000040002124      0x254 /home/jsp/Storage/CFU-Playground/soc/build/digilent_arty.donut-accel/software/libcompiler_rt/libcompiler_rt.a(addsf3.o)
                0x0000000040002124                __addsf3
 .text          0x0000000040002378        0xc /home/jsp/Storage/CFU-Playground/soc/build/digilent_arty.donut-accel/software/libcompiler_rt/libcompiler_rt.a(subsf3.o)
                0x0000000040002378                __subsf3
 .text          0x0000000040002384      0x214 /home/jsp/Storage/CFU-Playground/soc/build/digilent_arty.donut-accel/software/libcompiler_rt/libcompiler_rt.a(mulsf3.o)
                0x0000000040002384                __mulsf3
 .text          0x0000000040002598      0x238 /home/jsp/Storage/CFU-Playground/soc/build/digilent_arty.donut-accel/software/libcompiler_rt/libcompiler_rt.a(divsf3.o)
                0x0000000040002598                __divsf3
 .text          0x00000000400027d0       0x78 /home/jsp/Storage/CFU-Playground/soc/build/digilent_arty.donut-accel/software/libcompiler_rt/libcompiler_rt.a(divdi3.o)
                0x00000000400027d0                __divdi3
 .text          0x0000000040002848      0x2e4 /home/jsp/Storage/CFU-Playground/soc/build/digilent_arty.donut-accel/software/libcompiler_rt/libcompiler_rt.a(udivmoddi4.o)
                0x0000000040002848                __udivmoddi4
 .text          0x0000000040002b2c       0xbc /home/jsp/Storage/CFU-Playground/soc/build/digilent_arty.donut-accel/software/libcompiler_rt/libcompiler_rt.a(floatsisf.o)
                0x0000000040002b2c                __floatsisf
 .text          0x0000000040002be8       0x7c /home/jsp/Storage/CFU-Playground/soc/build/digilent_arty.donut-accel/software/libcompiler_rt/libcompiler_rt.a(fixsfsi.o)
                0x0000000040002be8                __fixsfsi
 .text          0x0000000040002c64       0x98 /home/jsp/Storage/CFU-Playground/soc/build/digilent_arty.donut-accel/software/libcompiler_rt/libcompiler_rt.a(clzsi2.o)
                0x0000000040002c64                __clzsi2
 .text          0x0000000040002cfc       0x78 /home/jsp/Storage/CFU-Playground/soc/build/digilent_arty.donut-accel/software/libcompiler_rt/libcompiler_rt.a(ctzsi2.o)
                0x0000000040002cfc                __ctzsi2
 .text          0x0000000040002d74        0x8 /home/jsp/Storage/CFU-Playground/soc/build/digilent_arty.donut-accel/software/libcompiler_rt/libcompiler_rt.a(udivdi3.o)
                0x0000000040002d74                __udivdi3
 .text          0x0000000040002d7c       0x24 /home/jsp/Storage/CFU-Playground/soc/build/digilent_arty.donut-accel/software/libcompiler_rt/libcompiler_rt.a(umoddi3.o)
                0x0000000040002d7c                __umoddi3
 .text          0x0000000040002da0       0x7c /home/jsp/Storage/CFU-Playground/soc/build/digilent_arty.donut-accel/software/libcompiler_rt/libcompiler_rt.a(moddi3.o)
                0x0000000040002da0                __moddi3
 .text._strtol_l.part.0
                0x0000000040002e1c      0x1fc /home/jsp/Storage/CFU-Playground/soc/build/digilent_arty.donut-accel/software/libc/libc.a(libc_stdlib_strtol.c.o)
 .text.strtol   0x0000000040003018       0x38 /home/jsp/Storage/CFU-Playground/soc/build/digilent_arty.donut-accel/software/libc/libc.a(libc_stdlib_strtol.c.o)
                0x0000000040003018                strtol
 .text.getchar  0x0000000040003050        0xc /home/jsp/Storage/CFU-Playground/soc/build/digilent_arty.donut-accel/software/libc/libc.a(libc_tinystdio_getchar.c.o)
                0x0000000040003050                getchar
 .text.printf   0x000000004000305c       0x48 /home/jsp/Storage/CFU-Playground/soc/build/digilent_arty.donut-accel/software/libc/libc.a(libc_tinystdio_printf.c.o)
                0x000000004000305c                printf
 .text.putchar  0x00000000400030a4        0xc /home/jsp/Storage/CFU-Playground/soc/build/digilent_arty.donut-accel/software/libc/libc.a(libc_tinystdio_putchar.c.o)
                0x00000000400030a4                putchar
 .text.puts     0x00000000400030b0       0x7c /home/jsp/Storage/CFU-Playground/soc/build/digilent_arty.donut-accel/software/libc/libc.a(libc_tinystdio_puts.c.o)
                0x00000000400030b0                puts
 .text.__ultoa_invert
                0x000000004000312c       0xf4 /home/jsp/Storage/CFU-Playground/soc/build/digilent_arty.donut-accel/software/libc/libc.a(libc_tinystdio_vfiprintf.c.o)
 .text.vfprintf
                0x0000000040003220      0x724 /home/jsp/Storage/CFU-Playground/soc/build/digilent_arty.donut-accel/software/libc/libc.a(libc_tinystdio_vfiprintf.c.o)
                0x0000000040003220                __i_vfprintf
                0x0000000040003220                vfprintf
 .text.memset   0x0000000040003944       0x1c /home/jsp/Storage/CFU-Playground/soc/build/digilent_arty.donut-accel/software/libc/libc.a(memset.S.o)
                0x0000000040003944                memset
 .text.strlen   0x0000000040003960       0x1c /home/jsp/Storage/CFU-Playground/soc/build/digilent_arty.donut-accel/software/libc/libc.a(strlen.c.o)
                0x0000000040003960                strlen
 .text          0x000000004000397c       0x5c /home/jsp/Storage/CFU-Playground/soc/build/digilent_arty.donut-accel/software/libc/libc.a(_libc.a)
 .text.strnlen  0x00000000400039d8       0x24 /home/jsp/Storage/CFU-Playground/soc/build/digilent_arty.donut-accel/software/libc/libc.a(libc_string_strnlen.c.o)
                0x00000000400039d8                strnlen
 .text.fgetc    0x00000000400039fc       0x7c /home/jsp/Storage/CFU-Playground/soc/build/digilent_arty.donut-accel/software/libc/libc.a(libc_tinystdio_fgetc.c.o)
                0x00000000400039fc                getc
                0x00000000400039fc                fgetc
 .text.fputc    0x0000000040003a78       0x50 /home/jsp/Storage/CFU-Playground/soc/build/digilent_arty.donut-accel/software/libc/libc.a(libc_tinystdio_fputc.c.o)
                0x0000000040003a78                putc
                0x0000000040003a78                fputc
                0x0000000040003ac8                _etext = .

.rodata         0x0000000040003ac8      0xf50
                0x0000000040003ac8                . = ALIGN (0x8)
                0x0000000040003ac8                _frodata = .
 *(.rodata .rodata.* .gnu.linkonce.r.*)
 .rodata.read_val.str1.4
                0x0000000040003ac8        0x6 src/base.o
 *fill*         0x0000000040003ace        0x2 
 .rodata.do_increment_mem.str1.4
                0x0000000040003ad0       0x48 src/benchmarks.o
 .rodata.do_stores.str1.4
                0x0000000040003b18       0x39 src/benchmarks.o
 *fill*         0x0000000040003b51        0x3 
 .rodata.do_loads_strided.str1.4
                0x0000000040003b54       0x40 src/benchmarks.o
 .rodata.do_loads_cached.str1.4
                0x0000000040003b94       0x15 src/benchmarks.o
 *fill*         0x0000000040003ba9        0x3 
 .rodata.do_loads.str1.4
                0x0000000040003bac        0xe src/benchmarks.o
 *fill*         0x0000000040003bba        0x2 
 .rodata.str1.4
                0x0000000040003bbc      0x12e src/benchmarks.o
 *fill*         0x0000000040003cea        0x2 
 .rodata.donut.str1.4
                0x0000000040003cec       0x7d src/donut.o
 *fill*         0x0000000040003d69        0x3 
 .rodata.main.str1.4
                0x0000000040003d6c       0x14 src/main.o
 .rodata.str1.4
                0x0000000040003d80       0xc3 src/main.o
 *fill*         0x0000000040003e43        0x1 
 .rodata.str1.4
                0x0000000040003e44       0x46 src/third_party/embench_iot_v1/embench.o
                                         0x6a (size before relaxing)
 *fill*         0x0000000040003e8a        0x2 
 .rodata._ZN12_GLOBAL__N_120do_interactive_testsEv.str1.4
                0x0000000040003e8c       0x8d src/functional_cfu_tests.o
 *fill*         0x0000000040003f19        0x3 
 .rodata._ZN12_GLOBAL__N_114do_fixed_testsEv.str1.4
                0x0000000040003f1c       0x7d src/functional_cfu_tests.o
 *fill*         0x0000000040003f99        0x3 
 .rodata._ZN12_GLOBAL__N_116do_compare_testsEv.str1.4
                0x0000000040003f9c       0xed src/functional_cfu_tests.o
 *fill*         0x0000000040004089        0x3 
 .rodata.str1.4
                0x000000004000408c       0x6a src/functional_cfu_tests.o
                                         0x82 (size before relaxing)
 *fill*         0x00000000400040f6        0x2 
 .rodata.do_instruction_tests.str1.4
                0x00000000400040f8       0x27 src/instruction_handler.o
 *fill*         0x000000004000411f        0x1 
 .rodata.menu_run.str1.4
                0x0000000040004120       0x3c src/menu.o
 .rodata._ZL12do_perf_showv.str1.4
                0x000000004000415c       0x3b src/perf.o
 *fill*         0x0000000040004197        0x1 
 .rodata._ZL13do_perf_set_1v.str1.4
                0x0000000040004198       0x1b src/perf.o
 *fill*         0x00000000400041b3        0x1 
 .rodata._ZL12do_perf_zerov.str1.4
                0x00000000400041b4       0x21 src/perf.o
 *fill*         0x00000000400041d5        0x3 
 .rodata._ZL13do_perf_pausev.str1.4
                0x00000000400041d8       0x17 src/perf.o
 *fill*         0x00000000400041ef        0x1 
 .rodata._ZL14do_perf_enablev.str1.4
                0x00000000400041f0       0x18 src/perf.o
 .rodata._ZL15do_perf_measurev.str1.4
                0x0000000040004208       0xf6 src/perf.o
 *fill*         0x00000000400042fe        0x2 
 .rodata.str1.4
                0x0000000040004300      0x101 src/perf.o
                                        0x136 (size before relaxing)
 *fill*         0x0000000040004401        0x3 
 .rodata._ZN12_GLOBAL__N_115do_murmur_testsEv.str1.4
                0x0000000040004404       0x61 src/playground_util/util_tests.o
 *fill*         0x0000000040004465        0x3 
 .rodata._ZN12_GLOBAL__N_16do_fpuEv.str1.4
                0x0000000040004468       0x28 src/playground_util/util_tests.o
                                         0x2a (size before relaxing)
 .rodata.str1.4
                0x0000000040004490       0x36 src/playground_util/util_tests.o
                                         0x4e (size before relaxing)
 *fill*         0x00000000400044c6        0x2 
 .rodata        0x00000000400044c8      0x24c src/playground_util/util_tests.o
 .rodata._ZN12_GLOBAL__N_114do_hello_worldEv.str1.4
                0x0000000040004714       0x11 src/proj_menu.o
 *fill*         0x0000000040004725        0x3 
 .rodata._ZN12_GLOBAL__N_115do_grid_cfu_op1Ev.str1.4
                0x0000000040004728       0x65 src/proj_menu.o
                                         0x69 (size before relaxing)
 *fill*         0x000000004000478d        0x3 
 .rodata._ZN12_GLOBAL__N_119do_exercise_cfu_op1Ev.str1.4
                0x0000000040004790       0x65 src/proj_menu.o
 *fill*         0x00000000400047f5        0x3 
 .rodata._ZN12_GLOBAL__N_119do_exercise_cfu_op0Ev.str1.4
                0x00000000400047f8       0x52 src/proj_menu.o
 *fill*         0x000000004000484a        0x2 
 .rodata.str1.4
                0x000000004000484c       0x52 src/proj_menu.o
                                         0x82 (size before relaxing)
 *fill*         0x000000004000489e        0x2 
 .rodata        0x00000000400048a0      0x101 /home/jsp/Storage/CFU-Playground/soc/build/digilent_arty.donut-accel/software/libc/libc.a(libc_ctype_ctype_.c.o)
                0x00000000400048a0                _ctype_
 *fill*         0x00000000400049a1        0x3 
 .rodata.str1.4
                0x00000000400049a4       0x10 /home/jsp/Storage/CFU-Playground/soc/build/digilent_arty.donut-accel/software/libc/libc.a(libc_tinystdio_vfiprintf.c.o)
 .rodata        0x00000000400049b4       0x44 /home/jsp/Storage/CFU-Playground/soc/build/digilent_arty.donut-accel/software/libc/libc.a(libc_tinystdio_vfiprintf.c.o)
 *(.rodata1)
 *(.srodata .srodata.*)
 .srodata.cst4  0x00000000400049f8        0xc src/playground_util/util_tests.o
 .srodata.cst4  0x0000000040004a04        0x4 /home/jsp/Storage/CFU-Playground/soc/build/digilent_arty.donut-accel/software/libcompiler_rt/libcompiler_rt.a(addsf3.o)
 .srodata.cst4  0x0000000040004a08        0x4 /home/jsp/Storage/CFU-Playground/soc/build/digilent_arty.donut-accel/software/libcompiler_rt/libcompiler_rt.a(mulsf3.o)
 .srodata.cst4  0x0000000040004a08        0x4 /home/jsp/Storage/CFU-Playground/soc/build/digilent_arty.donut-accel/software/libcompiler_rt/libcompiler_rt.a(divsf3.o)
 .srodata       0x0000000040004a08        0xc /home/jsp/Storage/CFU-Playground/soc/build/digilent_arty.donut-accel/software/libc/libc.a(_libc.a)
                0x0000000040004a08                stdin
                0x0000000040004a0c                stderr
                0x0000000040004a10                stdout
                0x0000000040004a18                . = ALIGN (0x8)
 *fill*         0x0000000040004a14        0x4 
                0x0000000040004a18                _erodata = .

.rela.dyn       0x0000000040004a18        0x0
 .rela.text     0x0000000040004a18        0x0 src/base.o

.data           0x0000000040004a18      0x308
                0x0000000040004a18                . = ALIGN (0x8)
                0x0000000040004a18                _fdata = .
 *(.data .data.* .gnu.linkonce.d.*)
 .data          0x0000000040004a18       0x10 /home/jsp/Storage/CFU-Playground/soc/build/digilent_arty.donut-accel/software/libc/libc.a(_libc.a)
 *(.data1)
 *(.ramtext .ramtext.*)
                0x0000000040004a30                _gp = ALIGN (0x10)
 *(.sdata .sdata.* .gnu.linkonce.s.* .sdata2 .sdata2.*)
 .sdata.MENU    0x0000000040004a28       0x78 src/benchmarks.o
 .sdata.MENU    0x0000000040004aa0       0x98 src/main.o
 .sdata.MENU    0x0000000040004b38       0x38 src/third_party/embench_iot_v1/embench.o
 .sdata._ZN12_GLOBAL__N_14MENUE
                0x0000000040004b70       0x58 src/functional_cfu_tests.o
 .sdata._ZL4MENU
                0x0000000040004bc8       0x98 src/perf.o
 .sdata._ZN12_GLOBAL__N_14MENUE
                0x0000000040004c60       0x48 src/playground_util/util_tests.o
 .sdata._ZN12_GLOBAL__N_14MENUE
                0x0000000040004ca8       0x78 src/proj_menu.o
                0x0000000040004d20                _edata = ALIGN (0x10)

.bss            0x0000000040004d20      0xed8
                0x0000000040004d20                . = ALIGN (0x10)
 *fill*         0x0000000040004d20        0x0 
                0x0000000040004d20                _fbss = .
 *(.dynsbss)
 *(.sbss .sbss.* .gnu.linkonce.sb.*)
 .sbss._ZL11counter_num
                0x0000000040004d20        0x4 src/perf.o
 .sbss          0x0000000040004d24       0x10 /home/jsp/Storage/CFU-Playground/soc/build/digilent_arty.donut-accel/software/libbase/libbase.a(uart.o)
 .sbss          0x0000000040004d34        0x4 /home/jsp/Storage/CFU-Playground/soc/build/digilent_arty.donut-accel/software/libc/libc.a(libc_errno_errno.c.o)
                0x0000000040004d34                errno
 *(.scommon)
 *(.dynbss)
 *(.bss .bss.* .gnu.linkonce.b.*)
 .bss.b         0x0000000040004d38      0x6e0 src/donut.o
 .bss.z         0x0000000040005418      0x6e0 src/donut.o
 .bss           0x0000000040005af8      0x100 /home/jsp/Storage/CFU-Playground/soc/build/digilent_arty.donut-accel/software/libbase/libbase.a(uart.o)
 *(COMMON)
                0x0000000040005bf8                . = ALIGN (0x8)
                0x0000000040005bf8                _ebss = .
                0x0000000040005bf8                _end = .
                0x000000004ffffffc                PROVIDE (_fstack = ((ORIGIN (main_ram) + LENGTH (main_ram)) - 0x4))
LOAD /home/jsp/Storage/CFU-Playground/env/conda/envs/cfu-symbiflow/bin/../lib/gcc/riscv32-elf/10.1.0/../../../../riscv32-elf/lib/rv32im/ilp32/libstdc++.a
LOAD /home/jsp/Storage/CFU-Playground/soc/build/digilent_arty.donut-accel/software/libc/newlib/libm.a
LOAD /home/jsp/Storage/CFU-Playground/soc/build/digilent_arty.donut-accel/software/libc/libc.a
LOAD /home/jsp/Storage/CFU-Playground/env/conda/envs/cfu-symbiflow/bin/../lib/gcc/riscv32-elf/10.1.0/rv32im/ilp32/libgcc.a
START GROUP
LOAD /home/jsp/Storage/CFU-Playground/soc/build/digilent_arty.donut-accel/software/libc/libc.a
LOAD /home/jsp/Storage/CFU-Playground/env/conda/envs/cfu-symbiflow/bin/../lib/gcc/riscv32-elf/10.1.0/../../../../riscv32-elf/lib/rv32im/ilp32/libgloss.a
END GROUP
LOAD /home/jsp/Storage/CFU-Playground/env/conda/envs/cfu-symbiflow/bin/../lib/gcc/riscv32-elf/10.1.0/rv32im/ilp32/libgcc.a
OUTPUT(software.elf elf32-littleriscv)

.debug_info     0x0000000000000000     0xa132
 .debug_info    0x0000000000000000      0x3b4 src/base.o
 .debug_info    0x00000000000003b4      0x67b src/benchmarks.o
 .debug_info    0x0000000000000a2f      0x9ba src/donut.o
 .debug_info    0x00000000000013e9      0x1af src/main.o
 .debug_info    0x0000000000001598       0xef src/stdio.o
 .debug_info    0x0000000000001687      0x17c src/third_party/embench_iot_v1/embench.o
 .debug_info    0x0000000000001803      0x985 src/functional_cfu_tests.o
 .debug_info    0x0000000000002188      0x410 src/instruction_handler.o
 .debug_info    0x0000000000002598      0x3da src/menu.o
 .debug_info    0x0000000000002972      0x79d src/perf.o
 .debug_info    0x000000000000310f      0x1dc src/playground_util/murmurhash.o
 .debug_info    0x00000000000032eb     0x1755 src/playground_util/util_tests.o
 .debug_info    0x0000000000004a40      0x695 src/proj_menu.o
 .debug_info    0x00000000000050d5       0xd5 src/software_cfu.o
 .debug_info    0x00000000000051aa       0x22 src/crt0-vexriscv.o
 .debug_info    0x00000000000051cc       0xa0 /home/jsp/Storage/CFU-Playground/soc/build/digilent_arty.donut-accel/software/libbase/libbase.a(console.o)
 .debug_info    0x000000000000526c      0x680 /home/jsp/Storage/CFU-Playground/soc/build/digilent_arty.donut-accel/software/libbase/libbase.a(uart.o)
 .debug_info    0x00000000000058ec       0xff /home/jsp/Storage/CFU-Playground/soc/build/digilent_arty.donut-accel/software/libcompiler_rt/libcompiler_rt.a(umodsi3.o)
 .debug_info    0x00000000000059eb      0x16e /home/jsp/Storage/CFU-Playground/soc/build/digilent_arty.donut-accel/software/libcompiler_rt/libcompiler_rt.a(udivsi3.o)
 .debug_info    0x0000000000005b59      0x12d /home/jsp/Storage/CFU-Playground/soc/build/digilent_arty.donut-accel/software/libcompiler_rt/libcompiler_rt.a(divsi3.o)
 .debug_info    0x0000000000005c86      0x495 /home/jsp/Storage/CFU-Playground/soc/build/digilent_arty.donut-accel/software/libcompiler_rt/libcompiler_rt.a(comparesf2.o)
 .debug_info    0x000000000000611b      0x6ac /home/jsp/Storage/CFU-Playground/soc/build/digilent_arty.donut-accel/software/libcompiler_rt/libcompiler_rt.a(addsf3.o)
 .debug_info    0x00000000000067c7      0x1f4 /home/jsp/Storage/CFU-Playground/soc/build/digilent_arty.donut-accel/software/libcompiler_rt/libcompiler_rt.a(subsf3.o)
 .debug_info    0x00000000000069bb      0x7c4 /home/jsp/Storage/CFU-Playground/soc/build/digilent_arty.donut-accel/software/libcompiler_rt/libcompiler_rt.a(mulsf3.o)
 .debug_info    0x000000000000717f      0x5c8 /home/jsp/Storage/CFU-Playground/soc/build/digilent_arty.donut-accel/software/libcompiler_rt/libcompiler_rt.a(divsf3.o)
 .debug_info    0x0000000000007747      0x136 /home/jsp/Storage/CFU-Playground/soc/build/digilent_arty.donut-accel/software/libcompiler_rt/libcompiler_rt.a(divdi3.o)
 .debug_info    0x000000000000787d      0x269 /home/jsp/Storage/CFU-Playground/soc/build/digilent_arty.donut-accel/software/libcompiler_rt/libcompiler_rt.a(udivmoddi4.o)
 .debug_info    0x0000000000007ae6      0x207 /home/jsp/Storage/CFU-Playground/soc/build/digilent_arty.donut-accel/software/libcompiler_rt/libcompiler_rt.a(floatsisf.o)
 .debug_info    0x0000000000007ced      0x262 /home/jsp/Storage/CFU-Playground/soc/build/digilent_arty.donut-accel/software/libcompiler_rt/libcompiler_rt.a(fixsfsi.o)
 .debug_info    0x0000000000007f4f      0x101 /home/jsp/Storage/CFU-Playground/soc/build/digilent_arty.donut-accel/software/libcompiler_rt/libcompiler_rt.a(clzsi2.o)
 .debug_info    0x0000000000008050      0x101 /home/jsp/Storage/CFU-Playground/soc/build/digilent_arty.donut-accel/software/libcompiler_rt/libcompiler_rt.a(ctzsi2.o)
 .debug_info    0x0000000000008151      0x114 /home/jsp/Storage/CFU-Playground/soc/build/digilent_arty.donut-accel/software/libcompiler_rt/libcompiler_rt.a(udivdi3.o)
 .debug_info    0x0000000000008265      0x122 /home/jsp/Storage/CFU-Playground/soc/build/digilent_arty.donut-accel/software/libcompiler_rt/libcompiler_rt.a(umoddi3.o)
 .debug_info    0x0000000000008387      0x132 /home/jsp/Storage/CFU-Playground/soc/build/digilent_arty.donut-accel/software/libcompiler_rt/libcompiler_rt.a(moddi3.o)
 .debug_info    0x00000000000084b9       0xbe /home/jsp/Storage/CFU-Playground/soc/build/digilent_arty.donut-accel/software/libc/libc.a(libc_ctype_ctype_.c.o)
 .debug_info    0x0000000000008577      0x6de /home/jsp/Storage/CFU-Playground/soc/build/digilent_arty.donut-accel/software/libc/libc.a(libc_stdlib_strtol.c.o)
 .debug_info    0x0000000000008c55      0x19d /home/jsp/Storage/CFU-Playground/soc/build/digilent_arty.donut-accel/software/libc/libc.a(libc_tinystdio_getchar.c.o)
 .debug_info    0x0000000000008df2      0x1ff /home/jsp/Storage/CFU-Playground/soc/build/digilent_arty.donut-accel/software/libc/libc.a(libc_tinystdio_printf.c.o)
 .debug_info    0x0000000000008ff1      0x1b3 /home/jsp/Storage/CFU-Playground/soc/build/digilent_arty.donut-accel/software/libc/libc.a(libc_tinystdio_putchar.c.o)
 .debug_info    0x00000000000091a4      0x1e2 /home/jsp/Storage/CFU-Playground/soc/build/digilent_arty.donut-accel/software/libc/libc.a(libc_tinystdio_puts.c.o)
 .debug_info    0x0000000000009386      0x512 /home/jsp/Storage/CFU-Playground/soc/build/digilent_arty.donut-accel/software/libc/libc.a(libc_tinystdio_vfiprintf.c.o)
 .debug_info    0x0000000000009898       0x26 /home/jsp/Storage/CFU-Playground/soc/build/digilent_arty.donut-accel/software/libc/libc.a(memset.S.o)
 .debug_info    0x00000000000098be       0xd0 /home/jsp/Storage/CFU-Playground/soc/build/digilent_arty.donut-accel/software/libc/libc.a(strlen.c.o)
 .debug_info    0x000000000000998e      0x284 /home/jsp/Storage/CFU-Playground/soc/build/digilent_arty.donut-accel/software/libc/libc.a(_libc.a)
 .debug_info    0x0000000000009c12       0x4a /home/jsp/Storage/CFU-Playground/soc/build/digilent_arty.donut-accel/software/libc/libc.a(libc_errno_errno.c.o)
 .debug_info    0x0000000000009c5c       0xde /home/jsp/Storage/CFU-Playground/soc/build/digilent_arty.donut-accel/software/libc/libc.a(libc_string_strnlen.c.o)
 .debug_info    0x0000000000009d3a      0x255 /home/jsp/Storage/CFU-Playground/soc/build/digilent_arty.donut-accel/software/libc/libc.a(libc_tinystdio_fgetc.c.o)
 .debug_info    0x0000000000009f8f      0x1a3 /home/jsp/Storage/CFU-Playground/soc/build/digilent_arty.donut-accel/software/libc/libc.a(libc_tinystdio_fputc.c.o)

.debug_abbrev   0x0000000000000000     0x399d
 .debug_abbrev  0x0000000000000000      0x1ff src/base.o
 .debug_abbrev  0x00000000000001ff      0x1af src/benchmarks.o
 .debug_abbrev  0x00000000000003ae      0x172 src/donut.o
 .debug_abbrev  0x0000000000000520       0xf5 src/main.o
 .debug_abbrev  0x0000000000000615       0xa3 src/stdio.o
 .debug_abbrev  0x00000000000006b8       0xf4 src/third_party/embench_iot_v1/embench.o
 .debug_abbrev  0x00000000000007ac      0x1f6 src/functional_cfu_tests.o
 .debug_abbrev  0x00000000000009a2      0x193 src/instruction_handler.o
 .debug_abbrev  0x0000000000000b35      0x1ef src/menu.o
 .debug_abbrev  0x0000000000000d24      0x26f src/perf.o
 .debug_abbrev  0x0000000000000f93      0x106 src/playground_util/murmurhash.o
 .debug_abbrev  0x0000000000001099      0x466 src/playground_util/util_tests.o
 .debug_abbrev  0x00000000000014ff      0x18f src/proj_menu.o
 .debug_abbrev  0x000000000000168e       0x86 src/software_cfu.o
 .debug_abbrev  0x0000000000001714       0x12 src/crt0-vexriscv.o
 .debug_abbrev  0x0000000000001726       0x6c /home/jsp/Storage/CFU-Playground/soc/build/digilent_arty.donut-accel/software/libbase/libbase.a(console.o)
 .debug_abbrev  0x0000000000001792      0x237 /home/jsp/Storage/CFU-Playground/soc/build/digilent_arty.donut-accel/software/libbase/libbase.a(uart.o)
 .debug_abbrev  0x00000000000019c9       0x95 /home/jsp/Storage/CFU-Playground/soc/build/digilent_arty.donut-accel/software/libcompiler_rt/libcompiler_rt.a(umodsi3.o)
 .debug_abbrev  0x0000000000001a5e       0xc6 /home/jsp/Storage/CFU-Playground/soc/build/digilent_arty.donut-accel/software/libcompiler_rt/libcompiler_rt.a(udivsi3.o)
 .debug_abbrev  0x0000000000001b24       0xac /home/jsp/Storage/CFU-Playground/soc/build/digilent_arty.donut-accel/software/libcompiler_rt/libcompiler_rt.a(divsi3.o)
 .debug_abbrev  0x0000000000001bd0      0x1ae /home/jsp/Storage/CFU-Playground/soc/build/digilent_arty.donut-accel/software/libcompiler_rt/libcompiler_rt.a(comparesf2.o)
 .debug_abbrev  0x0000000000001d7e      0x195 /home/jsp/Storage/CFU-Playground/soc/build/digilent_arty.donut-accel/software/libcompiler_rt/libcompiler_rt.a(addsf3.o)
 .debug_abbrev  0x0000000000001f13      0x111 /home/jsp/Storage/CFU-Playground/soc/build/digilent_arty.donut-accel/software/libcompiler_rt/libcompiler_rt.a(subsf3.o)
 .debug_abbrev  0x0000000000002024      0x1b5 /home/jsp/Storage/CFU-Playground/soc/build/digilent_arty.donut-accel/software/libcompiler_rt/libcompiler_rt.a(mulsf3.o)
 .debug_abbrev  0x00000000000021d9      0x196 /home/jsp/Storage/CFU-Playground/soc/build/digilent_arty.donut-accel/software/libcompiler_rt/libcompiler_rt.a(divsf3.o)
 .debug_abbrev  0x000000000000236f       0xbe /home/jsp/Storage/CFU-Playground/soc/build/digilent_arty.donut-accel/software/libcompiler_rt/libcompiler_rt.a(divdi3.o)
 .debug_abbrev  0x000000000000242d      0x12d /home/jsp/Storage/CFU-Playground/soc/build/digilent_arty.donut-accel/software/libcompiler_rt/libcompiler_rt.a(udivmoddi4.o)
 .debug_abbrev  0x000000000000255a      0x132 /home/jsp/Storage/CFU-Playground/soc/build/digilent_arty.donut-accel/software/libcompiler_rt/libcompiler_rt.a(floatsisf.o)
 .debug_abbrev  0x000000000000268c      0x149 /home/jsp/Storage/CFU-Playground/soc/build/digilent_arty.donut-accel/software/libcompiler_rt/libcompiler_rt.a(fixsfsi.o)
 .debug_abbrev  0x00000000000027d5       0x7a /home/jsp/Storage/CFU-Playground/soc/build/digilent_arty.donut-accel/software/libcompiler_rt/libcompiler_rt.a(clzsi2.o)
 .debug_abbrev  0x000000000000284f       0x7a /home/jsp/Storage/CFU-Playground/soc/build/digilent_arty.donut-accel/software/libcompiler_rt/libcompiler_rt.a(ctzsi2.o)
 .debug_abbrev  0x00000000000028c9       0x98 /home/jsp/Storage/CFU-Playground/soc/build/digilent_arty.donut-accel/software/libcompiler_rt/libcompiler_rt.a(udivdi3.o)
 .debug_abbrev  0x0000000000002961       0xa6 /home/jsp/Storage/CFU-Playground/soc/build/digilent_arty.donut-accel/software/libcompiler_rt/libcompiler_rt.a(umoddi3.o)
 .debug_abbrev  0x0000000000002a07       0xcf /home/jsp/Storage/CFU-Playground/soc/build/digilent_arty.donut-accel/software/libcompiler_rt/libcompiler_rt.a(moddi3.o)
 .debug_abbrev  0x0000000000002ad6       0x69 /home/jsp/Storage/CFU-Playground/soc/build/digilent_arty.donut-accel/software/libc/libc.a(libc_ctype_ctype_.c.o)
 .debug_abbrev  0x0000000000002b3f      0x235 /home/jsp/Storage/CFU-Playground/soc/build/digilent_arty.donut-accel/software/libc/libc.a(libc_stdlib_strtol.c.o)
 .debug_abbrev  0x0000000000002d74      0x103 /home/jsp/Storage/CFU-Playground/soc/build/digilent_arty.donut-accel/software/libc/libc.a(libc_tinystdio_getchar.c.o)
 .debug_abbrev  0x0000000000002e77      0x13c /home/jsp/Storage/CFU-Playground/soc/build/digilent_arty.donut-accel/software/libc/libc.a(libc_tinystdio_printf.c.o)
 .debug_abbrev  0x0000000000002fb3      0x120 /home/jsp/Storage/CFU-Playground/soc/build/digilent_arty.donut-accel/software/libc/libc.a(libc_tinystdio_putchar.c.o)
 .debug_abbrev  0x00000000000030d3      0x124 /home/jsp/Storage/CFU-Playground/soc/build/digilent_arty.donut-accel/software/libc/libc.a(libc_tinystdio_puts.c.o)
 .debug_abbrev  0x00000000000031f7      0x23d /home/jsp/Storage/CFU-Playground/soc/build/digilent_arty.donut-accel/software/libc/libc.a(libc_tinystdio_vfiprintf.c.o)
 .debug_abbrev  0x0000000000003434       0x14 /home/jsp/Storage/CFU-Playground/soc/build/digilent_arty.donut-accel/software/libc/libc.a(memset.S.o)
 .debug_abbrev  0x0000000000003448       0x8c /home/jsp/Storage/CFU-Playground/soc/build/digilent_arty.donut-accel/software/libc/libc.a(strlen.c.o)
 .debug_abbrev  0x00000000000034d4      0x164 /home/jsp/Storage/CFU-Playground/soc/build/digilent_arty.donut-accel/software/libc/libc.a(_libc.a)
 .debug_abbrev  0x0000000000003638       0x4b /home/jsp/Storage/CFU-Playground/soc/build/digilent_arty.donut-accel/software/libc/libc.a(libc_errno_errno.c.o)
 .debug_abbrev  0x0000000000003683       0x8c /home/jsp/Storage/CFU-Playground/soc/build/digilent_arty.donut-accel/software/libc/libc.a(libc_string_strnlen.c.o)
 .debug_abbrev  0x000000000000370f      0x191 /home/jsp/Storage/CFU-Playground/soc/build/digilent_arty.donut-accel/software/libc/libc.a(libc_tinystdio_fgetc.c.o)
 .debug_abbrev  0x00000000000038a0       0xfd /home/jsp/Storage/CFU-Playground/soc/build/digilent_arty.donut-accel/software/libc/libc.a(libc_tinystdio_fputc.c.o)

.debug_loc      0x0000000000000000     0x65eb
 .debug_loc     0x0000000000000000      0x12f src/base.o
 .debug_loc     0x000000000000012f      0x27b src/benchmarks.o
 .debug_loc     0x00000000000003aa      0x8ed src/donut.o
 .debug_loc     0x0000000000000c97       0x36 src/stdio.o
 .debug_loc     0x0000000000000ccd      0x494 src/functional_cfu_tests.o
 .debug_loc     0x0000000000001161      0x3dd src/instruction_handler.o
 .debug_loc     0x000000000000153e      0x10a src/menu.o
 .debug_loc     0x0000000000001648      0x160 src/perf.o
 .debug_loc     0x00000000000017a8      0x1b5 src/playground_util/murmurhash.o
 .debug_loc     0x000000000000195d      0x55d src/playground_util/util_tests.o
 .debug_loc     0x0000000000001eba      0x34c src/proj_menu.o
 .debug_loc     0x0000000000002206       0x21 src/software_cfu.o
 .debug_loc     0x0000000000002227      0x277 /home/jsp/Storage/CFU-Playground/soc/build/digilent_arty.donut-accel/software/libbase/libbase.a(uart.o)
 .debug_loc     0x000000000000249e       0x58 /home/jsp/Storage/CFU-Playground/soc/build/digilent_arty.donut-accel/software/libcompiler_rt/libcompiler_rt.a(umodsi3.o)
 .debug_loc     0x00000000000024f6      0x104 /home/jsp/Storage/CFU-Playground/soc/build/digilent_arty.donut-accel/software/libcompiler_rt/libcompiler_rt.a(udivsi3.o)
 .debug_loc     0x00000000000025fa       0xf7 /home/jsp/Storage/CFU-Playground/soc/build/digilent_arty.donut-accel/software/libcompiler_rt/libcompiler_rt.a(divsi3.o)
 .debug_loc     0x00000000000026f1      0x200 /home/jsp/Storage/CFU-Playground/soc/build/digilent_arty.donut-accel/software/libcompiler_rt/libcompiler_rt.a(comparesf2.o)
 .debug_loc     0x00000000000028f1      0x7be /home/jsp/Storage/CFU-Playground/soc/build/digilent_arty.donut-accel/software/libcompiler_rt/libcompiler_rt.a(addsf3.o)
 .debug_loc     0x00000000000030af       0x46 /home/jsp/Storage/CFU-Playground/soc/build/digilent_arty.donut-accel/software/libcompiler_rt/libcompiler_rt.a(subsf3.o)
 .debug_loc     0x00000000000030f5      0x781 /home/jsp/Storage/CFU-Playground/soc/build/digilent_arty.donut-accel/software/libcompiler_rt/libcompiler_rt.a(mulsf3.o)
 .debug_loc     0x0000000000003876      0xe95 /home/jsp/Storage/CFU-Playground/soc/build/digilent_arty.donut-accel/software/libcompiler_rt/libcompiler_rt.a(divsf3.o)
 .debug_loc     0x000000000000470b       0x80 /home/jsp/Storage/CFU-Playground/soc/build/digilent_arty.donut-accel/software/libcompiler_rt/libcompiler_rt.a(divdi3.o)
 .debug_loc     0x000000000000478b      0x329 /home/jsp/Storage/CFU-Playground/soc/build/digilent_arty.donut-accel/software/libcompiler_rt/libcompiler_rt.a(udivmoddi4.o)
 .debug_loc     0x0000000000004ab4      0x1a2 /home/jsp/Storage/CFU-Playground/soc/build/digilent_arty.donut-accel/software/libcompiler_rt/libcompiler_rt.a(floatsisf.o)
 .debug_loc     0x0000000000004c56       0xca /home/jsp/Storage/CFU-Playground/soc/build/digilent_arty.donut-accel/software/libcompiler_rt/libcompiler_rt.a(fixsfsi.o)
 .debug_loc     0x0000000000004d20      0x306 /home/jsp/Storage/CFU-Playground/soc/build/digilent_arty.donut-accel/software/libcompiler_rt/libcompiler_rt.a(clzsi2.o)
 .debug_loc     0x0000000000005026      0x17c /home/jsp/Storage/CFU-Playground/soc/build/digilent_arty.donut-accel/software/libcompiler_rt/libcompiler_rt.a(ctzsi2.o)
 .debug_loc     0x00000000000051a2       0x50 /home/jsp/Storage/CFU-Playground/soc/build/digilent_arty.donut-accel/software/libcompiler_rt/libcompiler_rt.a(udivdi3.o)
 .debug_loc     0x00000000000051f2       0x50 /home/jsp/Storage/CFU-Playground/soc/build/digilent_arty.donut-accel/software/libcompiler_rt/libcompiler_rt.a(umoddi3.o)
 .debug_loc     0x0000000000005242       0x78 /home/jsp/Storage/CFU-Playground/soc/build/digilent_arty.donut-accel/software/libcompiler_rt/libcompiler_rt.a(moddi3.o)
 .debug_loc     0x00000000000052ba      0x626 /home/jsp/Storage/CFU-Playground/soc/build/digilent_arty.donut-accel/software/libc/libc.a(libc_stdlib_strtol.c.o)
 .debug_loc     0x00000000000058e0       0x2c /home/jsp/Storage/CFU-Playground/soc/build/digilent_arty.donut-accel/software/libc/libc.a(libc_tinystdio_printf.c.o)
 .debug_loc     0x000000000000590c       0x21 /home/jsp/Storage/CFU-Playground/soc/build/digilent_arty.donut-accel/software/libc/libc.a(libc_tinystdio_putchar.c.o)
 .debug_loc     0x000000000000592d       0x72 /home/jsp/Storage/CFU-Playground/soc/build/digilent_arty.donut-accel/software/libc/libc.a(libc_tinystdio_puts.c.o)
 .debug_loc     0x000000000000599f      0x9c2 /home/jsp/Storage/CFU-Playground/soc/build/digilent_arty.donut-accel/software/libc/libc.a(libc_tinystdio_vfiprintf.c.o)
 .debug_loc     0x0000000000006361       0x3f /home/jsp/Storage/CFU-Playground/soc/build/digilent_arty.donut-accel/software/libc/libc.a(strlen.c.o)
 .debug_loc     0x00000000000063a0       0x63 /home/jsp/Storage/CFU-Playground/soc/build/digilent_arty.donut-accel/software/libc/libc.a(_libc.a)
 .debug_loc     0x0000000000006403       0xbf /home/jsp/Storage/CFU-Playground/soc/build/digilent_arty.donut-accel/software/libc/libc.a(libc_string_strnlen.c.o)
 .debug_loc     0x00000000000064c2       0x9f /home/jsp/Storage/CFU-Playground/soc/build/digilent_arty.donut-accel/software/libc/libc.a(libc_tinystdio_fgetc.c.o)
 .debug_loc     0x0000000000006561       0x8a /home/jsp/Storage/CFU-Playground/soc/build/digilent_arty.donut-accel/software/libc/libc.a(libc_tinystdio_fputc.c.o)

.debug_aranges  0x0000000000000000      0x720
 .debug_aranges
                0x0000000000000000       0x38 src/base.o
 .debug_aranges
                0x0000000000000038       0x48 src/benchmarks.o
 .debug_aranges
                0x0000000000000080       0x20 src/donut.o
 .debug_aranges
                0x00000000000000a0       0x20 src/main.o
 .debug_aranges
                0x00000000000000c0       0x28 src/stdio.o
 .debug_aranges
                0x00000000000000e8       0x28 src/third_party/embench_iot_v1/embench.o
 .debug_aranges
                0x0000000000000110       0x38 src/functional_cfu_tests.o
 .debug_aranges
                0x0000000000000148       0x38 src/instruction_handler.o
 .debug_aranges
                0x0000000000000180       0x20 src/menu.o
 .debug_aranges
                0x00000000000001a0       0x78 src/perf.o
 .debug_aranges
                0x0000000000000218       0x20 src/playground_util/murmurhash.o
 .debug_aranges
                0x0000000000000238       0x30 src/playground_util/util_tests.o
 .debug_aranges
                0x0000000000000268       0x48 src/proj_menu.o
 .debug_aranges
                0x00000000000002b0       0x20 src/software_cfu.o
 .debug_aranges
                0x00000000000002d0       0x28 src/crt0-vexriscv.o
 .debug_aranges
                0x00000000000002f8       0x20 /home/jsp/Storage/CFU-Playground/soc/build/digilent_arty.donut-accel/software/libbase/libbase.a(console.o)
 .debug_aranges
                0x0000000000000318       0x20 /home/jsp/Storage/CFU-Playground/soc/build/digilent_arty.donut-accel/software/libbase/libbase.a(uart.o)
 .debug_aranges
                0x0000000000000338       0x20 /home/jsp/Storage/CFU-Playground/soc/build/digilent_arty.donut-accel/software/libcompiler_rt/libcompiler_rt.a(umodsi3.o)
 .debug_aranges
                0x0000000000000358       0x20 /home/jsp/Storage/CFU-Playground/soc/build/digilent_arty.donut-accel/software/libcompiler_rt/libcompiler_rt.a(udivsi3.o)
 .debug_aranges
                0x0000000000000378       0x20 /home/jsp/Storage/CFU-Playground/soc/build/digilent_arty.donut-accel/software/libcompiler_rt/libcompiler_rt.a(divsi3.o)
 .debug_aranges
                0x0000000000000398       0x20 /home/jsp/Storage/CFU-Playground/soc/build/digilent_arty.donut-accel/software/libcompiler_rt/libcompiler_rt.a(comparesf2.o)
 .debug_aranges
                0x00000000000003b8       0x20 /home/jsp/Storage/CFU-Playground/soc/build/digilent_arty.donut-accel/software/libcompiler_rt/libcompiler_rt.a(addsf3.o)
 .debug_aranges
                0x00000000000003d8       0x20 /home/jsp/Storage/CFU-Playground/soc/build/digilent_arty.donut-accel/software/libcompiler_rt/libcompiler_rt.a(subsf3.o)
 .debug_aranges
                0x00000000000003f8       0x20 /home/jsp/Storage/CFU-Playground/soc/build/digilent_arty.donut-accel/software/libcompiler_rt/libcompiler_rt.a(mulsf3.o)
 .debug_aranges
                0x0000000000000418       0x20 /home/jsp/Storage/CFU-Playground/soc/build/digilent_arty.donut-accel/software/libcompiler_rt/libcompiler_rt.a(divsf3.o)
 .debug_aranges
                0x0000000000000438       0x20 /home/jsp/Storage/CFU-Playground/soc/build/digilent_arty.donut-accel/software/libcompiler_rt/libcompiler_rt.a(divdi3.o)
 .debug_aranges
                0x0000000000000458       0x20 /home/jsp/Storage/CFU-Playground/soc/build/digilent_arty.donut-accel/software/libcompiler_rt/libcompiler_rt.a(udivmoddi4.o)
 .debug_aranges
                0x0000000000000478       0x20 /home/jsp/Storage/CFU-Playground/soc/build/digilent_arty.donut-accel/software/libcompiler_rt/libcompiler_rt.a(floatsisf.o)
 .debug_aranges
                0x0000000000000498       0x20 /home/jsp/Storage/CFU-Playground/soc/build/digilent_arty.donut-accel/software/libcompiler_rt/libcompiler_rt.a(fixsfsi.o)
 .debug_aranges
                0x00000000000004b8       0x20 /home/jsp/Storage/CFU-Playground/soc/build/digilent_arty.donut-accel/software/libcompiler_rt/libcompiler_rt.a(clzsi2.o)
 .debug_aranges
                0x00000000000004d8       0x20 /home/jsp/Storage/CFU-Playground/soc/build/digilent_arty.donut-accel/software/libcompiler_rt/libcompiler_rt.a(ctzsi2.o)
 .debug_aranges
                0x00000000000004f8       0x20 /home/jsp/Storage/CFU-Playground/soc/build/digilent_arty.donut-accel/software/libcompiler_rt/libcompiler_rt.a(udivdi3.o)
 .debug_aranges
                0x0000000000000518       0x20 /home/jsp/Storage/CFU-Playground/soc/build/digilent_arty.donut-accel/software/libcompiler_rt/libcompiler_rt.a(umoddi3.o)
 .debug_aranges
                0x0000000000000538       0x20 /home/jsp/Storage/CFU-Playground/soc/build/digilent_arty.donut-accel/software/libcompiler_rt/libcompiler_rt.a(moddi3.o)
 .debug_aranges
                0x0000000000000558       0x18 /home/jsp/Storage/CFU-Playground/soc/build/digilent_arty.donut-accel/software/libc/libc.a(libc_ctype_ctype_.c.o)
 .debug_aranges
                0x0000000000000570       0x30 /home/jsp/Storage/CFU-Playground/soc/build/digilent_arty.donut-accel/software/libc/libc.a(libc_stdlib_strtol.c.o)
 .debug_aranges
                0x00000000000005a0       0x20 /home/jsp/Storage/CFU-Playground/soc/build/digilent_arty.donut-accel/software/libc/libc.a(libc_tinystdio_getchar.c.o)
 .debug_aranges
                0x00000000000005c0       0x20 /home/jsp/Storage/CFU-Playground/soc/build/digilent_arty.donut-accel/software/libc/libc.a(libc_tinystdio_printf.c.o)
 .debug_aranges
                0x00000000000005e0       0x20 /home/jsp/Storage/CFU-Playground/soc/build/digilent_arty.donut-accel/software/libc/libc.a(libc_tinystdio_putchar.c.o)
 .debug_aranges
                0x0000000000000600       0x20 /home/jsp/Storage/CFU-Playground/soc/build/digilent_arty.donut-accel/software/libc/libc.a(libc_tinystdio_puts.c.o)
 .debug_aranges
                0x0000000000000620       0x28 /home/jsp/Storage/CFU-Playground/soc/build/digilent_arty.donut-accel/software/libc/libc.a(libc_tinystdio_vfiprintf.c.o)
 .debug_aranges
                0x0000000000000648       0x20 /home/jsp/Storage/CFU-Playground/soc/build/digilent_arty.donut-accel/software/libc/libc.a(memset.S.o)
 .debug_aranges
                0x0000000000000668       0x20 /home/jsp/Storage/CFU-Playground/soc/build/digilent_arty.donut-accel/software/libc/libc.a(strlen.c.o)
 .debug_aranges
                0x0000000000000688       0x20 /home/jsp/Storage/CFU-Playground/soc/build/digilent_arty.donut-accel/software/libc/libc.a(_libc.a)
 .debug_aranges
                0x00000000000006a8       0x18 /home/jsp/Storage/CFU-Playground/soc/build/digilent_arty.donut-accel/software/libc/libc.a(libc_errno_errno.c.o)
 .debug_aranges
                0x00000000000006c0       0x20 /home/jsp/Storage/CFU-Playground/soc/build/digilent_arty.donut-accel/software/libc/libc.a(libc_string_strnlen.c.o)
 .debug_aranges
                0x00000000000006e0       0x20 /home/jsp/Storage/CFU-Playground/soc/build/digilent_arty.donut-accel/software/libc/libc.a(libc_tinystdio_fgetc.c.o)
 .debug_aranges
                0x0000000000000700       0x20 /home/jsp/Storage/CFU-Playground/soc/build/digilent_arty.donut-accel/software/libc/libc.a(libc_tinystdio_fputc.c.o)

.debug_ranges   0x0000000000000000     0x1050
 .debug_ranges  0x0000000000000000       0x40 src/base.o
 .debug_ranges  0x0000000000000040      0x178 src/benchmarks.o
 .debug_ranges  0x00000000000001b8      0x1a8 src/donut.o
 .debug_ranges  0x0000000000000360       0x10 src/main.o
 .debug_ranges  0x0000000000000370       0x18 src/stdio.o
 .debug_ranges  0x0000000000000388       0x18 src/third_party/embench_iot_v1/embench.o
 .debug_ranges  0x00000000000003a0      0x128 src/functional_cfu_tests.o
 .debug_ranges  0x00000000000004c8       0x70 src/instruction_handler.o
 .debug_ranges  0x0000000000000538       0x98 src/menu.o
 .debug_ranges  0x00000000000005d0       0xf0 src/perf.o
 .debug_ranges  0x00000000000006c0       0x28 src/playground_util/murmurhash.o
 .debug_ranges  0x00000000000006e8      0x180 src/playground_util/util_tests.o
 .debug_ranges  0x0000000000000868      0x228 src/proj_menu.o
 .debug_ranges  0x0000000000000a90       0x10 src/software_cfu.o
 .debug_ranges  0x0000000000000aa0       0x20 src/crt0-vexriscv.o
 .debug_ranges  0x0000000000000ac0       0xa8 /home/jsp/Storage/CFU-Playground/soc/build/digilent_arty.donut-accel/software/libbase/libbase.a(uart.o)
 .debug_ranges  0x0000000000000b68       0x18 /home/jsp/Storage/CFU-Playground/soc/build/digilent_arty.donut-accel/software/libcompiler_rt/libcompiler_rt.a(udivsi3.o)
 .debug_ranges  0x0000000000000b80       0xc8 /home/jsp/Storage/CFU-Playground/soc/build/digilent_arty.donut-accel/software/libcompiler_rt/libcompiler_rt.a(addsf3.o)
 .debug_ranges  0x0000000000000c48      0x138 /home/jsp/Storage/CFU-Playground/soc/build/digilent_arty.donut-accel/software/libcompiler_rt/libcompiler_rt.a(mulsf3.o)
 .debug_ranges  0x0000000000000d80       0x98 /home/jsp/Storage/CFU-Playground/soc/build/digilent_arty.donut-accel/software/libcompiler_rt/libcompiler_rt.a(divsf3.o)
 .debug_ranges  0x0000000000000e18       0x18 /home/jsp/Storage/CFU-Playground/soc/build/digilent_arty.donut-accel/software/libcompiler_rt/libcompiler_rt.a(udivmoddi4.o)
 .debug_ranges  0x0000000000000e30       0x18 /home/jsp/Storage/CFU-Playground/soc/build/digilent_arty.donut-accel/software/libcompiler_rt/libcompiler_rt.a(floatsisf.o)
 .debug_ranges  0x0000000000000e48       0x18 /home/jsp/Storage/CFU-Playground/soc/build/digilent_arty.donut-accel/software/libcompiler_rt/libcompiler_rt.a(fixsfsi.o)
 .debug_ranges  0x0000000000000e60       0x88 /home/jsp/Storage/CFU-Playground/soc/build/digilent_arty.donut-accel/software/libc/libc.a(libc_stdlib_strtol.c.o)
 .debug_ranges  0x0000000000000ee8       0x10 /home/jsp/Storage/CFU-Playground/soc/build/digilent_arty.donut-accel/software/libc/libc.a(libc_tinystdio_getchar.c.o)
 .debug_ranges  0x0000000000000ef8       0x10 /home/jsp/Storage/CFU-Playground/soc/build/digilent_arty.donut-accel/software/libc/libc.a(libc_tinystdio_printf.c.o)
 .debug_ranges  0x0000000000000f08       0x10 /home/jsp/Storage/CFU-Playground/soc/build/digilent_arty.donut-accel/software/libc/libc.a(libc_tinystdio_putchar.c.o)
 .debug_ranges  0x0000000000000f18       0x10 /home/jsp/Storage/CFU-Playground/soc/build/digilent_arty.donut-accel/software/libc/libc.a(libc_tinystdio_puts.c.o)
 .debug_ranges  0x0000000000000f28       0xc8 /home/jsp/Storage/CFU-Playground/soc/build/digilent_arty.donut-accel/software/libc/libc.a(libc_tinystdio_vfiprintf.c.o)
 .debug_ranges  0x0000000000000ff0       0x10 /home/jsp/Storage/CFU-Playground/soc/build/digilent_arty.donut-accel/software/libc/libc.a(strlen.c.o)
 .debug_ranges  0x0000000000001000       0x10 /home/jsp/Storage/CFU-Playground/soc/build/digilent_arty.donut-accel/software/libc/libc.a(libc_string_strnlen.c.o)
 .debug_ranges  0x0000000000001010       0x30 /home/jsp/Storage/CFU-Playground/soc/build/digilent_arty.donut-accel/software/libc/libc.a(libc_tinystdio_fgetc.c.o)
 .debug_ranges  0x0000000000001040       0x10 /home/jsp/Storage/CFU-Playground/soc/build/digilent_arty.donut-accel/software/libc/libc.a(libc_tinystdio_fputc.c.o)

.debug_line     0x0000000000000000    0x134e2
 .debug_line    0x0000000000000000      0x5f5 src/base.o
 .debug_line    0x00000000000005f5      0x99b src/benchmarks.o
 .debug_line    0x0000000000000f90      0xbab src/donut.o
 .debug_line    0x0000000000001b3b       0xe4 src/main.o
 .debug_line    0x0000000000001c1f      0x141 src/stdio.o
 .debug_line    0x0000000000001d60       0x8c src/third_party/embench_iot_v1/embench.o
 .debug_line    0x0000000000001dec      0x86e src/functional_cfu_tests.o
 .debug_line    0x000000000000265a      0x658 src/instruction_handler.o
 .debug_line    0x0000000000002cb2      0x402 src/menu.o
 .debug_line    0x00000000000030b4      0x92d src/perf.o
 .debug_line    0x00000000000039e1      0x50b src/playground_util/murmurhash.o
 .debug_line    0x0000000000003eec      0xb2b src/playground_util/util_tests.o
 .debug_line    0x0000000000004a17      0xa00 src/proj_menu.o
 .debug_line    0x0000000000005417      0x1b6 src/software_cfu.o
 .debug_line    0x00000000000055cd      0x282 src/crt0-vexriscv.o
 .debug_line    0x000000000000584f      0x453 /home/jsp/Storage/CFU-Playground/soc/build/digilent_arty.donut-accel/software/libbase/libbase.a(console.o)
 .debug_line    0x0000000000005ca2      0xabd /home/jsp/Storage/CFU-Playground/soc/build/digilent_arty.donut-accel/software/libbase/libbase.a(uart.o)
 .debug_line    0x000000000000675f      0x4d4 /home/jsp/Storage/CFU-Playground/soc/build/digilent_arty.donut-accel/software/libcompiler_rt/libcompiler_rt.a(umodsi3.o)
 .debug_line    0x0000000000006c33      0x6ae /home/jsp/Storage/CFU-Playground/soc/build/digilent_arty.donut-accel/software/libcompiler_rt/libcompiler_rt.a(udivsi3.o)
 .debug_line    0x00000000000072e1      0x539 /home/jsp/Storage/CFU-Playground/soc/build/digilent_arty.donut-accel/software/libcompiler_rt/libcompiler_rt.a(divsi3.o)
 .debug_line    0x000000000000781a      0x78f /home/jsp/Storage/CFU-Playground/soc/build/digilent_arty.donut-accel/software/libcompiler_rt/libcompiler_rt.a(comparesf2.o)
 .debug_line    0x0000000000007fa9      0xc08 /home/jsp/Storage/CFU-Playground/soc/build/digilent_arty.donut-accel/software/libcompiler_rt/libcompiler_rt.a(addsf3.o)
 .debug_line    0x0000000000008bb1      0x4df /home/jsp/Storage/CFU-Playground/soc/build/digilent_arty.donut-accel/software/libcompiler_rt/libcompiler_rt.a(subsf3.o)
 .debug_line    0x0000000000009090      0xbb5 /home/jsp/Storage/CFU-Playground/soc/build/digilent_arty.donut-accel/software/libcompiler_rt/libcompiler_rt.a(mulsf3.o)
 .debug_line    0x0000000000009c45      0xb44 /home/jsp/Storage/CFU-Playground/soc/build/digilent_arty.donut-accel/software/libcompiler_rt/libcompiler_rt.a(divsf3.o)
 .debug_line    0x000000000000a789      0x59b /home/jsp/Storage/CFU-Playground/soc/build/digilent_arty.donut-accel/software/libcompiler_rt/libcompiler_rt.a(divdi3.o)
 .debug_line    0x000000000000ad24      0xb7d /home/jsp/Storage/CFU-Playground/soc/build/digilent_arty.donut-accel/software/libcompiler_rt/libcompiler_rt.a(udivmoddi4.o)
 .debug_line    0x000000000000b8a1      0x680 /home/jsp/Storage/CFU-Playground/soc/build/digilent_arty.donut-accel/software/libcompiler_rt/libcompiler_rt.a(floatsisf.o)
 .debug_line    0x000000000000bf21      0x5ec /home/jsp/Storage/CFU-Playground/soc/build/digilent_arty.donut-accel/software/libcompiler_rt/libcompiler_rt.a(fixsfsi.o)
 .debug_line    0x000000000000c50d      0x5ef /home/jsp/Storage/CFU-Playground/soc/build/digilent_arty.donut-accel/software/libcompiler_rt/libcompiler_rt.a(clzsi2.o)
 .debug_line    0x000000000000cafc      0x5e1 /home/jsp/Storage/CFU-Playground/soc/build/digilent_arty.donut-accel/software/libcompiler_rt/libcompiler_rt.a(ctzsi2.o)
 .debug_line    0x000000000000d0dd      0x4b6 /home/jsp/Storage/CFU-Playground/soc/build/digilent_arty.donut-accel/software/libcompiler_rt/libcompiler_rt.a(udivdi3.o)
 .debug_line    0x000000000000d593      0x4e4 /home/jsp/Storage/CFU-Playground/soc/build/digilent_arty.donut-accel/software/libcompiler_rt/libcompiler_rt.a(umoddi3.o)
 .debug_line    0x000000000000da77      0x593 /home/jsp/Storage/CFU-Playground/soc/build/digilent_arty.donut-accel/software/libcompiler_rt/libcompiler_rt.a(moddi3.o)
 .debug_line    0x000000000000e00a      0x640 /home/jsp/Storage/CFU-Playground/soc/build/digilent_arty.donut-accel/software/libc/libc.a(libc_ctype_ctype_.c.o)
 .debug_line    0x000000000000e64a      0xb8b /home/jsp/Storage/CFU-Playground/soc/build/digilent_arty.donut-accel/software/libc/libc.a(libc_stdlib_strtol.c.o)
 .debug_line    0x000000000000f1d5      0x3cf /home/jsp/Storage/CFU-Playground/soc/build/digilent_arty.donut-accel/software/libc/libc.a(libc_tinystdio_getchar.c.o)
 .debug_line    0x000000000000f5a4      0x440 /home/jsp/Storage/CFU-Playground/soc/build/digilent_arty.donut-accel/software/libc/libc.a(libc_tinystdio_printf.c.o)
 .debug_line    0x000000000000f9e4      0x3cf /home/jsp/Storage/CFU-Playground/soc/build/digilent_arty.donut-accel/software/libc/libc.a(libc_tinystdio_putchar.c.o)
 .debug_line    0x000000000000fdb3      0x4d2 /home/jsp/Storage/CFU-Playground/soc/build/digilent_arty.donut-accel/software/libc/libc.a(libc_tinystdio_puts.c.o)
 .debug_line    0x0000000000010285     0x1513 /home/jsp/Storage/CFU-Playground/soc/build/digilent_arty.donut-accel/software/libc/libc.a(libc_tinystdio_vfiprintf.c.o)
 .debug_line    0x0000000000011798       0xd8 /home/jsp/Storage/CFU-Playground/soc/build/digilent_arty.donut-accel/software/libc/libc.a(memset.S.o)
 .debug_line    0x0000000000011870      0x489 /home/jsp/Storage/CFU-Playground/soc/build/digilent_arty.donut-accel/software/libc/libc.a(strlen.c.o)
 .debug_line    0x0000000000011cf9      0x6b8 /home/jsp/Storage/CFU-Playground/soc/build/digilent_arty.donut-accel/software/libc/libc.a(_libc.a)
 .debug_line    0x00000000000123b1      0x32e /home/jsp/Storage/CFU-Playground/soc/build/digilent_arty.donut-accel/software/libc/libc.a(libc_errno_errno.c.o)
 .debug_line    0x00000000000126df      0x483 /home/jsp/Storage/CFU-Playground/soc/build/digilent_arty.donut-accel/software/libc/libc.a(libc_string_strnlen.c.o)
 .debug_line    0x0000000000012b62      0x4fb /home/jsp/Storage/CFU-Playground/soc/build/digilent_arty.donut-accel/software/libc/libc.a(libc_tinystdio_fgetc.c.o)
 .debug_line    0x000000000001305d      0x485 /home/jsp/Storage/CFU-Playground/soc/build/digilent_arty.donut-accel/software/libc/libc.a(libc_tinystdio_fputc.c.o)

.debug_str      0x0000000000000000    0x11ab9
 .debug_str     0x0000000000000000      0x170 src/base.o
                                        0x23e (size before relaxing)
 .debug_str     0x0000000000000170       0xd2 src/benchmarks.o
                                        0x263 (size before relaxing)
 .debug_str     0x0000000000000242       0x4f src/donut.o
                                        0x1e9 (size before relaxing)
 .debug_str     0x0000000000000291       0x10 src/main.o
                                        0x1db (size before relaxing)
 .debug_str     0x00000000000002a1       0x1e src/stdio.o
                                        0x195 (size before relaxing)
 .debug_str     0x00000000000002bf       0x3e src/third_party/embench_iot_v1/embench.o
                                        0x1f5 (size before relaxing)
 .debug_str     0x00000000000002fd      0x198 src/functional_cfu_tests.o
                                        0x2e5 (size before relaxing)
 .debug_str     0x0000000000000495      0x17e src/instruction_handler.o
                                        0x3ad (size before relaxing)
 .debug_str     0x0000000000000613       0x53 src/menu.o
                                        0x2aa (size before relaxing)
 .debug_str     0x0000000000000666      0x18f src/perf.o
                                        0x3f2 (size before relaxing)
 .debug_str     0x00000000000007f5       0x4c src/playground_util/murmurhash.o
                                        0x268 (size before relaxing)
 .debug_str     0x0000000000000841      0x4d0 src/playground_util/util_tests.o
                                        0x95a (size before relaxing)
 .debug_str     0x0000000000000d11       0x7b src/proj_menu.o
                                        0x2d2 (size before relaxing)
 .debug_str     0x0000000000000d8c       0x1b src/software_cfu.o
                                        0x1fd (size before relaxing)
 .debug_str     0x0000000000000da7       0x20 src/crt0-vexriscv.o
                                         0x58 (size before relaxing)
 .debug_str     0x0000000000000dc7     0x6ee7 /home/jsp/Storage/CFU-Playground/soc/build/digilent_arty.donut-accel/software/libbase/libbase.a(console.o)
                                       0x708b (size before relaxing)
 .debug_str     0x0000000000007cae      0x23e /home/jsp/Storage/CFU-Playground/soc/build/digilent_arty.donut-accel/software/libbase/libbase.a(uart.o)
                                       0x7261 (size before relaxing)
 .debug_str     0x0000000000007eec     0x2567 /home/jsp/Storage/CFU-Playground/soc/build/digilent_arty.donut-accel/software/libcompiler_rt/libcompiler_rt.a(umodsi3.o)
                                       0x6d2b (size before relaxing)
 .debug_str     0x000000000000a453       0xb3 /home/jsp/Storage/CFU-Playground/soc/build/digilent_arty.donut-accel/software/libcompiler_rt/libcompiler_rt.a(udivsi3.o)
                                       0x6d44 (size before relaxing)
 .debug_str     0x000000000000a506       0x9f /home/jsp/Storage/CFU-Playground/soc/build/digilent_arty.donut-accel/software/libcompiler_rt/libcompiler_rt.a(divsi3.o)
                                       0x6d40 (size before relaxing)
 .debug_str     0x000000000000a5a5      0x373 /home/jsp/Storage/CFU-Playground/soc/build/digilent_arty.donut-accel/software/libcompiler_rt/libcompiler_rt.a(comparesf2.o)
                                       0x7027 (size before relaxing)
 .debug_str     0x000000000000a918      0x138 /home/jsp/Storage/CFU-Playground/soc/build/digilent_arty.donut-accel/software/libcompiler_rt/libcompiler_rt.a(addsf3.o)
                                       0x7027 (size before relaxing)
 .debug_str     0x000000000000aa50       0x8f /home/jsp/Storage/CFU-Playground/soc/build/digilent_arty.donut-accel/software/libcompiler_rt/libcompiler_rt.a(subsf3.o)
                                       0x6f6f (size before relaxing)
 .debug_str     0x000000000000aadf      0x10c /home/jsp/Storage/CFU-Playground/soc/build/digilent_arty.donut-accel/software/libcompiler_rt/libcompiler_rt.a(mulsf3.o)
                                       0x706f (size before relaxing)
 .debug_str     0x000000000000abeb       0xfa /home/jsp/Storage/CFU-Playground/soc/build/digilent_arty.donut-accel/software/libcompiler_rt/libcompiler_rt.a(divsf3.o)
                                       0x7056 (size before relaxing)
 .debug_str     0x000000000000ace5       0xbb /home/jsp/Storage/CFU-Playground/soc/build/digilent_arty.donut-accel/software/libcompiler_rt/libcompiler_rt.a(divdi3.o)
                                       0x6d44 (size before relaxing)
 .debug_str     0x000000000000ada0       0xb7 /home/jsp/Storage/CFU-Playground/soc/build/digilent_arty.donut-accel/software/libcompiler_rt/libcompiler_rt.a(udivmoddi4.o)
                                       0x6d89 (size before relaxing)
 .debug_str     0x000000000000ae57       0xa2 /home/jsp/Storage/CFU-Playground/soc/build/digilent_arty.donut-accel/software/libcompiler_rt/libcompiler_rt.a(floatsisf.o)
                                       0x6f97 (size before relaxing)
 .debug_str     0x000000000000aef9       0xc2 /home/jsp/Storage/CFU-Playground/soc/build/digilent_arty.donut-accel/software/libcompiler_rt/libcompiler_rt.a(fixsfsi.o)
                                       0x6fc4 (size before relaxing)
 .debug_str     0x000000000000afbb       0x8f /home/jsp/Storage/CFU-Playground/soc/build/digilent_arty.donut-accel/software/libcompiler_rt/libcompiler_rt.a(clzsi2.o)
                                       0x6d26 (size before relaxing)
 .debug_str     0x000000000000b04a       0x8f /home/jsp/Storage/CFU-Playground/soc/build/digilent_arty.donut-accel/software/libcompiler_rt/libcompiler_rt.a(ctzsi2.o)
                                       0x6d26 (size before relaxing)
 .debug_str     0x000000000000b0d9       0x90 /home/jsp/Storage/CFU-Playground/soc/build/digilent_arty.donut-accel/software/libcompiler_rt/libcompiler_rt.a(udivdi3.o)
                                       0x6d2e (size before relaxing)
 .debug_str     0x000000000000b169       0x90 /home/jsp/Storage/CFU-Playground/soc/build/digilent_arty.donut-accel/software/libcompiler_rt/libcompiler_rt.a(umoddi3.o)
                                       0x6d2e (size before relaxing)
 .debug_str     0x000000000000b1f9       0x8f /home/jsp/Storage/CFU-Playground/soc/build/digilent_arty.donut-accel/software/libcompiler_rt/libcompiler_rt.a(moddi3.o)
                                       0x6d44 (size before relaxing)
 .debug_str     0x000000000000b288     0x2ab2 /home/jsp/Storage/CFU-Playground/soc/build/digilent_arty.donut-accel/software/libc/libc.a(libc_ctype_ctype_.c.o)
                                       0x90d1 (size before relaxing)
 .debug_str     0x000000000000dd3a      0xddd /home/jsp/Storage/CFU-Playground/soc/build/digilent_arty.donut-accel/software/libc/libc.a(libc_stdlib_strtol.c.o)
                                       0x9b95 (size before relaxing)
 .debug_str     0x000000000000eb17       0x99 /home/jsp/Storage/CFU-Playground/soc/build/digilent_arty.donut-accel/software/libc/libc.a(libc_tinystdio_getchar.c.o)
                                       0x6ca9 (size before relaxing)
 .debug_str     0x000000000000ebb0       0x80 /home/jsp/Storage/CFU-Playground/soc/build/digilent_arty.donut-accel/software/libc/libc.a(libc_tinystdio_printf.c.o)
                                       0x6cd4 (size before relaxing)
 .debug_str     0x000000000000ec30       0x81 /home/jsp/Storage/CFU-Playground/soc/build/digilent_arty.donut-accel/software/libc/libc.a(libc_tinystdio_putchar.c.o)
                                       0x6caa (size before relaxing)
 .debug_str     0x000000000000ecb1      0xad7 /home/jsp/Storage/CFU-Playground/soc/build/digilent_arty.donut-accel/software/libc/libc.a(libc_tinystdio_puts.c.o)
                                       0x8d1a (size before relaxing)
 .debug_str     0x000000000000f788     0x1e9e /home/jsp/Storage/CFU-Playground/soc/build/digilent_arty.donut-accel/software/libc/libc.a(libc_tinystdio_vfiprintf.c.o)
                                       0xb19d (size before relaxing)
 .debug_str     0x0000000000011626       0x90 /home/jsp/Storage/CFU-Playground/soc/build/digilent_arty.donut-accel/software/libc/libc.a(memset.S.o)
                                         0xe3 (size before relaxing)
 .debug_str     0x00000000000116b6      0x167 /home/jsp/Storage/CFU-Playground/soc/build/digilent_arty.donut-accel/software/libc/libc.a(strlen.c.o)
                                       0x68de (size before relaxing)
 .debug_str     0x000000000001181d       0x78 /home/jsp/Storage/CFU-Playground/soc/build/digilent_arty.donut-accel/software/libc/libc.a(_libc.a)
                                       0x93ab (size before relaxing)
 .debug_str     0x0000000000011895       0x7b /home/jsp/Storage/CFU-Playground/soc/build/digilent_arty.donut-accel/software/libc/libc.a(libc_errno_errno.c.o)
                                       0x47a8 (size before relaxing)
 .debug_str     0x0000000000011910       0x8e /home/jsp/Storage/CFU-Playground/soc/build/digilent_arty.donut-accel/software/libc/libc.a(libc_string_strnlen.c.o)
                                       0x5f3a (size before relaxing)
 .debug_str     0x000000000001199e       0x9c /home/jsp/Storage/CFU-Playground/soc/build/digilent_arty.donut-accel/software/libc/libc.a(libc_tinystdio_fgetc.c.o)
                                       0x8d39 (size before relaxing)
 .debug_str     0x0000000000011a3a       0x7f /home/jsp/Storage/CFU-Playground/soc/build/digilent_arty.donut-accel/software/libc/libc.a(libc_tinystdio_fputc.c.o)
                                       0x8d1c (size before relaxing)

.comment        0x0000000000000000       0x3f
 .comment       0x0000000000000000       0x15 src/base.o
                                         0x16 (size before relaxing)
 .comment       0x0000000000000015       0x16 src/benchmarks.o
 .comment       0x0000000000000015       0x16 src/donut.o
 .comment       0x0000000000000015       0x16 src/main.o
 .comment       0x0000000000000015       0x16 src/stdio.o
 .comment       0x0000000000000015       0x16 src/third_party/embench_iot_v1/embench.o
 .comment       0x0000000000000015       0x16 src/functional_cfu_tests.o
 .comment       0x0000000000000015       0x16 src/instruction_handler.o
 .comment       0x0000000000000015       0x16 src/menu.o
 .comment       0x0000000000000015       0x16 src/perf.o
 .comment       0x0000000000000015       0x16 src/playground_util/murmurhash.o
 .comment       0x0000000000000015       0x16 src/playground_util/util_tests.o
 .comment       0x0000000000000015       0x16 src/proj_menu.o
 .comment       0x0000000000000015       0x16 src/software_cfu.o
 .comment       0x0000000000000015       0x2a /home/jsp/Storage/CFU-Playground/soc/build/digilent_arty.donut-accel/software/libbase/libbase.a(console.o)
                                         0x2b (size before relaxing)
 .comment       0x000000000000003f       0x2b /home/jsp/Storage/CFU-Playground/soc/build/digilent_arty.donut-accel/software/libbase/libbase.a(uart.o)
 .comment       0x000000000000003f       0x2b /home/jsp/Storage/CFU-Playground/soc/build/digilent_arty.donut-accel/software/libcompiler_rt/libcompiler_rt.a(umodsi3.o)
 .comment       0x000000000000003f       0x2b /home/jsp/Storage/CFU-Playground/soc/build/digilent_arty.donut-accel/software/libcompiler_rt/libcompiler_rt.a(udivsi3.o)
 .comment       0x000000000000003f       0x2b /home/jsp/Storage/CFU-Playground/soc/build/digilent_arty.donut-accel/software/libcompiler_rt/libcompiler_rt.a(divsi3.o)
 .comment       0x000000000000003f       0x2b /home/jsp/Storage/CFU-Playground/soc/build/digilent_arty.donut-accel/software/libcompiler_rt/libcompiler_rt.a(comparesf2.o)
 .comment       0x000000000000003f       0x2b /home/jsp/Storage/CFU-Playground/soc/build/digilent_arty.donut-accel/software/libcompiler_rt/libcompiler_rt.a(addsf3.o)
 .comment       0x000000000000003f       0x2b /home/jsp/Storage/CFU-Playground/soc/build/digilent_arty.donut-accel/software/libcompiler_rt/libcompiler_rt.a(subsf3.o)
 .comment       0x000000000000003f       0x2b /home/jsp/Storage/CFU-Playground/soc/build/digilent_arty.donut-accel/software/libcompiler_rt/libcompiler_rt.a(mulsf3.o)
 .comment       0x000000000000003f       0x2b /home/jsp/Storage/CFU-Playground/soc/build/digilent_arty.donut-accel/software/libcompiler_rt/libcompiler_rt.a(divsf3.o)
 .comment       0x000000000000003f       0x2b /home/jsp/Storage/CFU-Playground/soc/build/digilent_arty.donut-accel/software/libcompiler_rt/libcompiler_rt.a(divdi3.o)
 .comment       0x000000000000003f       0x2b /home/jsp/Storage/CFU-Playground/soc/build/digilent_arty.donut-accel/software/libcompiler_rt/libcompiler_rt.a(udivmoddi4.o)
 .comment       0x000000000000003f       0x2b /home/jsp/Storage/CFU-Playground/soc/build/digilent_arty.donut-accel/software/libcompiler_rt/libcompiler_rt.a(floatsisf.o)
 .comment       0x000000000000003f       0x2b /home/jsp/Storage/CFU-Playground/soc/build/digilent_arty.donut-accel/software/libcompiler_rt/libcompiler_rt.a(fixsfsi.o)
 .comment       0x000000000000003f       0x2b /home/jsp/Storage/CFU-Playground/soc/build/digilent_arty.donut-accel/software/libcompiler_rt/libcompiler_rt.a(clzsi2.o)
 .comment       0x000000000000003f       0x2b /home/jsp/Storage/CFU-Playground/soc/build/digilent_arty.donut-accel/software/libcompiler_rt/libcompiler_rt.a(ctzsi2.o)
 .comment       0x000000000000003f       0x2b /home/jsp/Storage/CFU-Playground/soc/build/digilent_arty.donut-accel/software/libcompiler_rt/libcompiler_rt.a(udivdi3.o)
 .comment       0x000000000000003f       0x2b /home/jsp/Storage/CFU-Playground/soc/build/digilent_arty.donut-accel/software/libcompiler_rt/libcompiler_rt.a(umoddi3.o)
 .comment       0x000000000000003f       0x2b /home/jsp/Storage/CFU-Playground/soc/build/digilent_arty.donut-accel/software/libcompiler_rt/libcompiler_rt.a(moddi3.o)
 .comment       0x000000000000003f       0x2b /home/jsp/Storage/CFU-Playground/soc/build/digilent_arty.donut-accel/software/libc/libc.a(libc_ctype_ctype_.c.o)
 .comment       0x000000000000003f       0x2b /home/jsp/Storage/CFU-Playground/soc/build/digilent_arty.donut-accel/software/libc/libc.a(libc_stdlib_strtol.c.o)
 .comment       0x000000000000003f       0x2b /home/jsp/Storage/CFU-Playground/soc/build/digilent_arty.donut-accel/software/libc/libc.a(libc_tinystdio_getchar.c.o)
 .comment       0x000000000000003f       0x2b /home/jsp/Storage/CFU-Playground/soc/build/digilent_arty.donut-accel/software/libc/libc.a(libc_tinystdio_printf.c.o)
 .comment       0x000000000000003f       0x2b /home/jsp/Storage/CFU-Playground/soc/build/digilent_arty.donut-accel/software/libc/libc.a(libc_tinystdio_putchar.c.o)
 .comment       0x000000000000003f       0x2b /home/jsp/Storage/CFU-Playground/soc/build/digilent_arty.donut-accel/software/libc/libc.a(libc_tinystdio_puts.c.o)
 .comment       0x000000000000003f       0x2b /home/jsp/Storage/CFU-Playground/soc/build/digilent_arty.donut-accel/software/libc/libc.a(libc_tinystdio_vfiprintf.c.o)
 .comment       0x000000000000003f       0x2b /home/jsp/Storage/CFU-Playground/soc/build/digilent_arty.donut-accel/software/libc/libc.a(strlen.c.o)
 .comment       0x000000000000003f       0x2b /home/jsp/Storage/CFU-Playground/soc/build/digilent_arty.donut-accel/software/libc/libc.a(_libc.a)
 .comment       0x000000000000003f       0x2b /home/jsp/Storage/CFU-Playground/soc/build/digilent_arty.donut-accel/software/libc/libc.a(libc_errno_errno.c.o)
 .comment       0x000000000000003f       0x2b /home/jsp/Storage/CFU-Playground/soc/build/digilent_arty.donut-accel/software/libc/libc.a(libc_string_strnlen.c.o)
 .comment       0x000000000000003f       0x2b /home/jsp/Storage/CFU-Playground/soc/build/digilent_arty.donut-accel/software/libc/libc.a(libc_tinystdio_fgetc.c.o)
 .comment       0x000000000000003f       0x2b /home/jsp/Storage/CFU-Playground/soc/build/digilent_arty.donut-accel/software/libc/libc.a(libc_tinystdio_fputc.c.o)

.riscv.attributes
                0x0000000000000000       0x21
 .riscv.attributes
                0x0000000000000000       0x21 src/base.o
 .riscv.attributes
                0x0000000000000021       0x21 src/benchmarks.o
 .riscv.attributes
                0x0000000000000042       0x21 src/donut.o
 .riscv.attributes
                0x0000000000000063       0x21 src/main.o
 .riscv.attributes
                0x0000000000000084       0x21 src/stdio.o
 .riscv.attributes
                0x00000000000000a5       0x21 src/third_party/embench_iot_v1/embench.o
 .riscv.attributes
                0x00000000000000c6       0x21 src/functional_cfu_tests.o
 .riscv.attributes
                0x00000000000000e7       0x21 src/instruction_handler.o
 .riscv.attributes
                0x0000000000000108       0x21 src/menu.o
 .riscv.attributes
                0x0000000000000129       0x21 src/perf.o
 .riscv.attributes
                0x000000000000014a       0x21 src/playground_util/murmurhash.o
 .riscv.attributes
                0x000000000000016b       0x21 src/playground_util/util_tests.o
 .riscv.attributes
                0x000000000000018c       0x21 src/proj_menu.o
 .riscv.attributes
                0x00000000000001ad       0x21 src/software_cfu.o
 .riscv.attributes
                0x00000000000001ce       0x1f src/crt0-vexriscv.o
 .riscv.attributes
                0x00000000000001ed       0x21 /home/jsp/Storage/CFU-Playground/soc/build/digilent_arty.donut-accel/software/libbase/libbase.a(console.o)
 .riscv.attributes
                0x000000000000020e       0x25 /home/jsp/Storage/CFU-Playground/soc/build/digilent_arty.donut-accel/software/libbase/libbase.a(uart.o)
 .riscv.attributes
                0x0000000000000233       0x21 /home/jsp/Storage/CFU-Playground/soc/build/digilent_arty.donut-accel/software/libcompiler_rt/libcompiler_rt.a(umodsi3.o)
 .riscv.attributes
                0x0000000000000254       0x21 /home/jsp/Storage/CFU-Playground/soc/build/digilent_arty.donut-accel/software/libcompiler_rt/libcompiler_rt.a(udivsi3.o)
 .riscv.attributes
                0x0000000000000275       0x21 /home/jsp/Storage/CFU-Playground/soc/build/digilent_arty.donut-accel/software/libcompiler_rt/libcompiler_rt.a(divsi3.o)
 .riscv.attributes
                0x0000000000000296       0x21 /home/jsp/Storage/CFU-Playground/soc/build/digilent_arty.donut-accel/software/libcompiler_rt/libcompiler_rt.a(comparesf2.o)
 .riscv.attributes
                0x00000000000002b7       0x21 /home/jsp/Storage/CFU-Playground/soc/build/digilent_arty.donut-accel/software/libcompiler_rt/libcompiler_rt.a(addsf3.o)
 .riscv.attributes
                0x00000000000002d8       0x21 /home/jsp/Storage/CFU-Playground/soc/build/digilent_arty.donut-accel/software/libcompiler_rt/libcompiler_rt.a(subsf3.o)
 .riscv.attributes
                0x00000000000002f9       0x21 /home/jsp/Storage/CFU-Playground/soc/build/digilent_arty.donut-accel/software/libcompiler_rt/libcompiler_rt.a(mulsf3.o)
 .riscv.attributes
                0x000000000000031a       0x21 /home/jsp/Storage/CFU-Playground/soc/build/digilent_arty.donut-accel/software/libcompiler_rt/libcompiler_rt.a(divsf3.o)
 .riscv.attributes
                0x000000000000033b       0x21 /home/jsp/Storage/CFU-Playground/soc/build/digilent_arty.donut-accel/software/libcompiler_rt/libcompiler_rt.a(divdi3.o)
 .riscv.attributes
                0x000000000000035c       0x21 /home/jsp/Storage/CFU-Playground/soc/build/digilent_arty.donut-accel/software/libcompiler_rt/libcompiler_rt.a(udivmoddi4.o)
 .riscv.attributes
                0x000000000000037d       0x21 /home/jsp/Storage/CFU-Playground/soc/build/digilent_arty.donut-accel/software/libcompiler_rt/libcompiler_rt.a(floatsisf.o)
 .riscv.attributes
                0x000000000000039e       0x21 /home/jsp/Storage/CFU-Playground/soc/build/digilent_arty.donut-accel/software/libcompiler_rt/libcompiler_rt.a(fixsfsi.o)
 .riscv.attributes
                0x00000000000003bf       0x21 /home/jsp/Storage/CFU-Playground/soc/build/digilent_arty.donut-accel/software/libcompiler_rt/libcompiler_rt.a(clzsi2.o)
 .riscv.attributes
                0x00000000000003e0       0x21 /home/jsp/Storage/CFU-Playground/soc/build/digilent_arty.donut-accel/software/libcompiler_rt/libcompiler_rt.a(ctzsi2.o)
 .riscv.attributes
                0x0000000000000401       0x21 /home/jsp/Storage/CFU-Playground/soc/build/digilent_arty.donut-accel/software/libcompiler_rt/libcompiler_rt.a(udivdi3.o)
 .riscv.attributes
                0x0000000000000422       0x21 /home/jsp/Storage/CFU-Playground/soc/build/digilent_arty.donut-accel/software/libcompiler_rt/libcompiler_rt.a(umoddi3.o)
 .riscv.attributes
                0x0000000000000443       0x21 /home/jsp/Storage/CFU-Playground/soc/build/digilent_arty.donut-accel/software/libcompiler_rt/libcompiler_rt.a(moddi3.o)
 .riscv.attributes
                0x0000000000000464       0x21 /home/jsp/Storage/CFU-Playground/soc/build/digilent_arty.donut-accel/software/libc/libc.a(libc_ctype_ctype_.c.o)
 .riscv.attributes
                0x0000000000000485       0x21 /home/jsp/Storage/CFU-Playground/soc/build/digilent_arty.donut-accel/software/libc/libc.a(libc_stdlib_strtol.c.o)
 .riscv.attributes
                0x00000000000004a6       0x21 /home/jsp/Storage/CFU-Playground/soc/build/digilent_arty.donut-accel/software/libc/libc.a(libc_tinystdio_getchar.c.o)
 .riscv.attributes
                0x00000000000004c7       0x21 /home/jsp/Storage/CFU-Playground/soc/build/digilent_arty.donut-accel/software/libc/libc.a(libc_tinystdio_printf.c.o)
 .riscv.attributes
                0x00000000000004e8       0x21 /home/jsp/Storage/CFU-Playground/soc/build/digilent_arty.donut-accel/software/libc/libc.a(libc_tinystdio_putchar.c.o)
 .riscv.attributes
                0x0000000000000509       0x21 /home/jsp/Storage/CFU-Playground/soc/build/digilent_arty.donut-accel/software/libc/libc.a(libc_tinystdio_puts.c.o)
 .riscv.attributes
                0x000000000000052a       0x21 /home/jsp/Storage/CFU-Playground/soc/build/digilent_arty.donut-accel/software/libc/libc.a(libc_tinystdio_vfiprintf.c.o)
 .riscv.attributes
                0x000000000000054b       0x1f /home/jsp/Storage/CFU-Playground/soc/build/digilent_arty.donut-accel/software/libc/libc.a(memset.S.o)
 .riscv.attributes
                0x000000000000056a       0x21 /home/jsp/Storage/CFU-Playground/soc/build/digilent_arty.donut-accel/software/libc/libc.a(strlen.c.o)
 .riscv.attributes
                0x000000000000058b       0x21 /home/jsp/Storage/CFU-Playground/soc/build/digilent_arty.donut-accel/software/libc/libc.a(_libc.a)
 .riscv.attributes
                0x00000000000005ac       0x21 /home/jsp/Storage/CFU-Playground/soc/build/digilent_arty.donut-accel/software/libc/libc.a(libc_errno_errno.c.o)
 .riscv.attributes
                0x00000000000005cd       0x21 /home/jsp/Storage/CFU-Playground/soc/build/digilent_arty.donut-accel/software/libc/libc.a(libc_string_strnlen.c.o)
 .riscv.attributes
                0x00000000000005ee       0x21 /home/jsp/Storage/CFU-Playground/soc/build/digilent_arty.donut-accel/software/libc/libc.a(libc_tinystdio_fgetc.c.o)
 .riscv.attributes
                0x000000000000060f       0x21 /home/jsp/Storage/CFU-Playground/soc/build/digilent_arty.donut-accel/software/libc/libc.a(libc_tinystdio_fputc.c.o)

.debug_frame    0x0000000000000000      0x7c0
 .debug_frame   0x0000000000000000       0x70 src/base.o
 .debug_frame   0x0000000000000070       0xd4 src/benchmarks.o
 .debug_frame   0x0000000000000144       0x60 src/donut.o
 .debug_frame   0x00000000000001a4       0x2c src/main.o
 .debug_frame   0x00000000000001d0       0x4c src/stdio.o
 .debug_frame   0x000000000000021c       0x30 src/third_party/embench_iot_v1/embench.o
 .debug_frame   0x000000000000024c       0xd0 src/functional_cfu_tests.o
 .debug_frame   0x000000000000031c       0xdc src/instruction_handler.o
 .debug_frame   0x00000000000003f8       0x60 src/menu.o
 .debug_frame   0x0000000000000458      0x128 src/perf.o
 .debug_frame   0x0000000000000580       0x20 src/playground_util/murmurhash.o
 .debug_frame   0x00000000000005a0       0xb0 src/playground_util/util_tests.o
 .debug_frame   0x0000000000000650      0x150 src/proj_menu.o
 .debug_frame   0x00000000000007a0       0x20 src/software_cfu.o

.debug_macro    0x0000000000000000     0x7a73
 .debug_macro   0x0000000000000000       0xa4 /home/jsp/Storage/CFU-Playground/soc/build/digilent_arty.donut-accel/software/libbase/libbase.a(console.o)
 .debug_macro   0x00000000000000a4      0x74e /home/jsp/Storage/CFU-Playground/soc/build/digilent_arty.donut-accel/software/libbase/libbase.a(console.o)
 .debug_macro   0x00000000000007f2       0x16 /home/jsp/Storage/CFU-Playground/soc/build/digilent_arty.donut-accel/software/libbase/libbase.a(console.o)
 .debug_macro   0x0000000000000808       0x16 /home/jsp/Storage/CFU-Playground/soc/build/digilent_arty.donut-accel/software/libbase/libbase.a(console.o)
 .debug_macro   0x000000000000081e       0x76 /home/jsp/Storage/CFU-Playground/soc/build/digilent_arty.donut-accel/software/libbase/libbase.a(console.o)
 .debug_macro   0x0000000000000894      0x4fe /home/jsp/Storage/CFU-Playground/soc/build/digilent_arty.donut-accel/software/libbase/libbase.a(console.o)
 .debug_macro   0x0000000000000d92       0x8e /home/jsp/Storage/CFU-Playground/soc/build/digilent_arty.donut-accel/software/libbase/libbase.a(console.o)
 .debug_macro   0x0000000000000e20       0x51 /home/jsp/Storage/CFU-Playground/soc/build/digilent_arty.donut-accel/software/libbase/libbase.a(console.o)
 .debug_macro   0x0000000000000e71      0x103 /home/jsp/Storage/CFU-Playground/soc/build/digilent_arty.donut-accel/software/libbase/libbase.a(console.o)
 .debug_macro   0x0000000000000f74       0x6a /home/jsp/Storage/CFU-Playground/soc/build/digilent_arty.donut-accel/software/libbase/libbase.a(console.o)
 .debug_macro   0x0000000000000fde      0x1df /home/jsp/Storage/CFU-Playground/soc/build/digilent_arty.donut-accel/software/libbase/libbase.a(console.o)
 .debug_macro   0x00000000000011bd       0x22 /home/jsp/Storage/CFU-Playground/soc/build/digilent_arty.donut-accel/software/libbase/libbase.a(console.o)
 .debug_macro   0x00000000000011df       0x1c /home/jsp/Storage/CFU-Playground/soc/build/digilent_arty.donut-accel/software/libbase/libbase.a(console.o)
 .debug_macro   0x00000000000011fb       0x30 /home/jsp/Storage/CFU-Playground/soc/build/digilent_arty.donut-accel/software/libbase/libbase.a(console.o)
 .debug_macro   0x000000000000122b      0x571 /home/jsp/Storage/CFU-Playground/soc/build/digilent_arty.donut-accel/software/libbase/libbase.a(console.o)
 .debug_macro   0x000000000000179c       0xc1 /home/jsp/Storage/CFU-Playground/soc/build/digilent_arty.donut-accel/software/libbase/libbase.a(uart.o)
 .debug_macro   0x000000000000185d       0xd4 /home/jsp/Storage/CFU-Playground/soc/build/digilent_arty.donut-accel/software/libcompiler_rt/libcompiler_rt.a(umodsi3.o)
 .debug_macro   0x0000000000001931      0x75a /home/jsp/Storage/CFU-Playground/soc/build/digilent_arty.donut-accel/software/libcompiler_rt/libcompiler_rt.a(umodsi3.o)
 .debug_macro   0x000000000000208b       0x34 /home/jsp/Storage/CFU-Playground/soc/build/digilent_arty.donut-accel/software/libcompiler_rt/libcompiler_rt.a(umodsi3.o)
 .debug_macro   0x00000000000020bf       0x94 /home/jsp/Storage/CFU-Playground/soc/build/digilent_arty.donut-accel/software/libcompiler_rt/libcompiler_rt.a(umodsi3.o)
 .debug_macro   0x0000000000002153      0x16d /home/jsp/Storage/CFU-Playground/soc/build/digilent_arty.donut-accel/software/libcompiler_rt/libcompiler_rt.a(umodsi3.o)
 .debug_macro   0x00000000000022c0      0x374 /home/jsp/Storage/CFU-Playground/soc/build/digilent_arty.donut-accel/software/libcompiler_rt/libcompiler_rt.a(umodsi3.o)
 .debug_macro   0x0000000000002634       0x7c /home/jsp/Storage/CFU-Playground/soc/build/digilent_arty.donut-accel/software/libcompiler_rt/libcompiler_rt.a(umodsi3.o)
 .debug_macro   0x00000000000026b0       0x10 /home/jsp/Storage/CFU-Playground/soc/build/digilent_arty.donut-accel/software/libcompiler_rt/libcompiler_rt.a(umodsi3.o)
 .debug_macro   0x00000000000026c0      0x11e /home/jsp/Storage/CFU-Playground/soc/build/digilent_arty.donut-accel/software/libcompiler_rt/libcompiler_rt.a(umodsi3.o)
 .debug_macro   0x00000000000027de       0x22 /home/jsp/Storage/CFU-Playground/soc/build/digilent_arty.donut-accel/software/libcompiler_rt/libcompiler_rt.a(umodsi3.o)
 .debug_macro   0x0000000000002800      0x183 /home/jsp/Storage/CFU-Playground/soc/build/digilent_arty.donut-accel/software/libcompiler_rt/libcompiler_rt.a(umodsi3.o)
 .debug_macro   0x0000000000002983       0x16 /home/jsp/Storage/CFU-Playground/soc/build/digilent_arty.donut-accel/software/libcompiler_rt/libcompiler_rt.a(umodsi3.o)
 .debug_macro   0x0000000000002999       0x12 /home/jsp/Storage/CFU-Playground/soc/build/digilent_arty.donut-accel/software/libcompiler_rt/libcompiler_rt.a(umodsi3.o)
 .debug_macro   0x00000000000029ab       0x22 /home/jsp/Storage/CFU-Playground/soc/build/digilent_arty.donut-accel/software/libcompiler_rt/libcompiler_rt.a(umodsi3.o)
 .debug_macro   0x00000000000029cd       0xd4 /home/jsp/Storage/CFU-Playground/soc/build/digilent_arty.donut-accel/software/libcompiler_rt/libcompiler_rt.a(udivsi3.o)
 .debug_macro   0x0000000000002aa1       0xd4 /home/jsp/Storage/CFU-Playground/soc/build/digilent_arty.donut-accel/software/libcompiler_rt/libcompiler_rt.a(divsi3.o)
 .debug_macro   0x0000000000002b75       0xf3 /home/jsp/Storage/CFU-Playground/soc/build/digilent_arty.donut-accel/software/libcompiler_rt/libcompiler_rt.a(comparesf2.o)
 .debug_macro   0x0000000000002c68       0x6b /home/jsp/Storage/CFU-Playground/soc/build/digilent_arty.donut-accel/software/libcompiler_rt/libcompiler_rt.a(comparesf2.o)
 .debug_macro   0x0000000000002cd3       0xf7 /home/jsp/Storage/CFU-Playground/soc/build/digilent_arty.donut-accel/software/libcompiler_rt/libcompiler_rt.a(addsf3.o)
 .debug_macro   0x0000000000002dca       0xf3 /home/jsp/Storage/CFU-Playground/soc/build/digilent_arty.donut-accel/software/libcompiler_rt/libcompiler_rt.a(subsf3.o)
 .debug_macro   0x0000000000002ebd       0xf7 /home/jsp/Storage/CFU-Playground/soc/build/digilent_arty.donut-accel/software/libcompiler_rt/libcompiler_rt.a(mulsf3.o)
 .debug_macro   0x0000000000002fb4       0xf3 /home/jsp/Storage/CFU-Playground/soc/build/digilent_arty.donut-accel/software/libcompiler_rt/libcompiler_rt.a(divsf3.o)
 .debug_macro   0x00000000000030a7       0xd4 /home/jsp/Storage/CFU-Playground/soc/build/digilent_arty.donut-accel/software/libcompiler_rt/libcompiler_rt.a(divdi3.o)
 .debug_macro   0x000000000000317b       0xd4 /home/jsp/Storage/CFU-Playground/soc/build/digilent_arty.donut-accel/software/libcompiler_rt/libcompiler_rt.a(udivmoddi4.o)
 .debug_macro   0x000000000000324f       0xf3 /home/jsp/Storage/CFU-Playground/soc/build/digilent_arty.donut-accel/software/libcompiler_rt/libcompiler_rt.a(floatsisf.o)
 .debug_macro   0x0000000000003342       0xf7 /home/jsp/Storage/CFU-Playground/soc/build/digilent_arty.donut-accel/software/libcompiler_rt/libcompiler_rt.a(fixsfsi.o)
 .debug_macro   0x0000000000003439       0xd4 /home/jsp/Storage/CFU-Playground/soc/build/digilent_arty.donut-accel/software/libcompiler_rt/libcompiler_rt.a(clzsi2.o)
 .debug_macro   0x000000000000350d       0xd4 /home/jsp/Storage/CFU-Playground/soc/build/digilent_arty.donut-accel/software/libcompiler_rt/libcompiler_rt.a(ctzsi2.o)
 .debug_macro   0x00000000000035e1       0xd4 /home/jsp/Storage/CFU-Playground/soc/build/digilent_arty.donut-accel/software/libcompiler_rt/libcompiler_rt.a(udivdi3.o)
 .debug_macro   0x00000000000036b5       0xd4 /home/jsp/Storage/CFU-Playground/soc/build/digilent_arty.donut-accel/software/libcompiler_rt/libcompiler_rt.a(umoddi3.o)
 .debug_macro   0x0000000000003789       0xd4 /home/jsp/Storage/CFU-Playground/soc/build/digilent_arty.donut-accel/software/libcompiler_rt/libcompiler_rt.a(moddi3.o)
 .debug_macro   0x000000000000385d      0x1fd /home/jsp/Storage/CFU-Playground/soc/build/digilent_arty.donut-accel/software/libc/libc.a(libc_ctype_ctype_.c.o)
 .debug_macro   0x0000000000003a5a      0x772 /home/jsp/Storage/CFU-Playground/soc/build/digilent_arty.donut-accel/software/libc/libc.a(libc_ctype_ctype_.c.o)
 .debug_macro   0x00000000000041cc       0x27 /home/jsp/Storage/CFU-Playground/soc/build/digilent_arty.donut-accel/software/libc/libc.a(libc_ctype_ctype_.c.o)